01-02 22:29:55.669   146   146 D ALSAStreamOps: set : set format to 1 (1)
01-02 22:29:55.669   146   146 D ALSAStreamOps: set() -- OUT
01-02 22:29:55.669   146   146 D AudioHardwareALSA: openOutputStream: output created with status=0
01-02 22:29:55.669   146   146 D ALSAStreamOps: getBufferSize: latency = 96000 divider = 4
01-02 22:29:55.669   146   146 D ALSAStreamOps: getBufferSize: 4608 (in bytes) for output stream
01-02 22:29:55.669   146   146 I AudioFlinger: HAL output buffer size 1152 frames, normal mix buffer size 1152 frames
01-02 22:29:55.669   146   146 I AudioMixer: found effect "Multichannel Downmix To Stereo" from The Android Open Source Project
01-02 22:29:55.669   146   146 D ALSAStreamOps: getBufferSize: latency = 96000 divider = 4
01-02 22:29:55.669   146   146 D ALSAStreamOps: getBufferSize: 4608 (in bytes) for output stream
01-02 22:29:55.669   146   348 I AudioFlinger: AudioFlinger's thread 0x42bd7240 ready to run
01-02 22:29:55.669   146   348 W AudioFlinger: Thread AudioOut_3 cannot connect to the power manager service
01-02 22:29:55.669   146   348 D AudioFlinger: reconfig due to o/p flag ?
01-02 22:29:55.669   146   348 D AudioHardwareALSA: setStreamParameters: key value pair routing=2;stream_flags=8
01-02 22:29:55.669   146   348 D RouteManager: setOutputFlags: output flags = 0x8 (Prev Flags=0x0)
01-02 22:29:55.669   146   348 D RouteManager: setDevices: set device = IHF to output stream
01-02 22:29:55.669   146   348 D RouteManager: setStreamParameters: identical Platform State, do not reconsider routing
01-02 22:29:55.669   146   146 I AudioPolicyManagerBase: AudioPolicyManagerBase: i = 1 mHwModules.size() 5, mHwModules[i]->mName a2dp
01-02 22:29:55.679   146   146 I audio_a2dp_hw: adev_open:  adev_open in A2dp_hw module
01-02 22:29:55.679   146   146 I AudioFlinger: loadHwModule() Loaded a2dp audio interface from A2DP Audio HW HAL (audio) handle 4
01-02 22:29:55.679   146   146 I AudioPolicyManagerBase: The mHwModules[1]->mHandle = 4
01-02 22:29:55.679   146   146 I AudioPolicyManagerBase: AudioPolicyManagerBase: i = 2 mHwModules.size() 5, mHwModules[i]->mName hdmi
01-02 22:29:55.679   146   146 I AudioFlinger: loadHwModule() Loaded hdmi audio interface from tiny_hdmi audio HW HAL (audio) handle 5
01-02 22:29:55.679   146   146 I AudioPolicyManagerBase: The mHwModules[2]->mHandle = 5
01-02 22:29:55.679   146   146 I AudioPolicyManagerBase: AudioPolicyManagerBase: i = 3 mHwModules.size() 5, mHwModules[i]->mName r_submix
01-02 22:29:55.679   146   146 I r_submix: adev_open(name=audio_hw_if)
01-02 22:29:55.679   146   146 I r_submix: adev_init_check()
01-02 22:29:55.679   146   146 I AudioFlinger: loadHwModule() Loaded r_submix audio interface from Wifi Display audio HAL (audio) handle 6
01-02 22:29:55.679   146   146 I AudioPolicyManagerBase: The mHwModules[3]->mHandle = 6
01-02 22:29:55.679   146   146 I AudioPolicyManagerBase: AudioPolicyManagerBase: i = 4 mHwModules.size() 5, mHwModules[i]->mName usb
01-02 22:29:55.679   146   146 I AudioFlinger: loadHwModule() Loaded usb audio interface from USB audio HW HAL (audio) handle 7
01-02 22:29:55.679   146   146 I AudioPolicyManagerBase: The mHwModules[4]->mHandle = 7
01-02 22:29:55.679   146   146 D AudioPolicyManagerALSA: AudioPolicyManagerALSA- mVoiceVolumeAppliedAfterMixInComm = 0
01-02 22:29:55.679   146   146 D AudioPolicyManagerALSA: AudioPolicyManagerALSA- mInCallMusicAttenuation_dB = 6
01-02 22:29:55.679   146   146 I AudioPolicyService: Loaded audio policy from LEGACY Audio Policy HAL (audio_policy)
01-02 22:29:55.679   139   139 D dalvikvm: DexOpt: --- BEGIN 'core.jar' (bootstrap=1) ---
01-02 22:29:55.749   150   166 E RIL_USI : queueRunner() Failed to open AT channel /dev/ttyUSB1 (No such file or directory), retrying in 1.
01-02 22:29:55.749   150   166 I RIL_USI : setRadioState() oldState=RADIO_STATE_OFF newState=RADIO_STATE_OFF
01-02 22:29:55.799    71    71 I KERNEL  : [   14.110077] bq24192 1-006b: bq24192_enable_charger:1173 1
01-02 22:29:55.809    71    71 I KERNEL  : [   14.116553] bq24192 1-006b: enable charging = 1
01-02 22:29:55.819    71    71 I KERNEL  : [   14.125714] bq24192 1-006b: bq24192_set_inlmt:1202 500
01-02 22:29:55.819    71    71 I KERNEL  : [   14.133160] bq24192 1-006b: WA for inlmt  0x54........
01-02 22:29:55.829   395   395 E ProbeModule: validate_module: cannot find module's dependency info: [net-pf-16-proto-5]
01-02 22:29:55.829   137   137 E Netd    : Unable to create netlink socket: Protocol not supported
01-02 22:29:55.829   137   137 E Netd    : Unable to open quota2 logging socket
01-02 22:29:55.829    71    71 I KERNEL  : [   14.140431] bq24192 1-006b: bq24192_set_iterm ITERM set for >128mA
01-02 22:29:55.839   137   137 D MDnsDS  : MDnsSdListener::Hander starting up
01-02 22:29:55.839   137   397 D MDnsDS  : MDnsSdListener starting to monitor
01-02 22:29:55.839   137   397 D MDnsDS  : Going to poll with pollCount 1
01-02 22:29:55.879   351   351 D dalvikvm: Ignoring duplicate verify attempt on Ljava/lang/Object;
01-02 22:29:56.009   143   180 I KERNEL  : 
01-02 22:29:56.009   143   180 I KERNEL  : [   14.317692] [drm] clat080wq0B_disenable_power 
01-02 22:29:56.059   143   180 I KERNEL  : [   14.365393] [drm] clat080wq0B_reset 
01-02 22:29:56.099   143   180 I KERNEL  : [   14.405383] pmic_reset
01-02 22:29:56.149   143   180 I KERNEL  : [   14.457121] [drm] samsung_lsl080al02_enable 
01-02 22:29:56.349    76    76 I KERNEL  : [   14.664250] bq24192 1-006b: bq24192_set_cc:1182 1500
01-02 22:29:56.369    76    76 I KERNEL  : [   14.671262] bq24192 1-006b: bq24192_set_cv:1192 4350
01-02 22:29:56.369    76    76 I KERNEL  : [   14.679774] bq24192 1-006b: bq24192_enable_charger:1173 1
01-02 22:29:56.389    76    76 I KERNEL  : [   14.686161] bq24192 1-006b: enable charging = 1
01-02 22:29:56.389    76    76 I KERNEL  : [   14.695124] bq24192 1-006b: enable charging = 1
01-02 22:29:56.389    76    76 I KERNEL  : [   14.704078] bq24192 1-006b: bq24192_enable_hw_term
01-02 22:29:56.399    76    76 I KERNEL  : [   14.713093] get_battery_status: Set status=1 for bq27441
01-02 22:29:56.409    76    76 I KERNEL  : [   14.724151] bq24192 1-006b: bq24192_set_cc:1182 1500
01-02 22:29:56.429    76    76 I KERNEL  : [   14.731308] bq24192 1-006b: bq24192_set_cv:1192 4350
01-02 22:29:56.429    76    76 I KERNEL  : [   14.740933] get_battery_status: Set status=1 for bq27441
01-02 22:29:56.449    71    71 I KERNEL  : [   14.755977] bq24192 1-006b: bq24192_set_cc:1182 1500
01-02 22:29:56.449    71    71 I KERNEL  : [   14.762978] bq24192 1-006b: bq24192_set_cv:1192 4350
01-02 22:29:56.459    71    71 I KERNEL  : [   14.772648] get_battery_status: Set status=1 for bq27441
01-02 22:29:56.519   351   351 D dalvikvm: Ignoring duplicate verify attempt on Ljava/lang/Class;
01-02 22:29:56.529   351   351 D dalvikvm: Ignoring duplicate verify attempt on Ljava/lang/ref/Reference;
01-02 22:29:56.529   351   351 D dalvikvm: Ignoring duplicate verify attempt on Ljava/lang/ref/ReferenceQueue;
01-02 22:29:56.539   351   351 D dalvikvm: Ignoring duplicate verify attempt on Ljava/lang/ref/FinalizerReference;
01-02 22:29:56.659   143   180 I KERNEL  : [   14.974249] 
01-02 22:29:56.669   143   180 I KERNEL  : [   14.974257] [bug 98]: drm_helper_disable_unused_functions is called.
01-02 22:29:56.669   143   180 I KERNEL  : [   14.981703] [drm:do_intel_finish_page_flip] *ERROR* invalid or inactive unpin_work work=0x0!
01-02 22:29:56.679   143   180 I ivpg-hwc: Get Display Config: Display 0... ret:0, numConfigs:1
01-02 22:29:56.679   143   180 D ivpg-gralloc: perform(): display:0 width:800 height:1280 xdpi:189906 ydpi:189023
01-02 22:29:56.679   143   180 I ivpg-hwc: Get Display Config: Display 1 does not exist
01-02 22:29:56.679   143   180 W SurfaceFlinger: no suitable EGLConfig found, trying without EGL_FRAMEBUFFER_TARGET_ANDROID
01-02 22:29:56.679   143   180 W SurfaceFlinger: no suitable EGLConfig found, trying without EGL_RECORDABLE_ANDROID
01-02 22:29:56.679   146   146 I ivpg-hwinfo: Device ID = 0F31
01-02 22:29:56.679   143   180 D         : droid_create_context : config id = 3 conf->NativeVisualID=5
01-02 22:29:56.679   143   180 D         : Pixel Format : GGL_PIXEL_FORMAT_BGRA_8888
01-02 22:29:56.679   143   180 I         : Requested context : GLES 1.1.
01-02 22:29:56.679   146   146 I ivpg-hwinfo: KMD PPGTT support = 0
01-02 22:29:56.679   146   146 I ivpg-hwinfo: Processors = 4, Cores = 2
01-02 22:29:56.699   146   146 I WidiSessionManager: bool intel::widi::instantiate()
01-02 22:29:56.709   143   180 D         : KMD context support not available
01-02 22:29:56.749   150   166 E RIL_USI : queueRunner() Failed to open AT channel /dev/ttyUSB1 (No such file or directory), retrying in 1.
01-02 22:29:56.749   143   180 D         : Pixel Format : GGL_PIXEL_FORMAT_BGRA_8888
01-02 22:29:56.749   143   180 I SurfaceFlinger: EGL informations:
01-02 22:29:56.749   143   180 I SurfaceFlinger: vendor    : Android
01-02 22:29:56.749   143   180 I SurfaceFlinger: version   : 1.4 Android META-EGL
01-02 22:29:56.749   143   180 I SurfaceFlinger: extensions: EGL_KHR_image EGL_KHR_image_base EGL_KHR_image_pixmap EGL_KHR_gl_texture_2D_image EGL_KHR_gl_texture_cubemap_image EGL_KHR_gl_renderbuffer_image EGL_KHR_fence_sync EGL_EXT_create_context_robustness EGL_ANDROID_image_native_buffer 
01-02 22:29:56.749   143   180 I SurfaceFlinger: Client API: OpenGL_ES
01-02 22:29:56.749   143   180 I SurfaceFlinger: EGLSurface: 8-8-8-8, config=0x4076ad00
01-02 22:29:56.749   143   180 I SurfaceFlinger: OpenGL ES informations:
01-02 22:29:56.749   143   180 I SurfaceFlinger: vendor    : Intel
01-02 22:29:56.749   143   180 I SurfaceFlinger: renderer  : Intel(R) HD Graphics for BayTrail
01-02 22:29:56.749   143   180 I SurfaceFlinger: version   : OpenGL ES-CM 1.1
01-02 22:29:56.749   143   180 I SurfaceFlinger: extensions: GL_EXT_debug_marker GL_EXT_blend_minmax GL_EXT_separate_specular_color GL_EXT_multi_draw_arrays GL_SUN_multi_draw_arrays GL_EXT_texture_filter_anisotropic GL_EXT_texture_compression_s3tc GL_EXT_texture_lod_bias GL_EXT_packed_float GL_INTEL_performance_queries GL_OES_EGL_image GL_OES_framebuffer_object GL_OES_depth24 GL_OES_stencil8 GL_OES_packed_depth_stencil GL_OES_rgb8_rgba8 GL_ARM_rgba8 GL_OES_depth_texture GL_OES_byte_coordinates GL_OES_point_sprite GL_OES_point_size_array GL_OES_blend_subtract GL_OES_blend_func_separate GL_OES_blend_equation_separate GL_OES_single_precision GL_OES_matrix_get GL_OES_read_format GL_OES_mapbuffer GL_EXT_discard_framebuffer GL_EXT_texture_format_BGRA8888 GL_OES_compressed_paletted_texture GL_OES_EGL_image_external GL_OES_compressed_ETC1_RGB8_texture GL_OES_fixed_point GL_OES_draw_texture GL_OES_vertex_array_object GL_OES_texture_3D GL_OES_texture_cube_map GL_OES_fbo_render_mipmap GL_OES_stencil_wrap GL_OES_element_index_uint GL_OES_texture_npot GL_OES_texture_mi
01-02 22:29:56.749   143   180 I SurfaceFlinger: GL_MAX_TEXTURE_SIZE = 8192
01-02 22:29:56.749   143   180 I SurfaceFlinger: GL_MAX_VIEWPORT_DIMS = 16384 x 16384
01-02 22:29:56.749   143   180 D SurfaceFlinger: Screen acquired, type=0 flinger=0x407c76a0
01-02 22:29:56.749   150   166 I RIL_USI : setRadioState() oldState=RADIO_STATE_OFF newState=RADIO_STATE_OFF
01-02 22:29:56.759   143   180 W ivpg-hwc: BufferQueue 0x41743d84/HWC.D3/OV0 : Drop sync for initial frame (idx:0)
01-02 22:29:56.809   403   407 D libEGL  : loaded /system/lib/egl/libGLES_intel7.so
01-02 22:29:56.819   403   407 I ivpg-hwinfo: Device ID = 0F31
01-02 22:29:56.819   403   407 I ivpg-hwinfo: KMD PPGTT support = 0
01-02 22:29:56.819   403   407 I ivpg-hwinfo: Processors = 4, Cores = 2
01-02 22:29:56.819   403   407 I ivpg-gralloc: initialized
01-02 22:29:56.819   403   407 D         : Pixel Format : GGL_PIXEL_FORMAT_RGBA_8888
01-02 22:29:56.819   403   407 D         : droid_create_context : config id = 1 conf->NativeVisualID=1
01-02 22:29:56.819   403   407 D         : Pixel Format : GGL_PIXEL_FORMAT_RGBA_8888
01-02 22:29:56.819   403   407 I         : Requested context : GLES 1.1.
01-02 22:29:56.829   403   407 D         : KMD context support not available
01-02 22:29:56.949   351   351 D dalvikvm: DexOpt: load 27ms, verify+opt 1066ms, 1615772 bytes
01-02 22:29:57.469   139   139 D dalvikvm: DexOpt: --- END 'core.jar' (success) ---
01-02 22:29:57.469   139   139 D dalvikvm: DEX prep '/system/framework/core.jar': unzip in 62ms, rewrite 1787ms
01-02 22:29:57.479   139   139 D dalvikvm: DexOpt: --- BEGIN 'core-junit.jar' (bootstrap=1) ---
01-02 22:29:57.519   409   409 D dalvikvm: DexOpt: load 1ms, verify+opt 4ms, 140460 bytes
01-02 22:29:57.559   139   139 D dalvikvm: DexOpt: --- END 'core-junit.jar' (success) ---
01-02 22:29:57.559   139   139 D dalvikvm: DEX prep '/system/framework/core-junit.jar': unzip in 0ms, rewrite 76ms
01-02 22:29:57.609   139   139 D dalvikvm: DexOpt: --- BEGIN 'bouncycastle.jar' (bootstrap=1) ---
01-02 22:29:57.749   150   166 E RIL_USI : queueRunner() Failed to open AT channel /dev/ttyUSB1 (No such file or directory), retrying in 1.
01-02 22:29:57.749   150   166 I RIL_USI : setRadioState() oldState=RADIO_STATE_OFF newState=RADIO_STATE_OFF
01-02 22:29:57.849   410   410 D dalvikvm: DexOpt: load 10ms, verify+opt 170ms, 670940 bytes
01-02 22:29:57.899   139   139 D dalvikvm: DexOpt: --- END 'bouncycastle.jar' (success) ---
01-02 22:29:57.899   139   139 D dalvikvm: DEX prep '/system/framework/bouncycastle.jar': unzip in 24ms, rewrite 288ms
01-02 22:29:57.949   139   139 D dalvikvm: DexOpt: --- BEGIN 'ext.jar' (bootstrap=1) ---
01-02 22:29:58.449   411   411 D dalvikvm: DexOpt: load 15ms, verify+opt 421ms, 940844 bytes
01-02 22:29:58.539   139   139 D dalvikvm: DexOpt: --- END 'ext.jar' (success) ---
01-02 22:29:58.539   139   139 D dalvikvm: DEX prep '/system/framework/ext.jar': unzip in 25ms, rewrite 585ms
01-02 22:29:58.749   150   166 E RIL_USI : queueRunner() Failed to open AT channel /dev/ttyUSB1 (No such file or directory), retrying in 1.
01-02 22:29:58.749   150   166 I RIL_USI : setRadioState() oldState=RADIO_STATE_OFF newState=RADIO_STATE_OFF
01-02 22:29:58.859   139   139 D dalvikvm: DexOpt: --- BEGIN 'framework.jar' (bootstrap=1) ---
01-02 22:29:59.119   412   412 D dalvikvm: Note: class Landroid/app/ActivityManagerNative; has 157 unimplemented (abstract) methods
01-02 22:29:59.169   412   412 D dalvikvm: Note: class Landroid/opengl/GLWrapperBase; has 250 unimplemented (abstract) methods
01-02 22:29:59.749   150   166 E RIL_USI : queueRunner() Failed to open AT channel /dev/ttyUSB1 (No such file or directory), retrying in 1.
01-02 22:29:59.749   150   166 I RIL_USI : setRadioState() oldState=RADIO_STATE_OFF newState=RADIO_STATE_OFF
01-02 22:30:00.749   150   166 E RIL_USI : queueRunner() Failed to open AT channel /dev/ttyUSB1 (No such file or directory), retrying in 1.
01-02 22:30:00.749   150   166 I RIL_USI : setRadioState() oldState=RADIO_STATE_OFF newState=RADIO_STATE_OFF
01-02 22:30:01.749   150   166 E RIL_USI : queueRunner() Failed to open AT channel /dev/ttyUSB1 (No such file or directory), retrying in 1.
01-02 22:30:01.749   150   166 I RIL_USI : setRadioState() oldState=RADIO_STATE_OFF newState=RADIO_STATE_OFF
01-02 22:30:01.809   412   412 D dalvikvm: DexOpt: load 129ms, verify+opt 2561ms, 5333924 bytes
01-02 22:30:01.949   139   139 D dalvikvm: DexOpt: --- END 'framework.jar' (success) ---
01-02 22:30:01.949   139   139 D dalvikvm: DEX prep '/system/framework/framework.jar': unzip in 294ms, rewrite 3088ms
01-02 22:30:01.979   139   139 D dalvikvm: DexOpt: --- BEGIN 'telephony-common.jar' (bootstrap=1) ---
01-02 22:30:02.079   415   415 D dalvikvm: Note: class Landroid/app/ActivityManagerNative; has 157 unimplemented (abstract) methods
01-02 22:30:02.279   415   415 D dalvikvm: DexOpt: load 16ms, verify+opt 232ms, 1138444 bytes
01-02 22:30:02.379   139   139 D dalvikvm: DexOpt: --- END 'telephony-common.jar' (success) ---
01-02 22:30:02.379   139   139 D dalvikvm: DEX prep '/system/framework/telephony-common.jar': unzip in 24ms, rewrite 404ms
01-02 22:30:02.389   139   139 D dalvikvm: DexOpt: --- BEGIN 'mms-common.jar' (bootstrap=1) ---
01-02 22:30:02.439   416   416 D dalvikvm: DexOpt: load 2ms, verify+opt 24ms, 220604 bytes
01-02 22:30:02.509   139   139 D dalvikvm: DexOpt: --- END 'mms-common.jar' (success) ---
01-02 22:30:02.509   139   139 D dalvikvm: DEX prep '/system/framework/mms-common.jar': unzip in 2ms, rewrite 118ms
01-02 22:30:02.519   139   139 D dalvikvm: DexOpt: --- BEGIN 'android.policy.jar' (bootstrap=1) ---
01-02 22:30:02.589   417   417 D dalvikvm: Note: class Landroid/app/ActivityManagerNative; has 157 unimplemented (abstract) methods
01-02 22:30:02.689   417   417 D dalvikvm: DexOpt: load 23ms, verify+opt 108ms, 1274404 bytes
01-02 22:30:02.749   150   166 E RIL_USI : queueRunner() Failed to open AT channel /dev/ttyUSB1 (No such file or directory), retrying in 1.
01-02 22:30:02.749   150   166 I RIL_USI : setRadioState() oldState=RADIO_STATE_OFF newState=RADIO_STATE_OFF
01-02 22:30:02.779   139   139 D dalvikvm: DexOpt: --- END 'android.policy.jar' (success) ---
01-02 22:30:02.779   139   139 D dalvikvm: DEX prep '/system/framework/android.policy.jar': unzip in 11ms, rewrite 255ms
01-02 22:30:02.819   139   139 D dalvikvm: DexOpt: --- BEGIN 'services.jar' (bootstrap=1) ---
01-02 22:30:02.909   418   418 D dalvikvm: Note: class Landroid/app/ActivityManagerNative; has 157 unimplemented (abstract) methods
01-02 22:30:03.419   418   418 D dalvikvm: DexOpt: load 23ms, verify+opt 501ms, 2202684 bytes
01-02 22:30:03.559   139   139 D dalvikvm: DexOpt: --- END 'services.jar' (success) ---
01-02 22:30:03.559   139   139 D dalvikvm: DEX prep '/system/framework/services.jar': unzip in 46ms, rewrite 731ms
01-02 22:30:03.579   139   139 D dalvikvm: DexOpt: --- BEGIN 'apache-xml.jar' (bootstrap=1) ---
01-02 22:30:03.749   150   166 E RIL_USI : queueRunner() Failed to open AT channel /dev/ttyUSB1 (No such file or directory), retrying in 1.
01-02 22:30:03.749   150   166 I RIL_USI : setRadioState() oldState=RADIO_STATE_OFF newState=RADIO_STATE_OFF
01-02 22:30:03.809   419   419 D dalvikvm: DexOpt: load 14ms, verify+opt 167ms, 836756 bytes
01-02 22:30:03.909   139   139 D dalvikvm: DexOpt: --- END 'apache-xml.jar' (success) ---
01-02 22:30:03.909   139   139 D dalvikvm: DEX prep '/system/framework/apache-xml.jar': unzip in 22ms, rewrite 328ms
01-02 22:30:03.909   139   139 D dalvikvm: DexOpt: --- BEGIN 'com.intel.multidisplay.jar' (bootstrap=1) ---
01-02 22:30:03.939   420   420 D dalvikvm: Note: class Landroid/app/ActivityManagerNative; has 157 unimplemented (abstract) methods
01-02 22:30:03.939   420   420 D dalvikvm: DexOpt: load 1ms, verify+opt 3ms, 162004 bytes
01-02 22:30:03.949   139   139 D dalvikvm: DexOpt: --- END 'com.intel.multidisplay.jar' (success) ---
01-02 22:30:03.949   139   139 D dalvikvm: DEX prep '/system/framework/com.intel.multidisplay.jar': unzip in 0ms, rewrite 44ms
01-02 22:30:03.949   139   139 D dalvikvm: Unable to stat classpath element '/system/framework/com.intel.asf.jar'
01-02 22:30:03.959   139   139 D dalvikvm: Trying to load lib libjavacore.so 0x0
01-02 22:30:03.959   139   139 D dalvikvm: Added shared lib libjavacore.so 0x0
01-02 22:30:03.979   139   139 D dalvikvm: Trying to load lib libnativehelper.so 0x0
01-02 22:30:03.979   139   139 D dalvikvm: Added shared lib libnativehelper.so 0x0
01-02 22:30:04.039   139   139 I boot_progress_preload_start: 21854
01-02 22:30:04.039   139   139 I SamplingProfilerIntegration: Profiling disabled.
01-02 22:30:04.049   139   139 I Zygote  : Preloading classes...
01-02 22:30:04.049   139   139 D dalvikvm: GC_EXPLICIT freed 38K, 9% free 436K/476K, paused 0ms+0ms, total 0ms
01-02 22:30:04.049   139   139 D dalvikvm: GC_EXPLICIT freed 4K, 4% free 507K/528K, paused 1ms+1ms, total 2ms
01-02 22:30:04.059   139   139 D dalvikvm: Note: class Landroid/app/ActivityManagerNative; has 157 unimplemented (abstract) methods
01-02 22:30:04.059   139   139 D dalvikvm: GC_EXPLICIT freed 22K, 5% free 547K/576K, paused 0ms+0ms, total 1ms
01-02 22:30:04.069   139   139 D dalvikvm: GC_EXPLICIT freed 28K, 6% free 576K/608K, paused 0ms+1ms, total 1ms
01-02 22:30:04.069   139   139 W Zygote  : Class not found for preloading: android.bluetooth.BluetoothAudioGateway
01-02 22:30:04.069   139   139 W Zygote  : Class not found for preloading: android.bluetooth.HeadsetBase
01-02 22:30:04.069   139   139 W Zygote  : Class not found for preloading: undroid.content.AbstractThreadedSyncAdapter$SyncThread
01-02 22:30:04.069   139   139 D dalvikvm: GC_EXPLICIT freed 24K, 5% free 628K/656K, paused 0ms+0ms, total 1ms
01-02 22:30:04.109   139   139 D dalvikvm: GC_EXPLICIT freed 27K, 5% free 657K/688K, paused 0ms+0ms, total 1ms
01-02 22:30:04.149   139   139 D dalvikvm: GC_EXPLICIT freed 60K, 8% free 751K/816K, paused 0ms+0ms, total 1ms
01-02 22:30:04.239   139   139 D dalvikvm: GC_EXPLICIT freed 32K, 5% free 777K/816K, paused 0ms+0ms, total 1ms
01-02 22:30:04.239   139   139 D TextLayoutCache: Using debug level = 0 - Debug Enabled = 0
01-02 22:30:04.249   139   139 D dalvikvm: GC_EXPLICIT freed 19K, 3% free 815K/836K, paused 0ms+0ms, total 1ms
01-02 22:30:04.279   139   139 I dalvikvm: threadid=1: recursive native library load attempt (/system/lib/libmedia_jni.so)
01-02 22:30:04.279   139   139 D MtpDeviceJNI: register_android_mtp_MtpDevice
01-02 22:30:04.279   139   139 I dalvikvm: threadid=1: recursive native library load attempt (/system/lib/libmedia_jni.so)
01-02 22:30:04.279   139   139 I dalvikvm: threadid=1: recursive native library load attempt (/system/lib/libmedia_jni.so)
01-02 22:30:04.279   139   139 D dalvikvm: GC_EXPLICIT freed 17K, 3% free 862K/884K, paused 0ms+0ms, total 1ms
01-02 22:30:04.299   139   139 D dalvikvm: GC_EXPLICIT freed 23K, 4% free 896K/924K, paused 0ms+1ms, total 2ms
01-02 22:30:04.299   139   139 D dalvikvm: GC_EXPLICIT freed 18K, 3% free 942K/964K, paused 0ms+1ms, total 2ms
01-02 22:30:04.399   139   139 W Zygote  : Class not found for preloading: android.server.BluetoothA2dpService
01-02 22:30:04.399   139   139 W Zygote  : Class not found for preloading: android.server.BluetoothEventLoop
01-02 22:30:04.399   139   139 W Zygote  : Class not found for preloading: android.server.BluetoothService
01-02 22:30:04.399   139   139 D TelephonyManager: No /proc/cmdline exception=java.io.FileNotFoundException: /proc/cmdline: open failed: EACCES (Permission denied)
01-02 22:30:04.399   139   139 D TelephonyManager: /proc/cmdline=
01-02 22:30:04.409   139   139 D dalvikvm: GC_EXPLICIT freed 35K, 4% free 1024K/1064K, paused 0ms+0ms, total 1ms
01-02 22:30:04.429   139   139 D dalvikvm: GC_EXPLICIT freed 25K, 3% free 1332K/1360K, paused 0ms+1ms, total 3ms
01-02 22:30:04.429   139   139 W Zygote  : Class not found for preloading: android.util.LocaleUtil
01-02 22:30:04.439   139   139 D dalvikvm: GC_EXPLICIT freed 36K, 3% free 1367K/1408K, paused 0ms+0ms, total 3ms
01-02 22:30:04.449   139   139 D dalvikvm: GC_EXPLICIT freed 32K, 3% free 1391K/1428K, paused 0ms+0ms, total 3ms
01-02 22:30:04.449   139   139 W Zygote  : Class not found for preloading: android.view.ViewRootImpl$ResizedInfo
01-02 22:30:04.449   139   139 W Zygote  : Class not found for preloading: android.view.Window$LocalWindowManager
01-02 22:30:04.449   139   139 W Zygote  : Class not found for preloading: android.view.WindowManagerImpl$CompatModeWrapper
01-02 22:30:04.459   139   139 D dalvikvm: GC_EXPLICIT freed 30K, 3% free 1414K/1448K, paused 0ms+0ms, total 4ms
01-02 22:30:04.749   150   166 E RIL_USI : queueRunner() Failed to open AT channel /dev/ttyUSB1 (No such file or directory), retrying in 1.
01-02 22:30:04.749   150   166 I RIL_USI : setRadioState() oldState=RADIO_STATE_OFF newState=RADIO_STATE_OFF
01-02 22:30:04.779   139   139 I dalvikvm: threadid=1: recursive native library load attempt (/system/lib/libwebcore.so)
01-02 22:30:04.779   139   139 D dalvikvm: No JNI_OnLoad found in /system/lib/libchromium_net.so 0x0, skipping init
01-02 22:30:04.789   139   139 D dalvikvm: GC_EXPLICIT freed 21K, 2% free 1448K/1476K, paused 0ms+0ms, total 3ms
01-02 22:30:04.809   139   139 D dalvikvm: GC_EXPLICIT freed 26K, 3% free 1477K/1508K, paused 1ms+0ms, total 3ms
01-02 22:30:04.829   139   139 D dalvikvm: GC_EXPLICIT freed 82K, 6% free 1525K/1612K, paused 1ms+0ms, total 4ms
01-02 22:30:04.839   139   139 D dalvikvm: GC_EXPLICIT freed 28K, 4% free 1553K/1612K, paused 0ms+1ms, total 3ms
01-02 22:30:04.849   139   139 D dalvikvm: GC_EXPLICIT freed 34K, 3% free 1583K/1620K, paused 0ms+0ms, total 3ms
01-02 22:30:04.859   139   139 D dalvikvm: GC_EXPLICIT freed 20K, 2% free 1638K/1664K, paused 0ms+1ms, total 4ms
01-02 22:30:04.869   139   139 D dalvikvm: GC_EXPLICIT freed 18K, 2% free 1676K/1700K, paused 0ms+1ms, total 4ms
01-02 22:30:04.879   139   139 D dalvikvm: GC_EXPLICIT freed 30K, 3% free 1703K/1740K, paused 1ms+1ms, total 5ms
01-02 22:30:04.889   139   139 D dalvikvm: GC_EXPLICIT freed 36K, 3% free 1725K/1764K, paused 0ms+1ms, total 5ms
01-02 22:30:04.899   139   139 D dalvikvm: GC_EXPLICIT freed 63K, 5% free 1752K/1828K, paused 0ms+1ms, total 4ms
01-02 22:30:04.899   139   139 W Zygote  : Class not found for preloading: java.text.DecimalFormat$1
01-02 22:30:04.909   139   139 D dalvikvm: GC_EXPLICIT freed 41K, 4% free 1768K/1828K, paused 0ms+0ms, total 5ms
01-02 22:30:04.909   139   139 W Zygote  : Class not found for preloading: java.util.concurrent.FutureTask$Sync
01-02 22:30:04.909   139   139 W Zygote  : Class not found for preloading: java.util.concurrent.atomic.UnsafeAccess
01-02 22:30:04.909   139   139 W Zygote  : Class not found for preloading: java.util.concurrent.locks.UnsafeAccess
01-02 22:30:04.919   139   139 D dalvikvm: GC_EXPLICIT freed 43K, 3% free 1781K/1828K, paused 0ms+0ms, total 3ms
01-02 22:30:04.919   139   139 W Zygote  : Class not found for preloading: libcore.icu.ErrorCode
01-02 22:30:05.039   139   139 I System  : Loaded time zone names for  in 121ms (119ms in ICU)
01-02 22:30:05.109   139   139 I System  : Loaded time zone names for en_US in 71ms (69ms in ICU)
01-02 22:30:05.119   139   139 D dalvikvm: GC_EXPLICIT freed 350K, 16% free 1874K/2228K, paused 0ms+0ms, total 5ms
01-02 22:30:05.129   139   139 D dalvikvm: GC_EXPLICIT freed 16K, 14% free 1936K/2232K, paused 0ms+0ms, total 5ms
01-02 22:30:05.169   139   139 D dalvikvm: GC_EXPLICIT freed 408K, 16% free 2271K/2692K, paused 1ms+1ms, total 6ms
01-02 22:30:05.179   139   139 D dalvikvm: GC_EXPLICIT freed 33K, 15% free 2303K/2692K, paused 0ms+0ms, total 6ms
01-02 22:30:05.189   139   139 D dalvikvm: GC_EXPLICIT freed 36K, 14% free 2324K/2692K, paused 0ms+1ms, total 6ms
01-02 22:30:05.199   139   139 D dalvikvm: GC_EXPLICIT freed 35K, 13% free 2345K/2692K, paused 1ms+1ms, total 6ms
01-02 22:30:05.209   139   139 D dalvikvm: GC_EXPLICIT freed 33K, 13% free 2368K/2692K, paused 1ms+1ms, total 6ms
01-02 22:30:05.219   139   139 I Zygote  : ...preloaded 2541 classes in 1171ms.
01-02 22:30:05.219   139   139 D dalvikvm: GC_EXPLICIT freed 19K, 12% free 2369K/2692K, paused 0ms+0ms, total 5ms
01-02 22:30:05.219   139   139 I Zygote  : Preloading resources...
01-02 22:30:05.279   139   139 D dalvikvm: GC_EXPLICIT freed 60K, 14% free 2411K/2792K, paused 1ms+1ms, total 6ms
01-02 22:30:05.289   139   139 D dalvikvm: GC_EXPLICIT freed 56K, 14% free 2406K/2792K, paused 0ms+0ms, total 5ms
01-02 22:30:05.299   139   139 D dalvikvm: GC_EXPLICIT freed 33K, 14% free 2425K/2792K, paused 1ms+0ms, total 6ms
01-02 22:30:05.309   139   139 D dalvikvm: GC_EXPLICIT freed 33K, 13% free 2444K/2804K, paused 0ms+0ms, total 5ms
01-02 22:30:05.319   139   139 D dalvikvm: GC_EXPLICIT freed 33K, 13% free 2463K/2824K, paused 1ms+1ms, total 6ms
01-02 22:30:05.329   139   139 D dalvikvm: GC_EXPLICIT freed 33K, 13% free 2482K/2844K, paused 0ms+1ms, total 7ms
01-02 22:30:05.339   139   139 D dalvikvm: GC_EXPLICIT freed 33K, 13% free 2502K/2876K, paused 0ms+0ms, total 5ms
01-02 22:30:05.349   139   139 D dalvikvm: GC_EXPLICIT freed 33K, 13% free 2521K/2896K, paused 0ms+0ms, total 5ms
01-02 22:30:05.359   139   139 D dalvikvm: GC_EXPLICIT freed 33K, 14% free 2540K/2928K, paused 0ms+1ms, total 6ms
01-02 22:30:05.359   139   139 D dalvikvm: GC_EXPLICIT freed 33K, 14% free 2559K/2948K, paused 0ms+0ms, total 7ms
01-02 22:30:05.369   139   139 D dalvikvm: GC_EXPLICIT freed 33K, 14% free 2578K/2968K, paused 1ms+1ms, total 6ms
01-02 22:30:05.389   139   139 D dalvikvm: GC_EXPLICIT freed 34K, 14% free 2605K/3000K, paused 0ms+1ms, total 6ms
01-02 22:30:05.399   139   139 D dalvikvm: GC_EXPLICIT freed 33K, 14% free 2624K/3020K, paused 0ms+0ms, total 6ms
01-02 22:30:05.409   139   139 D dalvikvm: GC_EXPLICIT freed 33K, 14% free 2643K/3052K, paused 0ms+1ms, total 6ms
01-02 22:30:05.419   139   139 D dalvikvm: GC_EXPLICIT freed 33K, 14% free 2662K/3072K, paused 1ms+1ms, total 6ms
01-02 22:30:05.429   139   139 D dalvikvm: GC_EXPLICIT freed 33K, 14% free 2681K/3104K, paused 1ms+1ms, total 6ms
01-02 22:30:05.439   139   139 D dalvikvm: GC_EXPLICIT freed 33K, 14% free 2700K/3124K, paused 0ms+0ms, total 6ms
01-02 22:30:05.449   139   139 D dalvikvm: GC_EXPLICIT freed 33K, 14% free 2719K/3144K, paused 0ms+0ms, total 6ms
01-02 22:30:05.449   139   139 D dalvikvm: GC_EXPLICIT freed 33K, 14% free 2738K/3176K, paused 0ms+0ms, total 5ms
01-02 22:30:05.459   139   139 D dalvikvm: GC_EXPLICIT freed 33K, 14% free 2757K/3196K, paused 1ms+1ms, total 7ms
01-02 22:30:05.469   139   139 D dalvikvm: GC_EXPLICIT freed 33K, 14% free 2776K/3228K, paused 0ms+0ms, total 5ms
01-02 22:30:05.479   139   139 D dalvikvm: GC_EXPLICIT freed 40K, 14% free 2800K/3252K, paused 1ms+1ms, total 6ms
01-02 22:30:05.489   139   139 D dalvikvm: GC_EXPLICIT freed 40K, 14% free 2824K/3268K, paused 1ms+1ms, total 6ms
01-02 22:30:05.499   139   139 D dalvikvm: GC_EXPLICIT freed 40K, 14% free 2848K/3300K, paused 0ms+1ms, total 6ms
01-02 22:30:05.509   139   139 D dalvikvm: GC_EXPLICIT freed 30K, 14% free 2870K/3312K, paused 0ms+0ms, total 5ms
01-02 22:30:05.519   139   139 D dalvikvm: GC_EXPLICIT freed 33K, 14% free 2889K/3332K, paused 0ms+0ms, total 5ms
01-02 22:30:05.529   139   139 D dalvikvm: GC_EXPLICIT freed 33K, 14% free 2908K/3364K, paused 1ms+0ms, total 6ms
01-02 22:30:05.539   139   139 D dalvikvm: GC_EXPLICIT freed 33K, 14% free 2927K/3384K, paused 0ms+1ms, total 6ms
01-02 22:30:05.549   139   139 D dalvikvm: GC_EXPLICIT freed 33K, 14% free 2947K/3404K, paused 0ms+0ms, total 5ms
01-02 22:30:05.559   139   139 D dalvikvm: GC_EXPLICIT freed 33K, 14% free 2970K/3436K, paused 0ms+1ms, total 6ms
01-02 22:30:05.569   139   139 D dalvikvm: GC_EXPLICIT freed 33K, 14% free 2988K/3456K, paused 1ms+1ms, total 6ms
01-02 22:30:05.579   139   139 D dalvikvm: GC_EXPLICIT freed 33K, 14% free 3007K/3488K, paused 1ms+1ms, total 6ms
01-02 22:30:05.589   139   139 D dalvikvm: GC_EXPLICIT freed 33K, 14% free 3026K/3508K, paused 0ms+1ms, total 6ms
01-02 22:30:05.599   139   139 D dalvikvm: GC_EXPLICIT freed 33K, 14% free 3045K/3540K, paused 1ms+0ms, total 7ms
01-02 22:30:05.649   139   139 D dalvikvm: GC_EXPLICIT freed 30K, 14% free 3066K/3556K, paused 1ms+1ms, total 6ms
01-02 22:30:05.659   139   139 D dalvikvm: GC_EXPLICIT freed 40K, 14% free 3090K/3588K, paused 0ms+0ms, total 5ms
01-02 22:30:05.669   139   139 D dalvikvm: GC_EXPLICIT freed 40K, 14% free 3114K/3612K, paused 1ms+1ms, total 6ms
01-02 22:30:05.679   139   139 D dalvikvm: GC_EXPLICIT freed 40K, 14% free 3138K/3644K, paused 0ms+1ms, total 6ms
01-02 22:30:05.689   139   139 D dalvikvm: GC_EXPLICIT freed 40K, 14% free 3162K/3668K, paused 0ms+0ms, total 5ms
01-02 22:30:05.699   139   139 D dalvikvm: GC_EXPLICIT freed 40K, 14% free 3186K/3700K, paused 1ms+1ms, total 7ms
01-02 22:30:05.709   139   139 D dalvikvm: GC_EXPLICIT freed 40K, 14% free 3211K/3724K, paused 0ms+0ms, total 6ms
01-02 22:30:05.749   150   166 E RIL_USI : queueRunner() Failed to open AT channel /dev/ttyUSB1 (No such file or directory), retrying in 1.
01-02 22:30:05.749   150   166 I RIL_USI : setRadioState() oldState=RADIO_STATE_OFF newState=RADIO_STATE_OFF
01-02 22:30:05.769   139   139 D dalvikvm: GC_EXPLICIT freed 134K, 16% free 3300K/3892K, paused 1ms+0ms, total 6ms
01-02 22:30:05.779   139   139 D dalvikvm: GC_EXPLICIT freed 135K, 16% free 3382K/3988K, paused 1ms+0ms, total 6ms
01-02 22:30:05.799   139   139 D dalvikvm: GC_EXPLICIT freed 45K, 16% free 3407K/4032K, paused 0ms+0ms, total 7ms
01-02 22:30:05.799   139   139 D dalvikvm: GC_EXPLICIT freed 43K, 16% free 3431K/4060K, paused 0ms+0ms, total 6ms
01-02 22:30:05.809   139   139 D dalvikvm: GC_EXPLICIT freed 31K, 16% free 3450K/4060K, paused 0ms+1ms, total 6ms
01-02 22:30:05.819   139   139 D dalvikvm: GC_EXPLICIT freed 33K, 15% free 3471K/4060K, paused 1ms+0ms, total 6ms
01-02 22:30:05.829   139   139 D dalvikvm: GC_EXPLICIT freed 28K, 14% free 3494K/4060K, paused 0ms+1ms, total 6ms
01-02 22:30:05.839   139   139 D dalvikvm: GC_EXPLICIT freed 43K, 14% free 3522K/4076K, paused 1ms+0ms, total 6ms
01-02 22:30:05.859   139   139 D dalvikvm: GC_EXPLICIT freed 62K, 15% free 3556K/4156K, paused 1ms+0ms, total 6ms
01-02 22:30:05.859   139   139 D dalvikvm: GC_EXPLICIT freed 32K, 14% free 3575K/4156K, paused 1ms+1ms, total 7ms
01-02 22:30:05.869   139   139 D dalvikvm: GC_EXPLICIT freed 32K, 14% free 3593K/4156K, paused 0ms+0ms, total 5ms
01-02 22:30:05.879   139   139 D dalvikvm: GC_EXPLICIT freed 98K, 16% free 3649K/4312K, paused 1ms+0ms, total 7ms
01-02 22:30:05.899   159   159 E CRASHLOG: CRASH   e8326ad26a827c8e21be  2000-01-02/22:29:54  FACTORY_ERROR /mnt/sdcard/logs/crashlog0/mmcdump.bin.gz
01-02 22:30:05.899   159   159 E CRASHLOG: Property gsm.version.baseband not readable
01-02 22:30:05.899   139   139 D dalvikvm: GC_EXPLICIT freed 1101K, 30% free 4270K/6040K, paused 1ms+0ms, total 7ms
01-02 22:30:05.899   159   159 E CRASHLOG: REBOOT  1a714f7c114d2afa14e0  2000-01-02/22:30:05  SWUPDATE
01-02 22:30:05.899   159   159 E CRASHLOG: STATE   d39b159bca8cc77f64a8  2000-01-02/22:30:05  DECRYPTED
01-02 22:30:05.899   159   159 I CRASHLOG: Folders /logs and /logs/core set to 0777
01-02 22:30:05.899   139   139 W Resources: Preloaded drawable resource #0x1080472 (android:drawable/popup_inline_error_above_holo_dark) that varies with configuration!!
01-02 22:30:05.909   139   139 D dalvikvm: GC_EXPLICIT freed 77K, 30% free 4271K/6040K, paused 0ms+0ms, total 6ms
01-02 22:30:05.909   139   139 W Resources: Preloaded drawable resource #0x1080473 (android:drawable/popup_inline_error_above_holo_light) that varies with configuration!!
01-02 22:30:05.919   139   139 D dalvikvm: GC_EXPLICIT freed 77K, 30% free 4271K/6040K, paused 1ms+1ms, total 7ms
01-02 22:30:05.919   139   139 W Resources: Preloaded drawable resource #0x1080474 (android:drawable/popup_inline_error_holo_dark) that varies with configuration!!
01-02 22:30:05.929   139   139 D dalvikvm: GC_EXPLICIT freed 77K, 30% free 4271K/6040K, paused 0ms+1ms, total 6ms
01-02 22:30:05.929   139   139 W Resources: Preloaded drawable resource #0x1080475 (android:drawable/popup_inline_error_holo_light) that varies with configuration!!
01-02 22:30:05.939   139   139 D dalvikvm: GC_EXPLICIT freed 77K, 30% free 4271K/6040K, paused 1ms+0ms, total 7ms
01-02 22:30:05.939   139   139 D dalvikvm: GC_EXPLICIT freed 45K, 29% free 4297K/6040K, paused 0ms+1ms, total 6ms
01-02 22:30:05.949   159   159 I CRASHLOG: /data/system/dropbox has been snooped
01-02 22:30:05.949   159   159 I CRASHLOG: /data/system/dropbox has been snooped
01-02 22:30:05.949   159   159 I CRASHLOG: /data/tombstones has been snooped
01-02 22:30:05.949   159   159 I CRASHLOG: /data/system/dropbox has been snooped
01-02 22:30:05.949   159   159 I CRASHLOG: /data/system/dropbox has been snooped
01-02 22:30:05.949   159   159 I CRASHLOG: /logs/core has been snooped
01-02 22:30:05.949   159   159 I CRASHLOG: /logs/core has been snooped
01-02 22:30:05.949   159   159 I CRASHLOG: /logs/stats has been snooped
01-02 22:30:05.949   159   159 I CRASHLOG: /logs/aplogs has been snooped
01-02 22:30:05.949   159   159 I CRASHLOG: /logs/aplogs has been snooped
01-02 22:30:05.949   159   159 I CRASHLOG: /logs/uptime has been snooped
01-02 22:30:05.949   159   159 I CRASHLOG: /logs/modemcrash has been snooped
01-02 22:30:05.949   159   159 I CRASHLOG: /logs/modemcrash has been snooped
01-02 22:30:05.949   159   159 I CRASHLOG: /logs/modemcrash has been snooped
01-02 22:30:05.949   159   159 D CRASHLOG: init_mmgr_cli begin
01-02 22:30:05.949   159   159 D MMGRSOURCE: init_mmgr_cli_source
01-02 22:30:05.949   159   159 D MMGR_CLI: mmgr_cli_create_handle - handle created successfully
01-02 22:30:05.949   159   159 D MMGR_CLI: mmgr_cli_subscribe_event - (fd=-1 client=crashlogd) event (NOTIFY_MODEM_SHUTDOWN) subscribed successfully
01-02 22:30:05.949   159   159 D MMGR_CLI: mmgr_cli_subscribe_event - (fd=-1 client=crashlogd) event (NOTIFY_PLATFORM_REBOOT) subscribed successfully
01-02 22:30:05.949   159   159 D MMGR_CLI: mmgr_cli_subscribe_event - (fd=-1 client=crashlogd) event (EVENT_MODEM_OUT_OF_SERVICE) subscribed successfully
01-02 22:30:05.949   159   159 D MMGR_CLI: mmgr_cli_subscribe_event - (fd=-1 client=crashlogd) event (NOTIFY_SELF_RESET) subscribed successfully
01-02 22:30:05.949   159   159 D MMGR_CLI: mmgr_cli_subscribe_event - (fd=-1 client=crashlogd) event (NOTIFY_CORE_DUMP_COMPLETE) subscribed successfully
01-02 22:30:05.949   159   159 D MMGR_CLI: mmgr_cli_subscribe_event - (fd=-1 client=crashlogd) event (NOTIFY_AP_RESET) subscribed successfully
01-02 22:30:05.949   159   159 D MMGR_CLI: mmgr_cli_subscribe_event - (fd=-1 client=crashlogd) event (NOTIFY_ERROR) subscribed successfully
01-02 22:30:05.949   159   159 E MMGR_CLI: cli_connect - (client=crashlogd) failed to open socket
01-02 22:30:05.949   159   159 D CRASHLOG: init_mmgr_cli end
01-02 22:30:05.949   139   139 D dalvikvm: GC_EXPLICIT freed 36K, 29% free 4318K/6040K, paused 1ms+0ms, total 6ms
01-02 22:30:05.959   139   139 D dalvikvm: GC_EXPLICIT freed 90K, 28% free 4369K/6040K, paused 1ms+0ms, total 6ms
01-02 22:30:05.969   139   139 D dalvikvm: GC_EXPLICIT freed 90K, 27% free 4420K/6040K, paused 1ms+0ms, total 6ms
01-02 22:30:05.989   139   139 D dalvikvm: GC_EXPLICIT freed 1231K, 26% free 5126K/6912K, paused 0ms+0ms, total 6ms
01-02 22:30:06.059   139   139 D dalvikvm: GC_EXPLICIT freed 63K, 26% free 5176K/6912K, paused 1ms+0ms, total 6ms
01-02 22:30:06.069   139   139 D dalvikvm: GC_EXPLICIT freed 52K, 25% free 5198K/6912K, paused 1ms+1ms, total 6ms
01-02 22:30:06.079   139   139 D dalvikvm: GC_EXPLICIT freed 34K, 25% free 5218K/6912K, paused 1ms+1ms, total 7ms
01-02 22:30:06.089   139   139 D dalvikvm: GC_EXPLICIT freed 34K, 25% free 5238K/6912K, paused 0ms+0ms, total 6ms
01-02 22:30:06.099   139   139 D dalvikvm: GC_EXPLICIT freed 33K, 24% free 5261K/6912K, paused 1ms+1ms, total 7ms
01-02 22:30:06.109   139   139 D dalvikvm: GC_EXPLICIT freed 36K, 24% free 5281K/6912K, paused 1ms+0ms, total 6ms
01-02 22:30:06.119   139   139 D dalvikvm: GC_EXPLICIT freed 30K, 24% free 5301K/6912K, paused 0ms+1ms, total 6ms
01-02 22:30:06.129   139   139 D dalvikvm: GC_EXPLICIT freed 34K, 23% free 5323K/6912K, paused 1ms+0ms, total 6ms
01-02 22:30:06.139   139   139 D dalvikvm: GC_EXPLICIT freed 34K, 23% free 5341K/6912K, paused 1ms+0ms, total 6ms
01-02 22:30:06.149   139   139 D dalvikvm: GC_EXPLICIT freed 33K, 23% free 5360K/6912K, paused 0ms+1ms, total 6ms
01-02 22:30:06.159   139   139 D dalvikvm: GC_EXPLICIT freed 32K, 23% free 5382K/6912K, paused 1ms+0ms, total 7ms
01-02 22:30:06.169   139   139 D dalvikvm: GC_EXPLICIT freed 34K, 22% free 5399K/6912K, paused 1ms+0ms, total 7ms
01-02 22:30:06.179   139   139 D dalvikvm: GC_EXPLICIT freed 33K, 22% free 5418K/6912K, paused 1ms+0ms, total 7ms
01-02 22:30:06.179   139   139 W Resources: Preloaded drawable resource #0x10802b7 (android:drawable/ic_clear_normal) that varies with configuration!!
01-02 22:30:06.179   139   139 W Resources: Preloaded drawable resource #0x10802b7 (android:drawable/ic_clear_normal) that varies with configuration!!
01-02 22:30:06.179   139   139 W Resources: Preloaded drawable resource #0x10802b7 (android:drawable/ic_clear_normal) that varies with configuration!!
01-02 22:30:06.189   139   139 D dalvikvm: GC_EXPLICIT freed 55K, 22% free 5439K/6912K, paused 0ms+1ms, total 6ms
01-02 22:30:06.199   139   139 D dalvikvm: GC_EXPLICIT freed 34K, 22% free 5457K/6912K, paused 1ms+0ms, total 6ms
01-02 22:30:06.209   139   139 D dalvikvm: GC_EXPLICIT freed 33K, 21% free 5476K/6912K, paused 1ms+0ms, total 7ms
01-02 22:30:06.209   139   139 D dalvikvm: GC_EXPLICIT freed 33K, 21% free 5495K/6912K, paused 0ms+1ms, total 6ms
01-02 22:30:06.219   139   139 D dalvikvm: GC_EXPLICIT freed 60K, 20% free 5529K/6912K, paused 1ms+0ms, total 6ms
01-02 22:30:06.229   139   139 D dalvikvm: GC_EXPLICIT freed 60K, 20% free 5564K/6912K, paused 1ms+0ms, total 7ms
01-02 22:30:06.239   139   139 D dalvikvm: GC_EXPLICIT freed 48K, 20% free 5592K/6912K, paused 1ms+0ms, total 7ms
01-02 22:30:06.249   139   139 D dalvikvm: GC_EXPLICIT freed 35K, 19% free 5613K/6912K, paused 0ms+1ms, total 6ms
01-02 22:30:06.259   139   139 D dalvikvm: GC_EXPLICIT freed 33K, 19% free 5632K/6912K, paused 0ms+0ms, total 6ms
01-02 22:30:06.269   139   139 D dalvikvm: GC_EXPLICIT freed 32K, 19% free 5651K/6912K, paused 0ms+1ms, total 6ms
01-02 22:30:06.319   139   139 D dalvikvm: GC_EXPLICIT freed 31K, 18% free 5673K/6912K, paused 1ms+0ms, total 6ms
01-02 22:30:06.329   139   139 D dalvikvm: GC_EXPLICIT freed 37K, 18% free 5695K/6912K, paused 1ms+1ms, total 7ms
01-02 22:30:06.339   139   139 D dalvikvm: GC_EXPLICIT freed 37K, 18% free 5717K/6912K, paused 0ms+1ms, total 6ms
01-02 22:30:06.349   139   139 W Resources: Preloaded drawable resource #0x1080291 (android:drawable/ic_ab_back_holo_dark) that varies with configuration!!
01-02 22:30:06.349   139   139 W Resources: Preloaded drawable resource #0x1080292 (android:drawable/ic_ab_back_holo_light) that varies with configuration!!
01-02 22:30:06.349   139   139 D dalvikvm: GC_EXPLICIT freed 81K, 17% free 5764K/6912K, paused 1ms+0ms, total 6ms
01-02 22:30:06.369   139   139 D dalvikvm: GC_EXPLICIT freed 88K, 16% free 5813K/6912K, paused 0ms+1ms, total 6ms
01-02 22:30:06.369   139   139 D dalvikvm: GC_EXPLICIT freed 85K, 16% free 5860K/6912K, paused 0ms+1ms, total 6ms
01-02 22:30:06.379   139   139 D dalvikvm: GC_EXPLICIT freed 85K, 15% free 5911K/6912K, paused 1ms+0ms, total 7ms
01-02 22:30:06.389   139   139 D dalvikvm: GC_EXPLICIT freed 85K, 14% free 5958K/6912K, paused 0ms+1ms, total 6ms
01-02 22:30:06.409   139   139 D dalvikvm: GC_EXPLICIT freed 25K, 14% free 5987K/6912K, paused 1ms+1ms, total 7ms
01-02 22:30:06.419   139   139 D dalvikvm: GC_EXPLICIT freed 59K, 13% free 6021K/6912K, paused 1ms+0ms, total 6ms
01-02 22:30:06.419   139   139 I Zygote  : ...preloaded 276 resources in 1198ms.
01-02 22:30:06.479   139   139 I boot_progress_preload_end: 24290
01-02 22:30:06.479   139   139 I Zygote  : ...preloaded 31 resources in 54ms.
01-02 22:30:06.479   139   139 D dalvikvm: GC_EXPLICIT freed 10K, 13% free 6038K/6912K, paused 0ms+1ms, total 6ms
01-02 22:30:06.489   139   139 D dalvikvm: GC_EXPLICIT freed 11K, 13% free 6027K/6912K, paused 0ms+1ms, total 6ms
01-02 22:30:06.499   139   139 D dalvikvm: GC_EXPLICIT freed <1K, 13% free 6027K/6912K, paused 0ms+1ms, total 6ms
01-02 22:30:06.509   139   139 I dalvikvm: System server process 437 has been created
01-02 22:30:06.509   437   437 D dalvikvm: Process 437 nice name: (null)
01-02 22:30:06.509   437   437 D dalvikvm: Extra Options: not specified
01-02 22:30:06.509   139   139 I Zygote  : Accepting command socket connections
01-02 22:30:06.599   437   437 D MultiDisplay: Entering int android::register_intel_multidisplay_DisplaySetting(JNIEnv*)
01-02 22:30:06.599   437   437 D MultiDisplay: Leaving int android::register_intel_multidisplay_DisplaySetting(JNIEnv*), return = 0
01-02 22:30:06.599   437   437 I sysproc : Entered system_init()
01-02 22:30:06.599   437   437 I sysproc : ServiceManager: 0x74efbc70
01-02 22:30:06.599   437   437 I sysproc : System server: starting Intel MultiDisplay service.
01-02 22:30:06.599   437   437 I MultiDisplay: android::MultiDisplayService::MultiDisplayService(): create a MultiDisplay service, 0x74ee22d0
01-02 22:30:06.599   437   437 V MultiDisplay: Entering drmModeConnector* getConnector(int, uint32_t), 11
01-02 22:30:06.599   437   437 V MultiDisplay: Leaving drmModeConnector* getConnector(int, uint32_t), 11
01-02 22:30:06.599   437   437 I MultiDisplay: int MultiDisplayComposer::setModePolicy_l(int): policy 1, mHdmiPolicy 0x1, mMipiPolicy 0x2, mMode: 0x0
01-02 22:30:06.599   437   437 I MultiDisplay: Entering int MultiDisplayComposer::setHdmiMode_l(), current mode = 0
01-02 22:30:06.599   437   437 V MultiDisplay: Entering drmModeConnector* getConnector(int, uint32_t), 11
01-02 22:30:06.599   437   437 V MultiDisplay: Leaving drmModeConnector* getConnector(int, uint32_t), 11
01-02 22:30:06.599   437   437 E MultiDisplay: _drmModeConnector* getHdmiConnector(): Failed to get HDMI connector
01-02 22:30:06.599   437   437 I MultiDisplay: HDMI is disconnected.
01-02 22:30:06.599   437   437 W MultiDisplay: HDMI is already in disconnected state.
01-02 22:30:06.599   437   437 I MultiDisplay: int MultiDisplayComposer::setModePolicy_l(int): policy 2, mHdmiPolicy 0x1, mMipiPolicy 0x2, mMode: 0x0
01-02 22:30:06.599   437   437 D SensorService: nuSensorService starting...
01-02 22:30:06.609   437   437 E Sensors : Get sensors mapper property error! Use default config.
01-02 22:30:06.609   437   437 D Sensors : accelerate calibration sys interface path: /sys/bus/i2c/devices/5-000f/cali
01-02 22:30:06.609   437   437 I SystemServer: Entered the Android system server!
01-02 22:30:06.609   437   437 I SensorService: kxcj9
01-02 22:30:06.609   437   437 I SensorService: isl29023
01-02 22:30:06.609   437   437 I sysproc : System server: starting Android runtime.
01-02 22:30:06.609   437   437 I sysproc : System server: starting Android services.
01-02 22:30:06.609   437   451 D SensorService: nuSensorService thread starting...
01-02 22:30:06.649   437   452 I boot_progress_system_run: 24469
01-02 22:30:06.649   437   437 I sysproc : System server: entering thread pool.
01-02 22:30:06.659   437   453 I SystemServer: Enabled StrictMode logging for UI Looper
01-02 22:30:06.659   437   452 I SystemServer: Waiting for installd to be ready.
01-02 22:30:06.659   437   452 I Installer: connecting...
01-02 22:30:06.659   437   454 I SystemServer: Enabled StrictMode logging for WM Looper
01-02 22:30:06.659   437   452 I SystemServer: Entropy Mixer
01-02 22:30:06.659   437   452 W EntropyMixer: No existing entropy file -- first boot?
01-02 22:30:06.659   140   140 I installd: new connection
01-02 22:30:06.729   437   452 I SystemServer: Power Manager
01-02 22:30:06.739   437   452 I SystemServer: Activity Manager
01-02 22:30:06.739   437   455 I ActivityManager: Memory class: 192
01-02 22:30:06.739   437   452 W Intel PowerHAL: **Intel Power HAL initialisation**
01-02 22:30:06.749   150   166 E RIL_USI : queueRunner() Failed to open AT channel /dev/ttyUSB1 (No such file or directory), retrying in 1.
01-02 22:30:06.749   150   166 I RIL_USI : setRadioState() oldState=RADIO_STATE_OFF newState=RADIO_STATE_OFF
01-02 22:30:06.769   437   452 I SystemServer: Display Manager
01-02 22:30:06.779   437   455 I ActivityManager: Enabled StrictMode logging for AThread's Looper
01-02 22:30:06.779   437   452 I SystemServer: Telephony Registry
01-02 22:30:06.779   437   452 I SystemServer: Scheduling Policy
01-02 22:30:06.779   437   454 I DisplayManagerService: Display device added: DisplayDeviceInfo{"Built-in Screen": 800 x 1280, 60.000004 fps, density 240, 189.906 x 189.023 dpi, touch INTERNAL, FLAG_DEFAULT_DISPLAY, FLAG_ROTATES_WITH_CONTENT, FLAG_SECURE, FLAG_SUPPORTS_PROTECTED_BUFFERS, rotation 0, type BUILT_IN, address null}
01-02 22:30:06.779   437   452 I SystemServer: Package Manager
01-02 22:30:06.779   437   452 I boot_progress_pms_start: 24594
01-02 22:30:06.829   437   452 I PackageManager: No settings file; creating initial state
01-02 22:30:06.829   437   452 W PackageManager: Running ENG build: no pre-dexopt!
01-02 22:30:06.829   437   452 W PackageManager: Boot class path not found: /system/framework/com.intel.asf.jar
01-02 22:30:06.829   437   452 I boot_progress_pms_system_scan_start: 24647
01-02 22:30:06.869   459   459 D dalvikvm: Unable to stat classpath element '/system/framework/com.intel.asf.jar'
01-02 22:30:06.869   459   459 W dalvikvm: method Landroid/test/InstrumentationTestRunner$StringResultPrinter;.print incorrectly overrides package-private method with same name in Ljunit/textui/ResultPrinter;
01-02 22:30:06.899   459   459 D dalvikvm: DexOpt: load 5ms, verify+opt 21ms, 517972 bytes
01-02 22:30:06.949   460   460 D dalvikvm: Unable to stat classpath element '/system/framework/com.intel.asf.jar'
01-02 22:30:06.949   460   460 D dalvikvm: DexOpt: load 1ms, verify+opt 2ms, 131396 bytes
01-02 22:30:06.999   461   461 D dalvikvm: Unable to stat classpath element '/system/framework/com.intel.asf.jar'
01-02 22:30:07.009   461   461 D dalvikvm: DexOpt: load 1ms, verify+opt 6ms, 134436 bytes
01-02 22:30:07.049   462   462 D dalvikvm: Unable to stat classpath element '/system/framework/com.intel.asf.jar'
01-02 22:30:07.059   462   462 D dalvikvm: DexOpt: load 1ms, verify+opt 1ms, 116724 bytes
01-02 22:30:07.099   463   463 D dalvikvm: Unable to stat classpath element '/system/framework/com.intel.asf.jar'
01-02 22:30:07.109   463   463 D dalvikvm: DexOpt: load 2ms, verify+opt 1ms, 124180 bytes
01-02 22:30:07.149   464   464 D dalvikvm: Unable to stat classpath element '/system/framework/com.intel.asf.jar'
01-02 22:30:07.159   464   464 D dalvikvm: Note: class Landroid/app/ActivityManagerNative; has 157 unimplemented (abstract) methods
