03-13 05:46:46.939   139   139 I Zygote  : ...preloaded 276 resources in 1694ms.
03-13 05:46:46.959   139   139 I boot_progress_preload_end: 18404
03-13 05:46:46.959   139   139 I Zygote  : ...preloaded 31 resources in 20ms.
03-13 05:46:46.969   139   139 D dalvikvm: GC_EXPLICIT freed 10K, 13% free 6042K/6916K, paused 0ms+0ms, total 8ms
03-13 05:46:46.979   139   139 D dalvikvm: GC_EXPLICIT freed 11K, 13% free 6031K/6916K, paused 2ms+0ms, total 9ms
03-13 05:46:46.979   139   139 D dalvikvm: GC_EXPLICIT freed <1K, 13% free 6031K/6916K, paused 0ms+1ms, total 7ms
03-13 05:46:46.989   139   139 I dalvikvm: System server process 413 has been created
03-13 05:46:46.989   413   413 D dalvikvm: Process 413 nice name: (null)
03-13 05:46:46.989   413   413 D dalvikvm: Extra Options: not specified
03-13 05:46:46.989   139   139 I Zygote  : Accepting command socket connections
03-13 05:46:47.079   413   413 D MultiDisplay: Entering int android::register_intel_multidisplay_DisplaySetting(JNIEnv*)
03-13 05:46:47.079   413   413 D MultiDisplay: Leaving int android::register_intel_multidisplay_DisplaySetting(JNIEnv*), return = 0
03-13 05:46:47.079   413   413 I sysproc : Entered system_init()
03-13 05:46:47.079   413   413 I sysproc : ServiceManager: 0x74efc470
03-13 05:46:47.079   413   413 I sysproc : System server: starting Intel MultiDisplay service.
03-13 05:46:47.079   413   413 I MultiDisplay: android::MultiDisplayService::MultiDisplayService(): create a MultiDisplay service, 0x74eddbd0
03-13 05:46:47.079   413   413 V MultiDisplay: Entering drmModeConnector* getConnector(int, uint32_t), 11
03-13 05:46:47.079   413   413 V MultiDisplay: Leaving drmModeConnector* getConnector(int, uint32_t), 11
03-13 05:46:47.079   413   413 I MultiDisplay: int MultiDisplayComposer::setModePolicy_l(int): policy 1, mHdmiPolicy 0x1, mMipiPolicy 0x2, mMode: 0x0
03-13 05:46:47.079   413   413 I MultiDisplay: Entering int MultiDisplayComposer::setHdmiMode_l(), current mode = 0
03-13 05:46:47.079   413   413 V MultiDisplay: Entering drmModeConnector* getConnector(int, uint32_t), 11
03-13 05:46:47.079   413   413 V MultiDisplay: Leaving drmModeConnector* getConnector(int, uint32_t), 11
03-13 05:46:47.079   413   413 E MultiDisplay: _drmModeConnector* getHdmiConnector(): Failed to get HDMI connector
03-13 05:46:47.079   413   413 I MultiDisplay: HDMI is disconnected.
03-13 05:46:47.079   413   413 W MultiDisplay: HDMI is already in disconnected state.
03-13 05:46:47.079   413   413 I MultiDisplay: int MultiDisplayComposer::setModePolicy_l(int): policy 2, mHdmiPolicy 0x1, mMipiPolicy 0x2, mMode: 0x0
03-13 05:46:47.079   413   413 D SensorService: nuSensorService starting...
03-13 05:46:47.109   413   413 I SystemServer: Entered the Android system server!
03-13 05:46:47.109   413   413 E Sensors : Get sensors mapper property error! Use default config.
03-13 05:46:47.109   413   413 D Sensors : accelerate calibration sys interface path: /sys/bus/i2c/devices/5-000f/cali
03-13 05:46:47.109   413   413 I SensorService: kxcj9
03-13 05:46:47.109   413   413 I SensorService: isl29023
03-13 05:46:47.109   413   413 I sysproc : System server: starting Android runtime.
03-13 05:46:47.109   413   413 I sysproc : System server: starting Android services.
03-13 05:46:47.109   413   427 D SensorService: nuSensorService thread starting...
03-13 05:46:47.159   413   429 I SystemServer: Enabled StrictMode logging for UI Looper
03-13 05:46:47.159   413   428 I SystemServer: Waiting for installd to be ready.
03-13 05:46:47.159   413   428 I Installer: connecting...
03-13 05:46:47.159   413   430 I SystemServer: Enabled StrictMode logging for WM Looper
03-13 05:46:47.159   413   428 I SystemServer: Entropy Mixer
03-13 05:46:47.159   413   428 I boot_progress_system_run: 18605
03-13 05:46:47.159   413   413 I sysproc : System server: entering thread pool.
03-13 05:46:47.159   140   140 I installd: new connection
03-13 05:46:47.349   413   428 I SystemServer: Power Manager
03-13 05:46:47.349   413   428 I SystemServer: Activity Manager
03-13 05:46:47.349   413   431 I ActivityManager: Memory class: 192
03-13 05:46:47.349   413   428 W Intel PowerHAL: **Intel Power HAL initialisation**
03-13 05:46:47.399   413   431 W UsageStats: Usage stats version changed; dropping
03-13 05:46:47.419   413   432 I KERNEL  : [   19.748249] BatteryStats-Wr used greatest stack depth: 6068 bytes left
03-13 05:46:47.439   413   428 I SystemServer: Display Manager
03-13 05:46:47.439   413   431 I ActivityManager: Enabled StrictMode logging for AThread's Looper
03-13 05:46:47.439   413   428 I SystemServer: Telephony Registry
03-13 05:46:47.439   413   428 I SystemServer: Scheduling Policy
03-13 05:46:47.439   413   430 I DisplayManagerService: Display device added: DisplayDeviceInfo{"Built-in Screen": 800 x 1280, 60.000004 fps, density 240, 189.906 x 189.023 dpi, touch INTERNAL, FLAG_DEFAULT_DISPLAY, FLAG_ROTATES_WITH_CONTENT, FLAG_SECURE, FLAG_SUPPORTS_PROTECTED_BUFFERS, rotation 0, type BUILT_IN, address null}
03-13 05:46:47.439   413   428 I SystemServer: Package Manager
03-13 05:46:47.439   413   428 I boot_progress_pms_start: 18885
03-13 05:46:47.609   413   428 W PackageManager: Running ENG build: no pre-dexopt!
03-13 05:46:47.609   413   428 W PackageManager: Boot class path not found: /system/framework/com.intel.asf.jar
03-13 05:46:47.609   413   428 I boot_progress_pms_system_scan_start: 19052
03-13 05:46:47.689   413   428 W PackageParser: No actions in intent filter at /system/app/Bluetooth.apk Binary XML file line #199
03-13 05:46:47.699   413   415 D dalvikvm: GC_CONCURRENT freed 1287K, 25% free 6676K/8832K, paused 1ms+1ms, total 9ms
03-13 05:46:47.799   413   428 W PackageParser: No actions in intent filter at /system/app/Contacts.apk Binary XML file line #533
03-13 05:46:47.799   150   173 E RIL_USI : queueRunner() Failed to open AT channel /dev/ttyUSB1 (No such file or directory), retrying in 1.
03-13 05:46:47.799   150   173 I RIL_USI : setRadioState() oldState=RADIO_STATE_OFF newState=RADIO_STATE_OFF
03-13 05:46:47.939   413   428 W PackageParser: Unknown element under <application>: permission at /system/app/Gallery2.apk Binary XML file line #221
03-13 05:46:47.939   413   428 W PackageParser: Unknown element under <application>: permission at /system/app/Gallery2.apk Binary XML file line #224
03-13 05:46:47.939   413   428 W PackageManager: Package com.android.gallery3d desires unavailable shared library com.google.android.media.effects; ignoring!
03-13 05:46:47.939   413   428 W ResourceType: Failure getting entry for 0x7f040018 (t=3 e=24) in package 0 (error -75)
03-13 05:46:47.939   413   428 W ResourceType: Failure getting entry for 0x7f040018 (t=3 e=24) in package 0 (error -75)
03-13 05:46:47.989   413   428 W PackageManager: Package com.intel.camera22 desires unavailable shared library com.google.android.media.effects; ignoring!
03-13 05:46:48.379   413   428 W PackageManager: Package com.intel.android.gallery3d desires unavailable shared library com.google.android.media.effects; ignoring!
03-13 05:46:48.479   413   428 D PackageManager: No files in app dir /vendor/app
03-13 05:46:48.499   413   428 I boot_progress_pms_data_scan_start: 19946
03-13 05:46:48.499   413   428 I PackageManager: Time to scan packages: 0.894 seconds
03-13 05:46:48.499   413   428 W PackageManager: Unknown permission com.google.android.googleapps.permission.GOOGLE_AUTH.mail in package com.android.contacts
03-13 05:46:48.499   413   428 W PackageManager: Unknown permission android.permission.ADD_SYSTEM_SERVICE in package com.android.phone
03-13 05:46:48.499   413   428 W PackageManager: Unknown permission com.google.android.googleapps.permission.GOOGLE_AUTH in package com.android.providers.calendar
03-13 05:46:48.499   413   428 W PackageManager: Unknown permission com.google.android.googleapps.permission.GOOGLE_AUTH.cl in package com.android.providers.calendar
03-13 05:46:48.499   413   428 W PackageManager: Unknown permission com.google.android.gallery3d.permission.GALLERY_PROVIDER in package com.android.bluetooth
03-13 05:46:48.499   413   428 W PackageManager: Unknown permission com.google.android.googleapps.permission.GOOGLE_AUTH.mail in package com.android.calendar
03-13 05:46:48.499   413   428 W PackageManager: Not granting permission android.permission.SEND_DOWNLOAD_COMPLETED_INTENTS to package com.android.browser (protectionLevel=2 flags=0x9be45)
03-13 05:46:48.499   413   428 W PackageManager: Unknown permission com.google.android.gallery3d.permission.PICASA_STORE in package com.android.dreams.phototable
03-13 05:46:48.499   413   428 W PackageManager: Unknown permission com.google.android.googleapps.permission.GOOGLE_AUTH in package com.android.settings
03-13 05:46:48.499   413   428 W PackageManager: Unknown permission com.google.android.providers.gmail.permission.READ_GMAIL in package com.intel.android.gallery3d
03-13 05:46:48.499   413   428 W PackageManager: Unknown permission com.google.android.gm.permission.READ_GMAIL in package com.intel.android.gallery3d
03-13 05:46:48.499   413   428 I boot_progress_pms_scan_end: 19946
03-13 05:46:48.509   413   428 W PackageManager: Not granting permission android.permission.CONFIGURE_WIFI_DISPLAY to package com.intel.android.gallery3d (protectionLevel=2 flags=0x58bc45)
03-13 05:46:48.509   413   428 W PackageManager: Unknown permission com.google.android.gallery3d.permission.GALLERY_PROVIDER in package com.android.exchange
03-13 05:46:48.509   413   428 W PackageManager: Unknown permission com.google.android.googleapps.permission.ACCESS_GOOGLE_PASSWORD in package com.android.development
03-13 05:46:48.509   413   428 W PackageManager: Unknown permission com.google.android.googleapps.permission.GOOGLE_AUTH in package com.android.development
03-13 05:46:48.509   413   428 W PackageManager: Unknown permission com.google.android.googleapps.permission.GOOGLE_AUTH.ALL_SERVICES in package com.android.development
03-13 05:46:48.509   413   428 W PackageManager: Unknown permission com.google.android.googleapps.permission.GOOGLE_AUTH.YouTubeUser in package com.android.development
03-13 05:46:48.509   413   428 W PackageManager: Unknown permission com.google.android.gallery3d.permission.GALLERY_PROVIDER in package com.android.email
03-13 05:46:48.509   413   428 W PackageManager: Not granting permission android.permission.DEVICE_POWER to package com.android.deskclock (protectionLevel=2 flags=0x8be45)
03-13 05:46:48.599   413   428 I boot_progress_pms_ready: 20044
03-13 05:46:48.609   413   428 D dalvikvm: GC_EXPLICIT freed 844K, 19% free 7644K/9356K, paused 1ms+2ms, total 15ms
03-13 05:46:48.619   413   428 I SystemServer: User Service
03-13 05:46:48.619   413   428 I SystemServer: Account Manager
03-13 05:46:48.619   413   428 I SystemServer: Content Manager
03-13 05:46:48.619   413   428 I SystemServer: System Content Providers
03-13 05:46:48.629   413   428 I ActivityThread: Pub settings: com.android.providers.settings.SettingsProvider
03-13 05:46:48.669   413   438 D SettingsProvider: cache for settings table 'global' rows=42; fullycached=true
03-13 05:46:48.669   413   438 D SettingsProvider: cache for settings table 'secure' rows=34; fullycached=true
03-13 05:46:48.669   413   428 I SystemServer: Lights Service
03-13 05:46:48.669   413   438 D SettingsProvider: cache for settings table 'system' rows=35; fullycached=true
03-13 05:46:48.679   413   428 I SystemServer: Thermal Service enabled
03-13 05:46:48.679   413   428 I SystemServer: Battery Service
03-13 05:46:48.679   413   428 D lights  : opened /sys/class/backlight/intel_backlight/brightness, fd = 67
03-13 05:46:48.679   413   428 E lights  : faild to open /sys/class/keyboard-backlight/brightness, ret = 2
03-13 05:46:48.679   413   428 E lights  : faild to open /sys/class/leds/intel_keypad_led/brightness, ret = 2
03-13 05:46:48.679   413   428 E lights  : faild to open /sys/class/battery-backlight/brightness, ret = 2
03-13 05:46:48.679   413   428 E lights  : faild to open /sys/class/notifications-backlight/brightness, ret = 2
03-13 05:46:48.679   413   428 E lights  : faild to open /sys/class/attention-baklight/brightness, ret = 2
03-13 05:46:48.679   413   428 I ThermalService: Initializing Thermal Manager Service
03-13 05:46:48.679   413   428 E BatteryService: [intel] checkpoint for charger attached case.
03-13 05:46:48.679   413   428 E BatteryService: [intel] checkpoint for the type of charger USB.
03-13 05:46:48.679   413   428 E BatteryService: [intel] checkpoint for the type of USB charger.
03-13 05:46:48.699    72    72 I KERNEL  : [   21.026717] bq24192 1-006b: bq24192_set_cc:1182 1500
03-13 05:46:48.709    72    72 I KERNEL  : [   21.035032] bq24192 1-006b: bq24192_set_cv:1192 4350
03-13 05:46:48.719   413   428 I battery_status: [2,2,1,2,Li-ion]
03-13 05:46:48.719   413   428 I SystemServer: Current Mgmt Service
03-13 05:46:48.719   413   428 I battery_level: [84,3968,305,-479]
03-13 05:46:48.719    72    72 I KERNEL  : [   21.044259] get_battery_status: Set status=1 for bq27441
03-13 05:46:48.729   413   428 I SystemServer: Vibrator Service
03-13 05:46:48.729   413   428 V CurrentMgmtService: CurrentMgmtService start
03-13 05:46:48.729   413   428 E CurrentMgmtService: BCU JNI init
03-13 05:46:48.729   413   428 E CurrentMgmtService: Couldn't load bcu module (No such file or directory)
03-13 05:46:48.729   413   428 D Vibrator: New CVibrator object
03-13 05:46:48.729   413   428 D PROPERTY: get Audiocomms.Vibrator.LogsOn: 0
03-13 05:46:48.729   413   428 D Vibrator: Vibrator logs status: off
03-13 05:46:48.729   413   428 D PROPERTY: get Audiocomms.Vibrator.IsPresent: false
03-13 05:46:48.729   413   428 I Vibrator: parameter-framework [Vibrator] Hardware vibrator is not present!
03-13 05:46:48.729   413   428 D PROPERTY: get Audiocomms.Vibrator.ReduceRate: 100
03-13 05:46:48.729   413   441 D EVENT_THREAD: void CEventThread::run() Do poll with timeout: -1
03-13 05:46:48.739   413   428 I libsuspend: Selected early suspend
03-13 05:46:48.729   413   428 I KERNEL  : [   21.056479] request_suspend_state: wakeup (0->0) at 20172705438 (2014-03-13 05:46:48.737475060 UTC)
03-13 05:46:48.739   413   428 I SystemServer: Alarm Manager
03-13 05:46:48.739   413   428 I SystemServer: Init Watchdog
03-13 05:46:48.739   413   428 I SystemServer: Input Manager
03-13 05:46:48.739   413   428 I InputManager: Initializing input manager, mUseDevInputEventForAudioJack=true
03-13 05:46:48.739   413   428 I SystemServer: Window Manager
03-13 05:46:48.739   413   428 I libsuspend: Starting early suspend unblocker thread
03-13 05:46:48.739   143   143 D PermissionCache: checking android.permission.ACCESS_SURFACE_FLINGER for uid=1000 => granted (551 us)
03-13 05:46:48.739   143   184 D SurfaceFlinger: Screen acquired, type=0 flinger=0x415c06a0
03-13 05:46:48.739   143   184 D SurfaceFlinger:  screen was previously acquired
03-13 05:46:48.749   413   440 E BatteryService: [intel] checkpoint for charger attached case.
03-13 05:46:48.749   413   440 E BatteryService: [intel] checkpoint for the type of charger USB.
03-13 05:46:48.749   413   440 E BatteryService: [intel] checkpoint for the type of USB charger.
03-13 05:46:48.749    72    72 I KERNEL  : [   21.082455] bq24192 1-006b: bq24192_set_cc:1182 1500
03-13 05:46:48.759    72    72 I KERNEL  : [   21.090521] bq24192 1-006b: bq24192_set_cv:1192 4350
03-13 05:46:48.769   413   440 I battery_level: [84,3982,305,-384]
03-13 05:46:48.779    72    72 I KERNEL  : [   21.104462] get_battery_status: Set status=1 for bq27441
03-13 05:46:48.789   146   146 I wrs-omxil-core: found component library libOMXVideoDecoderAVCSecure.so
03-13 05:46:48.789   413   440 E BatteryService: [intel] checkpoint for charger attached case.
03-13 05:46:48.789   413   440 E BatteryService: [intel] checkpoint for the type of charger USB.
03-13 05:46:48.789   413   440 E BatteryService: [intel] checkpoint for the type of USB charger.
03-13 05:46:48.799   146   146 I cmodule : module libOMXVideoDecoderAVCSecure.so successfully loaded
03-13 05:46:48.799   146   146 I cmodule : module libOMXVideoDecoderAVCSecure.so successfully unloaded
03-13 05:46:48.799   146   146 I wrs-omxil-core: module libOMXVideoDecoderAVCSecure.so:OMX.Intel.hw_vd.h264.secure added to component list
03-13 05:46:48.799   146   146 I wrs-omxil-core: found component library libOMXVideoDecoderAVC.so
03-13 05:46:48.799   146   146 I cmodule : module libOMXVideoDecoderAVC.so successfully loaded
03-13 05:46:48.799   146   146 I cmodule : module libOMXVideoDecoderAVC.so successfully unloaded
03-13 05:46:48.799   146   146 I wrs-omxil-core: module libOMXVideoDecoderAVC.so:OMX.Intel.VideoDecoder.AVC added to component list
03-13 05:46:48.799   146   146 I wrs-omxil-core: found component library libOMXVideoDecoderVP8.so
03-13 05:46:48.799   146   146 I cmodule : module libOMXVideoDecoderVP8.so successfully loaded
03-13 05:46:48.799   146   146 I cmodule : module libOMXVideoDecoderVP8.so successfully unloaded
03-13 05:46:48.799   146   146 I wrs-omxil-core: module libOMXVideoDecoderVP8.so:OMX.Intel.VideoDecoder.VPX added to component list
03-13 05:46:48.799   146   146 I wrs-omxil-core: found component library libOMXVideoDecoderMPEG4.so
03-13 05:46:48.799   146   146 I cmodule : module libOMXVideoDecoderMPEG4.so successfully loaded
03-13 05:46:48.799   146   146 I cmodule : module libOMXVideoDecoderMPEG4.so successfully unloaded
03-13 05:46:48.799   146   146 I wrs-omxil-core: module libOMXVideoDecoderMPEG4.so:OMX.Intel.VideoDecoder.MPEG4 added to component list
03-13 05:46:48.799   146   146 I wrs-omxil-core: found component library libOMXVideoDecoderWMV.so
03-13 05:46:48.799   150   173 E RIL_USI : queueRunner() Failed to open AT channel /dev/ttyUSB1 (No such file or directory), retrying in 1.
03-13 05:46:48.799   150   173 I RIL_USI : setRadioState() oldState=RADIO_STATE_OFF newState=RADIO_STATE_OFF
03-13 05:46:48.809   413   429 I screen_toggled: 1
03-13 05:46:48.809   146   146 I cmodule : module libOMXVideoDecoderWMV.so successfully loaded
03-13 05:46:48.809   146   146 I cmodule : module libOMXVideoDecoderWMV.so successfully unloaded
03-13 05:46:48.809   146   146 I wrs-omxil-core: module libOMXVideoDecoderWMV.so:OMX.Intel.VideoDecoder.WMV added to component list
03-13 05:46:48.809   146   146 I wrs-omxil-core: found component library libOMXVideoDecoderH263.so
03-13 05:46:48.809   146   146 I cmodule : module libOMXVideoDecoderH263.so successfully loaded
03-13 05:46:48.809   146   146 I cmodule : module libOMXVideoDecoderH263.so successfully unloaded
03-13 05:46:48.809   146   146 I wrs-omxil-core: module libOMXVideoDecoderH263.so:OMX.Intel.VideoDecoder.H263 added to component list
03-13 05:46:48.809   146   146 I wrs-omxil-core: found component library libOMXVideoEncoderAVC.so
03-13 05:46:48.809   413   429 I WindowManager: Screen turning on...
03-13 05:46:48.809   413   429 D Sensors : calibration data path is /data/accel.conf
03-13 05:46:48.809   413   429 E Sensors : No accelerate calibration data found!, errno = 2
03-13 05:46:48.809   413   429 E Sensors : AccelSensor-virtual int AccelSensor::setDelay(int32_t, int64_t):Permission denied
03-13 05:46:48.809   146   146 I cmodule : module libOMXVideoEncoderAVC.so successfully loaded
03-13 05:46:48.809   146   146 I cmodule : module libOMXVideoEncoderAVC.so successfully unloaded
03-13 05:46:48.809   146   146 I wrs-omxil-core: module libOMXVideoEncoderAVC.so:OMX.Intel.VideoEncoder.AVC added to component list
03-13 05:46:48.809   146   146 I wrs-omxil-core: found component library libOMXVideoEncoderH263.so
03-13 05:46:48.809   413   429 E Sensors : AccelSensor-virtual int AccelSensor::setDelay(int32_t, int64_t):Permission denied
03-13 05:46:48.819   413   428 I InputManager: Starting input manager
03-13 05:46:48.819   413   428 I SystemServer: Bluetooth Manager Service
03-13 05:46:48.819   413   428 I SystemServer: Input Method Service
03-13 05:46:48.819   413   428 W InputMethodManagerService: Couldn't create dir.: /data/system/inputmethod
03-13 05:46:48.819   413   428 D BluetoothManagerService: Loading stored name and address
03-13 05:46:48.819   413   428 D BluetoothManagerService: Stored bluetooth Name=baylake,Address=CC:D2:9B:31:2B:71
03-13 05:46:48.819   146   146 I cmodule : module libOMXVideoEncoderH263.so successfully loaded
03-13 05:46:48.819   146   146 I cmodule : module libOMXVideoEncoderH263.so successfully unloaded
03-13 05:46:48.819   146   146 I wrs-omxil-core: module libOMXVideoEncoderH263.so:OMX.Intel.VideoEncoder.H263 added to component list
03-13 05:46:48.819   146   146 I wrs-omxil-core: found component library libOMXVideoEncoderMPEG4.so
03-13 05:46:48.819   146   146 I cmodule : module libOMXVideoEncoderMPEG4.so successfully loaded
03-13 05:46:48.819   146   146 I cmodule : module libOMXVideoEncoderMPEG4.so successfully unloaded
03-13 05:46:48.819   146   146 I wrs-omxil-core: module libOMXVideoEncoderMPEG4.so:OMX.Intel.VideoEncoder.MPEG4 added to component list
03-13 05:46:48.819   146   146 I         : OMX IL core libwrs_omxil_core_pvwrapped.so: declares component OMX.Intel.hw_vd.h264.secure
03-13 05:46:48.819   146   146 I         : OMX IL core libwrs_omxil_core_pvwrapped.so: declares component OMX.Intel.VideoDecoder.AVC
03-13 05:46:48.819   146   146 I         : OMX IL core libwrs_omxil_core_pvwrapped.so: declares component OMX.Intel.VideoDecoder.VPX
03-13 05:46:48.819   146   146 I         : OMX IL core libwrs_omxil_core_pvwrapped.so: declares component OMX.Intel.VideoDecoder.MPEG4
03-13 05:46:48.819   146   146 I         : OMX IL core libwrs_omxil_core_pvwrapped.so: declares component OMX.Intel.VideoDecoder.WMV
03-13 05:46:48.819   146   146 I         : OMX IL core libwrs_omxil_core_pvwrapped.so: declares component OMX.Intel.VideoDecoder.H263
03-13 05:46:48.819   146   146 I         : OMX IL core libwrs_omxil_core_pvwrapped.so: declares component OMX.Intel.VideoEncoder.AVC
03-13 05:46:48.819   146   146 I         : OMX IL core libwrs_omxil_core_pvwrapped.so: declares component OMX.Intel.VideoEncoder.H263
03-13 05:46:48.819   146   146 I         : OMX IL core libwrs_omxil_core_pvwrapped.so: declares component OMX.Intel.VideoEncoder.MPEG4
03-13 05:46:48.819   146   146 I         : OMX IL core libwrs_omxil_core_pvwrapped.so: contains 9 components
03-13 05:46:48.819   413   440 E BatteryService: [intel] checkpoint for charger attached case.
03-13 05:46:48.819   413   440 E BatteryService: [intel] checkpoint for the type of charger USB.
03-13 05:46:48.819   413   440 E BatteryService: [intel] checkpoint for the type of USB charger.
03-13 05:46:48.829   413   449 D EventHub: No input device configuration file found for device 'Sleep Button'.
03-13 05:46:48.829   146   146 I libva   : VA-API version 0.34.0
03-13 05:46:48.829   146   146 I libva   : va_getDriverName() returns 0
03-13 05:46:48.829   146   146 I libva   : Trying to open /system/lib/i965_drv_video.so
03-13 05:46:48.829   146   146 I libva   : Found init function __vaDriverInit_0_32
03-13 05:46:48.829   413   449 I EventHub: New device: id=1, fd=98, path='/dev/input/event1', name='Sleep Button', classes=0x1, configuration='', keyLayout='/system/usr/keylayout/Generic.kl', keyCharacterMap='/system/usr/keychars/Generic.kcm', builtinKeyboard=false, usingSuspendBlockIoctl=true, usingClockIoctl=true
03-13 05:46:48.829   413   449 D EventHub: No input device configuration file found for device 'Power Button'.
03-13 05:46:48.829   413   449 I EventHub: New device: id=2, fd=102, path='/dev/input/event0', name='Power Button', classes=0x1, configuration='', keyLayout='/system/usr/keylayout/Generic.kl', keyCharacterMap='/system/usr/keychars/Generic.kcm', builtinKeyboard=false, usingSuspendBlockIoctl=true, usingClockIoctl=true
03-13 05:46:48.829   413   449 D EventHub: No input device configuration file found for device 'Video Bus'.
03-13 05:46:48.839   413   449 I EventHub: New device: id=3, fd=103, path='/dev/input/event4', name='Video Bus', classes=0x1, configuration='', keyLayout='/system/usr/keylayout/Generic.kl', keyCharacterMap='/system/usr/keychars/Generic.kcm', builtinKeyboard=false, usingSuspendBlockIoctl=true, usingClockIoctl=true
03-13 05:46:48.839   413   449 D EventHub: No input device configuration file found for device 'gpio-lesskey-nrpt'.
03-13 05:46:48.839   146   146 I libva   : va_openDriver() returns 0
03-13 05:46:48.839   413   428 W ResourceType: Failure getting entry for 0x7f060000 (t=5 e=0) in package 0 (error -75)
03-13 05:46:48.849   413   428 I SystemServer: Accessibility Manager
03-13 05:46:48.849   146   146 I libva   : VA-API version 0.34.0
03-13 05:46:48.849   146   146 I libva   : va_getDriverName() returns 0
03-13 05:46:48.849   146   146 I libva   : Trying to open /system/lib/i965_drv_video.so
03-13 05:46:48.849   413   449 I EventHub: New device: id=4, fd=104, path='/dev/input/event5', name='gpio-lesskey-nrpt', classes=0x1, configuration='', keyLayout='/system/usr/keylayout/Generic.kl', keyCharacterMap='/system/usr/keychars/Generic.kcm', builtinKeyboard=false, usingSuspendBlockIoctl=true, usingClockIoctl=true
03-13 05:46:48.849   413   449 D EventHub: No input device configuration file found for device 'baytrailaudio Intel MID Audio Jack'.
03-13 05:46:48.849   413   428 I KERNEL  : [   21.176140] lowmemorykiller: lowmem_shrink: convert oom_adj to oom_score_adj:
03-13 05:46:48.859   146   146 I libva   : Found init function __vaDriverInit_0_32
03-13 05:46:48.859   413   428 I KERNEL  : [   21.184788] lowmemorykiller: oom_adj 0 => oom_score_adj 0
03-13 05:46:48.859   413   428 I KERNEL  : [   21.190926] lowmemorykiller: oom_adj 1 => oom_score_adj 58
03-13 05:46:48.869   413   428 I KERNEL  : [   21.197870] lowmemorykiller: oom_adj 2 => oom_score_adj 117
03-13 05:46:48.879   146   146 I libva   : va_openDriver() returns 0
03-13 05:46:48.879   146   146 I libva   : VA-API version 0.34.0
03-13 05:46:48.879   146   146 I libva   : va_getDriverName() returns 0
03-13 05:46:48.879   146   146 I libva   : Trying to open /system/lib/i965_drv_video.so
03-13 05:46:48.879   146   146 I libva   : Found init function __vaDriverInit_0_32
03-13 05:46:48.879   413   428 I KERNEL  : [   21.204392] lowmemorykiller: oom_adj 4 => oom_score_adj 235
03-13 05:46:48.879   413   428 I KERNEL  : [   21.210749] lowmemorykiller: oom_adj 9 => oom_score_adj 529
03-13 05:46:48.889   413   428 I KERNEL  : [   21.217164] lowmemorykiller: oom_adj 15 => oom_score_adj 1000
03-13 05:46:48.899   413   428 I ActivityManager: Config changes=15f8 {1.0 ?mcc?mnc en_US ldltr sw533dp w533dp h780dp 240dpi lrg port ?uimode ?night -touch -keyb/v/h -nav/h s.2}
03-13 05:46:48.899   413   428 I configuration_changed: 5624
03-13 05:46:48.899   413   428 I SystemServer: Mount Service
03-13 05:46:48.899   413   428 D MountService: got storage path: /storage/sdcard0 description: Internal storage primary: true removable: false emulated: true mtpReserve: 100 allowMassStorage: false maxFileSize: 0
03-13 05:46:48.899   413   428 D MountService: addVolumeLocked() StorageVolume [mStorageId=65537 mPath=/storage/emulated/0 mDescriptionId=17040631 mPrimary=true mRemovable=false mEmulated=true mMtpReserveSpace=100 mAllowMassStorage=false mMaxFileSize=0 mOwner=UserHandle{0}]
03-13 05:46:48.899   413   428 D MountService: got storage path: /storage/sdcard_ext description: SD card primary: false removable: true emulated: false mtpReserve: 0 allowMassStorage: false maxFileSize: 0
03-13 05:46:48.899   413   428 D MountService: addVolumeLocked() StorageVolume [mStorageId=0 mPath=/storage/sdcard_ext mDescriptionId=17040632 mPrimary=false mRemovable=true mEmulated=false mMtpReserveSpace=0 mAllowMassStorage=false mMaxFileSize=0 mOwner=null]
03-13 05:46:48.899   413   428 D MountService: got storage path: /storage/usbcard description: USB storage primary: false removable: true emulated: false mtpReserve: 0 allowMassStorage: false maxFileSize: 0
03-13 05:46:48.899   413   428 D MountService: addVolumeLocked() StorageVolume [mStorageId=0 mPath=/storage/usbcard mDescriptionId=17040633 mPrimary=false mRemovable=true mEmulated=false mMtpReserveSpace=0 mAllowMassStorage=false mMaxFileSize=0 mOwner=null]
03-13 05:46:48.909   413   428 I SystemServer: LockSettingsService
03-13 05:46:48.909   413   428 I SystemServer: Device Policy
03-13 05:46:48.909   413   428 I SystemServer: Status Bar
03-13 05:46:48.909   413   428 I SystemServer: Clipboard Service
03-13 05:46:48.909   413   469 I MountService: Updating valid state unmounted
03-13 05:46:48.909   413   469 D MountService: volume state changed for /storage/sdcard_ext (null -> unmounted)
03-13 05:46:48.909   413   469 I MountService: Updating valid state removed
03-13 05:46:48.909   413   469 D MountService: volume state changed for /storage/usbcard (null -> removed)
03-13 05:46:48.909   413   428 I SystemServer: NetworkManagement Service
03-13 05:46:48.909   413   428 I SystemServer: Text Service Manager Service
03-13 05:46:48.909   413   428 I SystemServer: NetworkStats Service
03-13 05:46:48.909   413   428 I SystemServer: NetworkPolicy Service
03-13 05:46:48.909   413   428 I SystemServer: Wi-Fi P2pService
03-13 05:46:48.909   146   146 I libva   : va_openDriver() returns 0
03-13 05:46:48.909   146   146 I         : OMX IL core libmfx_omx_core.so: declares component OMX.Intel.hw_vd.h264
03-13 05:46:48.909   146   146 I         : OMX IL core libmfx_omx_core.so: declares component OMX.Intel.hw_vd.vc1
03-13 05:46:48.909   146   146 I         : OMX IL core libmfx_omx_core.so: declares component OMX.Intel.hw_ve.h264
03-13 05:46:48.909   146   146 I         : OMX IL core libmfx_omx_core.so: contains 3 components
03-13 05:46:48.919   413   428 I SystemServer: Wi-Fi Service
03-13 05:46:48.919   146   146 E WVMExtractor: Failed to open libwvm.so
03-13 05:46:48.919   413   449 I EventHub: New device: id=5, fd=107, path='/dev/input/event8', name='baytrailaudio Intel MID Audio Jack', classes=0x81, configuration='', keyLayout='/system/usr/keylayout/baytrailaudio_Intel_MID_Audio_Jack.kl', keyCharacterMap='/system/usr/keychars/Generic.kcm', builtinKeyboard=false, usingSuspendBlockIoctl=true, usingClockIoctl=true
03-13 05:46:48.919   413   449 D EventHub: No input device configuration file found for device 'gpio-lesskey-rpt'.
03-13 05:46:48.919   413   449 I EventHub: New device: id=6, fd=129, path='/dev/input/event6', name='gpio-lesskey-rpt', classes=0x1, configuration='', keyLayout='/system/usr/keylayout/Generic.kl', keyCharacterMap='/system/usr/keychars/Generic.kcm', builtinKeyboard=false, usingSuspendBlockIoctl=true, usingClockIoctl=true
03-13 05:46:48.919   413   449 D EventHub: No input device configuration file found for device 'tp'.
03-13 05:46:48.919   413   449 I EventHub: New device: id=7, fd=133, path='/dev/input/event7', name='tp', classes=0x14, configuration='', keyLayout='', keyCharacterMap='', builtinKeyboard=false, usingSuspendBlockIoctl=true, usingClockIoctl=true
03-13 05:46:48.919   413   449 D EventHub: No input device configuration file found for device 'isl29023'.
03-13 05:46:48.919   146   477 I cip_VorbisDec: UMC Decoder plugin created, Media Codecs version: 1.0.2098
03-13 05:46:48.929   146   478 D cip_VorbisDec: UMCAudioDecoder::input data read (mSource->read) returned -1011, considering end of stream.
03-13 05:46:48.939   146   146 I cip_VorbisDec: UMC Decoder plugin deleted
03-13 05:46:48.949   413   428 D SystemServer: registerService service: com.intel.server.EthernetService
03-13 05:46:48.949   413   428 I SystemServer: EthernetService
03-13 05:46:48.949   413   428 I SystemServer: Connectivity Service
03-13 05:46:48.949   413   428 D ConnectivityService: ConnectivityService starting up
03-13 05:46:48.949   413   476 I wifi_state_changed: InitialState
03-13 05:46:48.949   413   476 I wifi_state_changed: DriverLoadedState
03-13 05:46:48.949   146   146 E WVMExtractor: Failed to open libwvm.so
03-13 05:46:48.949   146   481 I cip_VorbisDec: UMC Decoder plugin created, Media Codecs version: 1.0.2098
03-13 05:46:48.959   413   469 W PackageManager: Unknown permission com.google.android.googleapps.permission.GOOGLE_AUTH.mail in package com.android.contacts
03-13 05:46:48.959   413   469 W PackageManager: Unknown permission android.permission.ADD_SYSTEM_SERVICE in package com.android.phone
03-13 05:46:48.959   413   469 W PackageManager: Unknown permission com.google.android.googleapps.permission.GOOGLE_AUTH in package com.android.providers.calendar
03-13 05:46:48.959   413   469 W PackageManager: Unknown permission com.google.android.googleapps.permission.GOOGLE_AUTH.cl in package com.android.providers.calendar
03-13 05:46:48.959   413   469 W PackageManager: Unknown permission com.google.android.gallery3d.permission.GALLERY_PROVIDER in package com.android.bluetooth
03-13 05:46:48.959   413   469 W PackageManager: Unknown permission com.google.android.googleapps.permission.GOOGLE_AUTH.mail in package com.android.calendar
03-13 05:46:48.959   413   469 W PackageManager: Not granting permission android.permission.SEND_DOWNLOAD_COMPLETED_INTENTS to package com.android.browser (protectionLevel=2 flags=0x89be45)
03-13 05:46:48.959   413   469 W PackageManager: Unknown permission com.google.android.gallery3d.permission.PICASA_STORE in package com.android.dreams.phototable
03-13 05:46:48.959   413   469 W PackageManager: Unknown permission com.google.android.googleapps.permission.GOOGLE_AUTH in package com.android.settings
03-13 05:46:48.959   413   469 W PackageManager: Unknown permission com.google.android.providers.gmail.permission.READ_GMAIL in package com.intel.android.gallery3d
03-13 05:46:48.959   413   469 W PackageManager: Unknown permission com.google.android.gm.permission.READ_GMAIL in package com.intel.android.gallery3d
03-13 05:46:48.959   413   469 W PackageManager: Not granting permission android.permission.CONFIGURE_WIFI_DISPLAY to package com.intel.android.gallery3d (protectionLevel=2 flags=0xd8bc45)
03-13 05:46:48.959   413   469 W PackageManager: Unknown permission com.google.android.gallery3d.permission.GALLERY_PROVIDER in package com.android.exchange
03-13 05:46:48.959   413   469 W PackageManager: Unknown permission com.google.android.googleapps.permission.ACCESS_GOOGLE_PASSWORD in package com.android.development
03-13 05:46:48.959   413   469 W PackageManager: Unknown permission com.google.android.googleapps.permission.GOOGLE_AUTH in package com.android.development
03-13 05:46:48.959   413   469 W PackageManager: Unknown permission com.google.android.googleapps.permission.GOOGLE_AUTH.ALL_SERVICES in package com.android.development
03-13 05:46:48.959   413   469 W PackageManager: Unknown permission com.google.android.googleapps.permission.GOOGLE_AUTH.YouTubeUser in package com.android.development
03-13 05:46:48.959   413   469 W PackageManager: Unknown permission com.google.android.gallery3d.permission.GALLERY_PROVIDER in package com.android.email
03-13 05:46:48.959   413   469 W PackageManager: Not granting permission android.permission.DEVICE_POWER to package com.android.deskclock (protectionLevel=2 flags=0x88be45)
03-13 05:46:48.959   413   428 D BluetoothTethering: startMonitoring: target: Handler (com.android.server.ConnectivityService$NetworkStateTrackerHandler) {211a7bf0}
03-13 05:46:48.959   146   482 D cip_VorbisDec: UMCAudioDecoder::input data read (mSource->read) returned -1011, considering end of stream.
03-13 05:46:48.959   413   450 D BluetoothManagerService: Message: 20
03-13 05:46:48.959   413   450 D BluetoothManagerService: Added callback: android.bluetooth.BluetoothAdapter$1@211ac9d0:true
03-13 05:46:48.959   413   469 I PackageManager: No secure containers on sdcard
03-13 05:46:48.969   413   428 W ApplicationContext: Calling a method in the system process without a qualified user: android.app.ContextImpl.bindService:1412 android.bluetooth.BluetoothPan.<init>:141 android.bluetooth.BluetoothAdapter.getProfileProxy:1164 
03-13 05:46:48.969   413   449 E EventHub: could not get driver version for /dev/input/mice, Not a typewriter
03-13 05:46:48.969   413   450 D BluetoothManagerService: Message: 30
03-13 05:46:48.969   413   428 D BluetoothPan: BluetoothPan() call bindService
03-13 05:46:48.969   146   146 I cip_VorbisDec: UMC Decoder plugin deleted
03-13 05:46:49.009   413   449 D EventHub: No input device configuration file found for device 'kxcj9'.
03-13 05:46:49.089   413   449 I InputReader: Device added: id=-1, name='Virtual', sources=0x00000301
03-13 05:46:49.089   413   449 W InputReader: MultiTouch Device tp reported 255 slots but the framework only supports a maximum of 32 slots at this time.
03-13 05:46:49.089   413   449 I InputReader:   Touch device 'tp' could not query the properties of its associated display.  The device will be inoperable until the display size becomes available.
03-13 05:46:49.089   413   449 I InputReader: Device added: id=7, name='tp', sources=0x00001002
03-13 05:46:49.089   413   449 I InputReader: Device added: id=6, name='gpio-lesskey-rpt', sources=0x00000101
03-13 05:46:49.089   413   449 I InputReader: Device added: id=5, name='baytrailaudio Intel MID Audio Jack', sources=0x80000101
03-13 05:46:49.089   413   449 I InputReader: Device added: id=4, name='gpio-lesskey-nrpt', sources=0x00000101
03-13 05:46:49.089   413   449 I InputReader: Device added: id=3, name='Video Bus', sources=0x00000101
03-13 05:46:49.089   413   449 I InputReader: Device added: id=2, name='Power Button', sources=0x00000101
03-13 05:46:49.089   413   449 I InputReader: Device added: id=1, name='Sleep Button', sources=0x00000101
03-13 05:46:49.089   413   449 I InputReader: Reconfiguring input devices.  changes=0x00000004
03-13 05:46:49.089   413   449 I InputReader: Device reconfigured: id=7, name='tp', size 800x1280, orientation 0, mode 1, display id 0
03-13 05:46:49.089   413   428 D BluetoothPan: BluetoothPan(), bindService called
03-13 05:46:49.099   413   448 I ActivityManager: Config changes=1408 {1.0 ?mcc?mnc en_US ldltr sw533dp w533dp h780dp 240dpi lrg port ?uimode ?night finger -keyb/v/h -nav/h s.3}
03-13 05:46:49.099   413   428 E MobileDataStateTracker: default: Ignoring feature request because could not acquire PhoneService
03-13 05:46:49.099   413   428 E MobileDataStateTracker: default: Could not enable APN type "default"
03-13 05:46:49.099   413   428 I WifiService: WifiService starting up with Wi-Fi disabled
03-13 05:46:49.099   413   428 I SystemServer: Network Service Discovery Service
03-13 05:46:49.099   413   448 I configuration_changed: 5128
03-13 05:46:49.109   413   428 D NsdService: Network service discovery enabled true
03-13 05:46:49.109   413   428 I SystemServer: Throttle Service
03-13 05:46:49.109   413   428 I SystemServer: UpdateLock Service
03-13 05:46:49.179   413   428 I SystemServer: Notification Manager
03-13 05:46:49.179   413   428 I SystemServer: Device Storage Monitor
03-13 05:46:49.179   413   428 I SystemServer: Location Manager
03-13 05:46:49.179   413   428 I SystemServer: Country Detector
03-13 05:46:49.179   413   428 I SystemServer: Search Service
03-13 05:46:49.179   413   428 I SystemServer: DropBox Service
03-13 05:46:49.179   413   428 I SystemServer: Wallpaper Service
03-13 05:46:49.179   413   428 I SystemServer: Audio Service
03-13 05:46:49.179   413   428 I free_storage_left: [9598263296,1619922944,1557786624]
03-13 05:46:49.179   413   428 I free_storage_changed: 9598263296
03-13 05:46:49.189   413   424 I WAKELOCK_ACQUIRE: TIMESTAMP=20635190711, TAG=AudioOut_2, TYPE=PARTIAL_WAKE_LOCK             , COUNT=0, PID=146, UID=1013, FLAGS=
03-13 05:46:49.189   413   413 I WAKELOCK_ACQUIRE: TIMESTAMP=20636009495, TAG=AudioOut_3, TYPE=PARTIAL_WAKE_LOCK             , COUNT=0, PID=146, UID=1013, FLAGS=
03-13 05:46:49.189   413   428 I AudioService:   Remote Control   registerMediaButtonIntent() for PendingIntent{211f5cc8: PendingIntentRecord{211f5c70 android broadcastIntent}}
03-13 05:46:49.209   146   227 D RouteManager: setVoiceVolume: platform does NOT embed a Modem chip
03-13 05:46:49.209   146   454 D AudioHardwareALSA: Get MUTE true
03-13 05:46:49.219   413   428 I SystemServer: Intel Display Observer
03-13 05:46:49.219   413   428 I MultiDisplay: Create a new DisplaySetting
03-13 05:46:49.219   413   428 V MultiDisplay: Set Audio output from SPEAKER to SPEAKER
03-13 05:46:49.219   413   428 V MultiDisplay: Same Audio output, Don't set
03-13 05:46:49.219   413   428 I SystemServer: Dock Observer
03-13 05:46:49.219   413   428 W DockObserver: This kernel does not have dock station support
03-13 05:46:49.219   413   428 I SystemServer: Wired Accessory Manager
03-13 05:46:49.219   413   428 W WiredAccessoryManager: This kernel does not have usb audio support
03-13 05:46:49.219   413   428 W WiredAccessoryManager: This kernel does not have HDMI audio support
03-13 05:46:49.219   413   428 I SystemServer: USB Service
03-13 05:46:49.219   413   493 I WAKELOCK_ACQUIRE: TIMESTAMP=20661908454, TAG=usb_lock, TYPE=SCREEN_BRIGHT_WAKE_LOCK       , COUNT=0, PID=413, UID=1000, FLAGS= ACQUIRE_CAUSES_WAKEUP
03-13 05:46:49.219   413   428 I MultiDisplay: jboolean android::MDS_InitMDSClient(JNIEnv*, jobject, jobject): creating MultiDisplay JNI client.
03-13 05:46:49.219   413   428 I MultiDisplay: android::JNIMDSListener::JNIMDSListener(JNIEnv*, jobject, jobject): Creating MDS listener.
03-13 05:46:49.219   413   428 D MultiDisplay: MultiDisplayListener::MultiDisplayListener(int, const char*, android::sp<android::IExtendDisplayListener>): Register a new DisplaySetting client, 0x1
03-13 05:46:49.219   413   428 I KERNEL  : [   21.547799] acc_open
03-13 05:46:49.219   413   428 I KERNEL  : [   21.550347] acc_release
03-13 05:46:49.759   413   428 I SystemServer: Serial Service
03-13 05:46:49.759   413   428 I SystemServer: Twilight Service
03-13 05:46:49.759   413   428 I SystemServer: UI Mode Manager Service
03-13 05:46:49.759   413   428 I SystemServer: Backup Service
03-13 05:46:49.769   413   428 V BackupManagerService: No ancestral data
03-13 05:46:49.779   413   428 I backup_data_changed: android
03-13 05:46:49.799   413   428 I backup_data_changed: com.android.browser
03-13 05:46:49.799   150   173 E RIL_USI : queueRunner() Failed to open AT channel /dev/ttyUSB1 (No such file or directory), retrying in 1.
03-13 05:46:49.799   150   173 I RIL_USI : setRadioState() oldState=RADIO_STATE_OFF newState=RADIO_STATE_OFF
03-13 05:46:49.819   413   428 I backup_data_changed: com.android.calendar
03-13 05:46:49.819   413   428 I backup_data_changed: com.android.inputmethod.latin
03-13 05:46:49.819   413   428 I backup_data_changed: com.android.providers.settings
03-13 05:46:50.279   413   428 I backup_data_changed: com.android.providers.userdictionary
03-13 05:46:50.289   413   428 I BackupManagerService: Found stale backup journal, scheduling
03-13 05:46:50.289   413   428 I BackupManagerService:   android
03-13 05:46:50.289   413   428 I BackupManagerService:   com.android.browser
03-13 05:46:50.289   413   428 I BackupManagerService:   com.android.calendar
03-13 05:46:50.289   413   428 I BackupManagerService:   com.android.inputmethod.latin
03-13 05:46:50.289   413   428 I BackupManagerService:   com.android.providers.settings
03-13 05:46:50.289   413   428 I BackupManagerService:   com.android.providers.userdictionary
03-13 05:46:50.289   413   428 I BackupManagerService:   com.android.sharedstoragebackup
03-13 05:46:50.289   413   428 I BackupManagerService: Backup enabled => false
03-13 05:46:50.289   413   428 I SystemServer: AppWidget Service
03-13 05:46:50.289   413   428 I SystemServer: Recognition Service
03-13 05:46:50.289   413   428 I SystemServer: Smartcard System Service
03-13 05:46:50.289   413   428 W ApplicationContext: Calling a method in the system process without a qualified user: android.app.ContextImpl.bindService:1412 com.android.server.SmartcardSystemService.<init>:88 com.android.server.ServerThread.run:749 
03-13 05:46:50.289   413   428 W ActivityManager: Unable to start service Intent { act=org.simalliance.openmobileapi.service.ISmartcardService } U=0: not found
03-13 05:46:50.289   413   428 I SystemServer: DiskStats Service
03-13 05:46:50.289   413   428 I SystemServer: SamplingProfiler Service
03-13 05:46:50.289   413   428 I backup_data_changed: com.android.sharedstoragebackup
03-13 05:46:50.289   413   428 I backup_data_changed: android
03-13 05:46:50.289   413   428 I backup_data_changed: com.android.browser
03-13 05:46:50.289   413   428 I backup_data_changed: com.android.calendar
03-13 05:46:50.289   413   428 I backup_data_changed: com.android.inputmethod.latin
03-13 05:46:50.289   413   428 I backup_data_changed: com.android.providers.settings
03-13 05:46:50.289   413   428 I backup_data_changed: com.android.providers.userdictionary
03-13 05:46:50.289   413   428 I backup_data_changed: com.android.sharedstoragebackup
03-13 05:46:50.299   413   428 I SystemServer: NetworkTimeUpdateService
03-13 05:46:50.299   413   428 I SystemServer: CommonTimeManagementService
03-13 05:46:50.299   413   428 I SystemServer: CertBlacklister
03-13 05:46:50.299   413   428 I SystemServer: Dreams Service
03-13 05:46:50.299   413   428 I WindowManager: SAFE MODE not enabled
03-13 05:46:50.299   413   420 D dalvikvm: JIT started for system_server
03-13 05:46:50.309   413   428 I WAKELOCK_ACQUIRE: TIMESTAMP=21756057517, TAG=show keyguard, TYPE=PARTIAL_WAKE_LOCK             , COUNT=0, PID=413, UID=1000, FLAGS=
03-13 05:46:50.319   413   429 D dalvikvm: GREF has increased to 201
03-13 05:46:50.339   413   428 I ActivityManager: System now ready
03-13 05:46:50.339   413   428 I SystemServer: Making services ready
03-13 05:46:50.339   413   428 D SystemServer: Starting service: Intent { cmp=com.android.systemui/.SystemUIService }
03-13 05:46:50.339   413   428 I boot_progress_ams_ready: 21781
03-13 05:46:50.339   413   429 V TransportControlView: Create TCV com.android.internal.policy.impl.keyguard.KeyguardTransportControlView{21260080 V.E..... ......I. 0,0-0,0 #1020308 android:id/keyguard_transport_control}
03-13 05:46:50.349   413   428 I ActivityManager: Start proc com.android.systemui for service com.android.systemui/.SystemUIService: pid=501 uid=10041 gids={50041, 1028, 1015, 3002, 3001}
03-13 05:46:50.349   413   466 I MountService: doMountVolume: Mouting /storage/sdcard_ext
03-13 05:46:50.349   413   428 D NetworkManagementService: enabling bandwidth control
03-13 05:46:50.349   413   428 I am_proc_start: [0,501,10041,com.android.systemui,service,com.android.systemui/.SystemUIService]
03-13 05:46:50.349   413   428 I Zygote  : Process: zygote socket opened
03-13 05:46:50.349   413   420 I dalvikvm: JIT_INFO: VRDELAY_CAN_THROW cancel was not optimized for bytecode=0xdb
03-13 05:46:50.359   132   171 I Vold    : /dev/block/vold/179:1 being considered for volume sdcard_ext
03-13 05:46:50.359   132   171 D Vold    : Volume sdcard_ext state changing 1 (Idle-Unmounted) -> 3 (Checking)
03-13 05:46:50.359   413   468 I MountService: onEvent:: raw= 605 Volume sdcard_ext /storage/sdcard_ext state changed from 1 (Idle-Unmounted) to 3 (Checking) cooked =  605 Volume sdcard_ext /storage/sdcard_ext state changed from 1 (Idle-Unmounted) to 3 (Checking)
03-13 05:46:50.359   413   468 I MountService: notifyVolumeStateChange::unmounted
03-13 05:46:50.359   413   468 I MountService: updating volume state checking
03-13 05:46:50.359   413   468 D MountService: volume state changed for /storage/sdcard_ext (unmounted -> checking)
03-13 05:46:50.359   413   468 D MountService: sendStorageIntent Intent { act=android.intent.action.MEDIA_CHECKING dat=file:///storage/sdcard_ext (has extras) } to UserHandle{-1}
03-13 05:46:50.359   501   501 D dalvikvm: Process 501 nice name: com.android.systemui
03-13 05:46:50.359   501   501 D dalvikvm: Extra Options: not specified
03-13 05:46:50.359   413   430 I ivpg-hwinfo: Device ID = 0F31
03-13 05:46:50.359   413   430 I ivpg-hwinfo: KMD PPGTT support = 0
03-13 05:46:50.359   413   430 I ivpg-hwinfo: Processors = 4, Cores = 2
03-13 05:46:50.359   413   430 I ivpg-gralloc: initialized
03-13 05:46:50.359   132   171 I /system/bin/fsck_msdos: ** /dev/block/vold/179:1
03-13 05:46:50.359   132   171 I /system/bin/fsck_msdos: ** Phase 1 - Read FAT (compare skipped)
03-13 05:46:50.359   132   171 I /system/bin/fsck_msdos: Attempting to allocate 7482 KB for FAT
03-13 05:46:50.369   413   413 I am_proc_bound: [0,501,com.android.systemui]
03-13 05:46:50.369   413   413 I am_create_service: [0,556093560,com.android.systemui/.SystemUIService,501]
03-13 05:46:50.399   413   420 I dalvikvm: JIT_INFO: VRDELAY_CAN_THROW cancel was not optimized for bytecode=0xdb
03-13 05:46:50.419   501   501 D SystemUIService: loading: class com.android.systemui.statusbar.phone.PhoneStatusBar
03-13 05:46:50.419   501   501 D SystemUIService: running: com.android.systemui.statusbar.phone.PhoneStatusBar@2107afd0
03-13 05:46:50.419   413   425 I StatusBarManagerService: registerStatusBar bar=com.android.internal.statusbar.IStatusBar$Stub$Proxy@2131cc90
03-13 05:46:50.419   413   429 E KeyguardHostView: can't find user_selector in layout.
03-13 05:46:50.419   413   429 E KeyguardHostView: java.lang.Throwable
03-13 05:46:50.419   413   429 E KeyguardHostView: 	at com.android.internal.policy.impl.keyguard.KeyguardHostView.enableUserSelectorIfNecessary(KeyguardHostView.java:1449)
03-13 05:46:50.419   413   429 E KeyguardHostView: 	at com.android.internal.policy.impl.keyguard.KeyguardHostView.addDefaultWidgets(KeyguardHostView.java:1105)
03-13 05:46:50.419   413   429 E KeyguardHostView: 	at com.android.internal.policy.impl.keyguard.KeyguardHostView.onFinishInflate(KeyguardHostView.java:277)
03-13 05:46:50.419   413   429 E KeyguardHostView: 	at android.view.LayoutInflater.rInflate(LayoutInflater.java:754)
03-13 05:46:50.419   413   429 E KeyguardHostView: 	at android.view.LayoutInflater.inflate(LayoutInflater.java:489)
