03-13 05:46:50.419   413   429 E KeyguardHostView: 	at android.view.LayoutInflater.inflate(LayoutInflater.java:396)
03-13 05:46:50.419   413   429 E KeyguardHostView: 	at com.android.internal.policy.impl.keyguard.KeyguardViewManager.inflateKeyguardView(KeyguardViewManager.java:251)
03-13 05:46:50.419   413   429 E KeyguardHostView: 	at com.android.internal.policy.impl.keyguard.KeyguardViewManager.maybeCreateKeyguardLocked(KeyguardViewManager.java:233)
03-13 05:46:50.419   413   429 E KeyguardHostView: 	at com.android.internal.policy.impl.keyguard.KeyguardViewManager.show(KeyguardViewManager.java:102)
03-13 05:46:50.419   413   429 E KeyguardHostView: 	at com.android.internal.policy.impl.keyguard.KeyguardViewMediator.handleShow(KeyguardViewMediator.java:1258)
03-13 05:46:50.419   413   429 E KeyguardHostView: 	at com.android.internal.policy.impl.keyguard.KeyguardViewMediator.access$1400(KeyguardViewMediator.java:97)
03-13 05:46:50.419   413   429 E KeyguardHostView: 	at com.android.internal.policy.impl.keyguard.KeyguardViewMediator$4.handleMessage(KeyguardViewMediator.java:1128)
03-13 05:46:50.419   413   429 E KeyguardHostView: 	at android.os.Handler.dispatchMessage(Handler.java:99)
03-13 05:46:50.419   413   429 E KeyguardHostView: 	at android.os.Looper.loop(Looper.java:152)
03-13 05:46:50.419   413   429 E KeyguardHostView: 	at android.os.HandlerThread.run(HandlerThread.java:60)
03-13 05:46:50.459   413   415 D dalvikvm: GC_CONCURRENT freed 2996K, 31% free 8746K/12616K, paused 3ms+2ms, total 27ms
03-13 05:46:50.459   413   429 D dalvikvm: WAIT_FOR_CONCURRENT_GC blocked 18ms
03-13 05:46:50.469   141   141 I keystore: uid: 1000 action: e -> 7 state: 3 -> 3 retry: 4
03-13 05:46:50.519   413   420 I dalvikvm: JIT_INFO: VRDELAY_CAN_THROW cancel was not optimized for bytecode=0xdb
03-13 05:46:50.529   413   420 I dalvikvm: Total arena pages for JIT: 11
03-13 05:46:50.529   141   141 I keystore: uid: 1000 action: e -> 7 state: 3 -> 3 retry: 4
03-13 05:46:50.539   413   420 I dalvikvm: Total arena pages for JIT: 12
03-13 05:46:50.539   413   420 I dalvikvm: Total arena pages for JIT: 13
03-13 05:46:50.539   413   420 I dalvikvm: Total arena pages for JIT: 14
03-13 05:46:50.539   413   429 I WAKELOCK_RELEASE: TIMESTAMP=21982593909, TAG=show keyguard, TYPE=PARTIAL_WAKE_LOCK             , COUNT=0, PID=413, UID=1000, FLAGS=
03-13 05:46:50.539   413   420 I dalvikvm: Total arena pages for JIT: 15
03-13 05:46:50.559   413   420 I dalvikvm: JIT_INFO: VRDELAY_CAN_THROW cancel was not optimized for bytecode=0xdb
03-13 05:46:50.589   413   428 I ActivityManager: Config changes=200 {1.0 ?mcc?mnc en_US ldltr sw533dp w533dp h780dp 240dpi lrg port finger -keyb/v/h -nav/h s.4}
03-13 05:46:50.589   413   428 I configuration_changed: 512
03-13 05:46:50.589   413   493 I notification_enqueue: [android,17040461,NULL,-1,Notification(pri=-2 contentView=android/0x109008f vibrate=null sound=null defaults=0x0 flags=0x2 kind=[null])]
03-13 05:46:50.599   413   428 W RecognitionManagerService: no available voice recognition services found for user 0
03-13 05:46:50.599   501   506 D dalvikvm: GC_CONCURRENT freed 1159K, 23% free 6830K/8856K, paused 1ms+1ms, total 10ms
03-13 05:46:50.599   413   555 I KERNEL  : [   22.922170] xhci_hcd 0000:00:14.0: setting latency timer to 64
03-13 05:46:50.599    79    79 I KERNEL  : [   22.928978] usb usb1: usb wakeup-resume
03-13 05:46:50.609   413   555 I KERNEL  : [   22.933395] xhci_hcd 0000:00:14.0: hcd_pci_runtime_resume: 0
03-13 05:46:50.629   413   428 W InputMethodManagerService: Ignoring setImeWindowStatus of uid 1000 token: null
03-13 05:46:50.629   413   428 I am_create_service: [0,555178320,com.android.systemui/.ImageWallpaper,501]
03-13 05:46:50.629   413   429 V TAG     : bug 7643792: fitSystemWindows([0,0][0,0])
03-13 05:46:50.609    79    79 I KERNEL  : [   22.940086] usb usb1: usb auto-resume
03-13 05:46:50.619   413   555 I KERNEL  : [   22.944469] usb usb2: usb auto-resume
03-13 05:46:50.629   413   428 W InputMethodManagerService: Found no subtypes in a system IME: com.android.inputmethod.pinyin
03-13 05:46:50.629   413   428 W ResourceType: Failure getting entry for 0x7f060000 (t=5 e=0) in package 0 (error -75)
03-13 05:46:50.629   413   428 W ResourceType: Failure getting entry for 0x7f060000 (t=5 e=0) in package 0 (error -75)
03-13 05:46:50.639   413   428 I ActivityManager: Start proc com.android.inputmethod.latin for service com.android.inputmethod.latin/.LatinIME: pid=559 uid=10020 gids={50020, 1028}
03-13 05:46:50.639   413   428 I am_proc_start: [0,559,10020,com.android.inputmethod.latin,service,com.android.inputmethod.latin/.LatinIME]
03-13 05:46:50.639   413   450 D BluetoothManagerService: Message: 20
03-13 05:46:50.639   501   501 D BluetoothAdapter: 554382928: getState() :  mService = null. Returning STATE_OFF
03-13 05:46:50.639   413   450 D BluetoothManagerService: Added callback: android.bluetooth.IBluetoothManagerCallback$Stub$Proxy@21263738:true
03-13 05:46:50.639   501   501 D BluetoothAdapter: 554382928: getState() :  mService = null. Returning STATE_OFF
03-13 05:46:50.639   501   501 D BluetoothAdapter: 554382928: getState() :  mService = null. Returning STATE_OFF
03-13 05:46:50.639   559   559 D dalvikvm: Process 559 nice name: com.android.inputmethod.latin
03-13 05:46:50.639   559   559 D dalvikvm: Extra Options: not specified
03-13 05:46:50.639   413   555 I KERNEL  : [   22.961887] hub 2-0:1.0: hub_resume
03-13 05:46:50.639   413   555 I KERNEL  : [   22.963544] hub 1-0:1.0: hub_resume
03-13 05:46:50.639    31    31 I KERNEL  : [   22.969935] hub 1-0:1.0: state 7 ports 6 chg 0000 evt 0000
03-13 05:46:50.649   413   429 V TAG     : bug 7643792: fitSystemWindows([0,0][0,0])
03-13 05:46:50.649    31    31 I KERNEL  : [   22.976614] hub 2-0:1.0: state 7 ports 1 chg 0000 evt 0000
03-13 05:46:50.659   413   429 D libEGL  : loaded /system/lib/egl/libGLES_intel7.so
03-13 05:46:50.669   413   429 D         : droid_create_context : config id = 1 conf->NativeVisualID=1
03-13 05:46:50.669   413   429 D         : Pixel Format : GGL_PIXEL_FORMAT_RGBA_8888
03-13 05:46:50.669   413   429 I         : Requested context : GLES 2.0
03-13 05:46:50.679   413   429 D         : KMD context support not available
03-13 05:46:50.679   413   565 I LocationBlacklist: whitelist: []
03-13 05:46:50.679   413   565 I LocationBlacklist: blacklist: []
03-13 05:46:50.679   413   413 I am_proc_bound: [0,559,com.android.inputmethod.latin]
03-13 05:46:50.679   413   428 I CommonTimeManagementService: No common time service detected on this platform.  Common time services will be unavailable.
03-13 05:46:50.689   413   493 I notification_enqueue: [android,17040469,NULL,-1,Notification(pri=-1 contentView=android/0x109008f vibrate=null sound=null defaults=0x0 flags=0x2 kind=[null])]
03-13 05:46:50.689   413   429 D         : Pixel Format : GGL_PIXEL_FORMAT_RGBA_8888
03-13 05:46:50.699   413   429 D OpenGLRenderer: Enabling debug mode 0
03-13 05:46:50.739   413   568 W ThrottleService: unable to find stats for iface rmnet0
03-13 05:46:50.739   413   413 I am_create_service: [0,556151848,com.android.inputmethod.latin/.LatinIME,559]
03-13 05:46:50.739   413   449 I InputReader: Reconfiguring input devices.  changes=0x00000020
03-13 05:46:50.749   413   449 I InputReader: Reconfiguring input devices.  changes=0x00000010
03-13 05:46:50.749   413   429 V TransportControlView: Create TCV com.android.internal.policy.impl.keyguard.KeyguardTransportControlView{21201098 V.E..... ......I. 0,0-0,0 #1020308 android:id/keyguard_transport_control}
03-13 05:46:50.759   581   581 E ProbeModule: validate_module: cannot find module's dependency info: [netdev-rmnet0]
03-13 05:46:50.759   583   583 E ProbeModule: validate_module: cannot find module's dependency info: [rmnet0]
03-13 05:46:50.769   586   586 E ProbeModule: validate_module: cannot find module's dependency info: [netdev-rmnet0]
03-13 05:46:50.769   413   429 E KeyguardHostView: can't find user_selector in layout.
03-13 05:46:50.769   413   429 E KeyguardHostView: java.lang.Throwable
03-13 05:46:50.769   413   429 E KeyguardHostView: 	at com.android.internal.policy.impl.keyguard.KeyguardHostView.enableUserSelectorIfNecessary(KeyguardHostView.java:1449)
03-13 05:46:50.769   413   429 E KeyguardHostView: 	at com.android.internal.policy.impl.keyguard.KeyguardHostView.addDefaultWidgets(KeyguardHostView.java:1105)
03-13 05:46:50.769   413   429 E KeyguardHostView: 	at com.android.internal.policy.impl.keyguard.KeyguardHostView.onFinishInflate(KeyguardHostView.java:277)
03-13 05:46:50.769   413   429 E KeyguardHostView: 	at android.view.LayoutInflater.rInflate(LayoutInflater.java:754)
03-13 05:46:50.769   413   429 E KeyguardHostView: 	at android.view.LayoutInflater.inflate(LayoutInflater.java:489)
03-13 05:46:50.769   413   429 E KeyguardHostView: 	at android.view.LayoutInflater.inflate(LayoutInflater.java:396)
03-13 05:46:50.769   413   429 E KeyguardHostView: 	at com.android.internal.policy.impl.keyguard.KeyguardViewManager.inflateKeyguardView(KeyguardViewManager.java:251)
03-13 05:46:50.769   413   429 E KeyguardHostView: 	at com.android.internal.policy.impl.keyguard.KeyguardViewManager.maybeCreateKeyguardLocked(KeyguardViewManager.java:233)
03-13 05:46:50.769   413   429 E KeyguardHostView: 	at com.android.internal.policy.impl.keyguard.KeyguardViewManager.access$300(KeyguardViewManager.java:52)
03-13 05:46:50.769   413   429 E KeyguardHostView: 	at com.android.internal.policy.impl.keyguard.KeyguardViewManager$ViewManagerHost$1.run(KeyguardViewManager.java:152)
03-13 05:46:50.769   413   429 E KeyguardHostView: 	at android.os.Handler.handleCallback(Handler.java:725)
03-13 05:46:50.769   413   429 E KeyguardHostView: 	at android.os.Handler.dispatchMessage(Handler.java:92)
03-13 05:46:50.769   413   429 E KeyguardHostView: 	at android.os.Looper.loop(Looper.java:152)
03-13 05:46:50.769   413   429 E KeyguardHostView: 	at android.os.HandlerThread.run(HandlerThread.java:60)
03-13 05:46:50.779   559   559 I LatinIME: Hardware accelerated drawing: true
03-13 05:46:50.779   588   588 E ProbeModule: validate_module: cannot find module's dependency info: [rmnet0]
03-13 05:46:50.789   501   501 D BluetoothAdapter: 554382928: getState() :  mService = null. Returning STATE_OFF
03-13 05:46:50.789   592   592 E ProbeModule: validate_module: cannot find module's dependency info: [netdev-ifb0]
03-13 05:46:50.799   594   594 E ProbeModule: validate_module: cannot find module's dependency info: [ifb0]
03-13 05:46:50.799   150   173 E RIL_USI : queueRunner() Failed to open AT channel /dev/ttyUSB1 (No such file or directory), retrying in 1.
03-13 05:46:50.799   595   595 D dalvikvm: Process 595 nice name: com.android.phone
03-13 05:46:50.799   595   595 D dalvikvm: Extra Options: not specified
03-13 05:46:50.799   150   173 I RIL_USI : setRadioState() oldState=RADIO_STATE_OFF newState=RADIO_STATE_OFF
03-13 05:46:50.809   413   428 I ActivityManager: Start proc com.android.phone for added application com.android.phone: pid=595 uid=1001 gids={41001, 3002, 3001, 3003, 1015, 1028}
03-13 05:46:50.809   413   428 I am_proc_start: [0,595,1001,com.android.phone,added application,com.android.phone]
03-13 05:46:50.809   413   428 I ActivityManager: Start proc com.android.smspush for added application com.android.smspush: pid=600 uid=10045 gids={50045, 1028}
03-13 05:46:50.809   413   428 W ActivityManager: Broadcast Intent { act=android.intent.action.USER_STARTING flg=0x40000010 (has extras) } not ordered but result callback requested!
03-13 05:46:50.809   413   428 I ActivityManager: START u0 {act=android.intent.action.MAIN cat=[android.intent.category.HOME] flg=0x10000000 cmp=com.android.launcher/com.android.launcher2.Launcher} from pid 0
03-13 05:46:50.809   413   428 I am_proc_start: [0,600,10045,com.android.smspush,added application,com.android.smspush]
03-13 05:46:50.809   600   600 D dalvikvm: Process 600 nice name: com.android.smspush
03-13 05:46:50.809   600   600 D dalvikvm: Extra Options: not specified
03-13 05:46:50.819   413   428 I am_create_task: [0,2]
03-13 05:46:50.819   413   428 I am_create_activity: [0,557289984,2,com.android.launcher/com.android.launcher2.Launcher,android.intent.action.MAIN,NULL,NULL,268435456]
03-13 05:46:50.829   621   621 D dalvikvm: Process 621 nice name: com.android.launcher
03-13 05:46:50.829   413   428 I ActivityManager: Start proc com.android.launcher for activity com.android.launcher/com.android.launcher2.Launcher: pid=621 uid=10021 gids={50021, 1028}
03-13 05:46:50.829   413   428 I SystemServer: Enabled StrictMode for system server main thread.
03-13 05:46:50.829   413   428 I am_proc_start: [0,621,10021,com.android.launcher,activity,com.android.launcher/com.android.launcher2.Launcher]
03-13 05:46:50.829   413   568 I notification_cancel: [android,17302887,NULL,-1,0,0]
03-13 05:46:50.829   413   618 I am_proc_bound: [0,600,com.android.smspush]
03-13 05:46:50.829   621   621 D dalvikvm: Extra Options: not specified
03-13 05:46:50.889   413   425 I am_proc_bound: [0,595,com.android.phone]
03-13 05:46:50.889   559   559 W InputAttributes: No editor info for this field. Bug?
03-13 05:46:50.909   413   620 I am_proc_bound: [0,621,com.android.launcher]
03-13 05:46:50.909   413   620 I am_restart_activity: [0,557289984,2,com.android.launcher/com.android.launcher2.Launcher]
03-13 05:46:50.929   501   501 I binder_sample: [android.content.IContentService,2,16,com.android.systemui,3]
03-13 05:46:50.929   640   640 D dalvikvm: Process 640 nice name: android.process.media
03-13 05:46:50.929   640   640 D dalvikvm: Extra Options: not specified
03-13 05:46:50.939   413   431 I ActivityManager: Start proc android.process.media for broadcast com.android.providers.media/.MtpReceiver: pid=640 uid=10011 gids={50011, 1015, 1023, 1024, 1028, 2001, 3003, 3007}
03-13 05:46:50.939   559   639 E ActivityThread: Failed to find provider info for com.android.inputmethod.latin.dictionarypack
03-13 05:46:50.939   413   431 I am_proc_start: [0,640,10011,android.process.media,broadcast,com.android.providers.media/.MtpReceiver]
03-13 05:46:50.939   559   639 E BinaryDictionaryGetter: Could not find a dictionary pack
03-13 05:46:50.939   413   474 I KERNEL  : [   23.263919] qtaguid: ctrl_counterset(s 1 10021): insufficient priv from pid=474 tgid=413 uid=1000
03-13 05:46:50.949   413   474 I qtaguid : Failed write_ctrl(s 1 10021) res=-1 errno=1
03-13 05:46:50.949   413   474 W NetworkManagementSocketTagger: setKernelCountSet(10021, 1) failed with errno -1
03-13 05:46:50.949   132   171 I /system/bin/fsck_msdos: ** Phase 2 - Check Cluster Chains
03-13 05:46:50.959   656   656 D dalvikvm: Process 656 nice name: android.process.acore
03-13 05:46:50.959   413   637 I ActivityManager: Start proc android.process.acore for content provider com.android.providers.userdictionary/.UserDictionaryProvider: pid=656 uid=10000 gids={50000, 3003, 1015, 1028}
03-13 05:46:50.959   413   637 I am_proc_start: [0,656,10000,android.process.acore,content provider,com.android.providers.userdictionary/.UserDictionaryProvider]
03-13 05:46:50.959   413   425 I am_proc_bound: [0,640,android.process.media]
03-13 05:46:50.959   656   656 D dalvikvm: Extra Options: not specified
03-13 05:46:50.969   413   618 W ResourceType: Failure getting entry for 0x7f060000 (t=5 e=0) in package 0 (error -75)
03-13 05:46:50.969   413   618 W InputMethodManagerService: Found no subtypes in a system IME: com.android.inputmethod.pinyin
03-13 05:46:50.969   413   618 W ResourceType: Failure getting entry for 0x7f060000 (t=5 e=0) in package 0 (error -75)
03-13 05:46:50.979   413   565 W LocationManagerService: no network location provider found
03-13 05:46:50.979   595   595 I ActivityThread: Pub mms: com.android.providers.telephony.MmsProvider
03-13 05:46:50.979   413   565 W ServiceWatcher: com.google.android.location not found
03-13 05:46:50.979   413   565 W ServiceWatcher: com.google.android.location not found
03-13 05:46:50.979   413   565 W ServiceWatcher: com.google.android.location not found
03-13 05:46:50.979   621   621 I ActivityThread: Pub com.android.launcher2.settings: com.android.launcher2.LauncherProvider
03-13 05:46:50.979   595   595 I ActivityThread: Pub sms: com.android.providers.telephony.SmsProvider
03-13 05:46:50.979   595   595 I ActivityThread: Pub telephony: com.android.providers.telephony.TelephonyProvider
03-13 05:46:50.989   595   595 W TelephonyProvider: onCreate: confFile=/system/etc/apns-conf.xml oldCheckSum=-1
03-13 05:46:50.989   595   595 D TelephonyManager: getLteOnCdmaMode=0 curVal=-1 product_type='' lteOnCdmaProductType=''
03-13 05:46:50.989   595   595 I ActivityThread: Pub icc: com.android.phone.IccProvider
03-13 05:46:51.009   595   595 I ActivityThread: Pub mms-sms: com.android.providers.telephony.MmsSmsProvider
03-13 05:46:51.019   501   501 D PhoneStatusBar: disable: < expand icons alerts ticker system_info back home recent clock search >
03-13 05:46:51.019   413   565 I ActivityManager: Start proc com.android.location.fused for service com.android.location.fused/.FusedLocationService: pid=671 uid=10014 gids={50014, 1028}
03-13 05:46:51.019   413   565 I am_proc_start: [0,671,10014,com.android.location.fused,service,com.android.location.fused/.FusedLocationService]
03-13 05:46:51.019   413   618 I am_proc_bound: [0,656,android.process.acore]
03-13 05:46:51.019   640   640 I ActivityThread: Pub media: com.android.providers.media.MediaProvider
03-13 05:46:51.019   671   671 D dalvikvm: Process 671 nice name: com.android.location.fused
03-13 05:46:51.019   671   671 D dalvikvm: Extra Options: not specified
03-13 05:46:51.029   595   595 I binder_sample: [android.app.IActivityManager,30,26,com.android.phone,5]
03-13 05:46:51.039   595   595 D TelephonyManager: getLteOnCdmaMode=0 curVal=-1 product_type='' lteOnCdmaProductType=''
03-13 05:46:51.039   595   595 D TelephonyManager: getLteOnCdmaMode=0 curVal=-1 product_type='' lteOnCdmaProductType=''
03-13 05:46:51.039   595   595 I PHONE   : Network Mode set to 0
03-13 05:46:51.039   595   595 I PHONE   : lteOnCdma is 0 use SUBSCRIPTION_FROM_NV
03-13 05:46:51.039   595   595 I PHONE   : Cdma Subscription set to 1
03-13 05:46:51.049   413   565 W ServiceWatcher: com.google.android.location not found
03-13 05:46:51.049   595   595 D RILJ    : RIL(context, preferredNetworkType=0 cdmaSubscription=1)
03-13 05:46:51.059   413   424 I am_proc_bound: [0,671,com.android.location.fused]
03-13 05:46:51.059   656   656 I ActivityThread: Pub com.android.voicemail: com.android.providers.contacts.VoicemailContentProvider
03-13 05:46:51.059   595   595 D RILJ    : Starting RILReceiver
03-13 05:46:51.059   150   172 I RILC    : libril: new connection
03-13 05:46:51.059   150   172 I RILC    : RIL Daemon version: UG una-ril 4.1.1.0-alpha Jan 21 2014 11:04:04
03-13 05:46:51.059   595   687 I RILJ    : Connected to 'rild' socket
03-13 05:46:51.059   595   687 D RILJ    : [UNSL]< UNSOL_RIL_CONNECTED {7}
03-13 05:46:51.069   413   674 I WAKELOCK_ACQUIRE: TIMESTAMP=22509553299, TAG=RILJ, TYPE=PARTIAL_WAKE_LOCK             , COUNT=0, PID=595, UID=1001, FLAGS=
03-13 05:46:51.069   413   424 I am_create_service: [0,557430200,com.android.location.fused/.FusedLocationService,671]
03-13 05:46:51.069   413   420 I dalvikvm: Total arena pages for JIT: 16
03-13 05:46:51.069   413   420 I dalvikvm: Total arena pages for JIT: 17
03-13 05:46:51.069   413   420 I dalvikvm: Total arena pages for JIT: 18
03-13 05:46:51.069   413   420 I dalvikvm: Total arena pages for JIT: 19
03-13 05:46:51.069   595   595 D TelephonyManager: persist.tel.lteOnGsmDevice is false
03-13 05:46:51.069   413   620 D dalvikvm: GREF has increased to 301
03-13 05:46:51.069   595   687 D RILJ    : [0000]> RADIO_POWER off
03-13 05:46:51.069   595   687 D RILJ    : [0001]> REQUEST_SET_PREFERRED_NETWORK_TYPE : 0
03-13 05:46:51.069   595   595 D RIL_UiccController: Creating UiccController
03-13 05:46:51.069   595   595 I PHONE   : Creating GSMPhone
03-13 05:46:51.079   413   424 I WAKELOCK_ACQUIRE: TIMESTAMP=22521107440, TAG=RILJ, TYPE=PARTIAL_WAKE_LOCK             , COUNT=0, PID=595, UID=1001, FLAGS=
03-13 05:46:51.079   413   618 I WAKELOCK_ACQUIRE: TIMESTAMP=22522193368, TAG=RILJ, TYPE=PARTIAL_WAKE_LOCK             , COUNT=0, PID=595, UID=1001, FLAGS=
03-13 05:46:51.079   413   413 I WAKELOCK_ACQUIRE: TIMESTAMP=22524783940, TAG=RILJ, TYPE=PARTIAL_WAKE_LOCK             , COUNT=0, PID=595, UID=1001, FLAGS=
03-13 05:46:51.079   132   171 I /system/bin/fsck_msdos: ** Phase 3 - Checking Directories
03-13 05:46:51.079   595   687 D RILJ    : [0002]> RIL_REQUEST_CDMA_SET_SUBSCRIPTION_SOURCE : 1
03-13 05:46:51.079   595   687 D RILJ    : [UNSL]< UNSOL_RESPONSE_RADIO_STATE_CHANGED RADIO_OFF
03-13 05:46:51.079   595   687 D RILB    : Notifying: radio available
03-13 05:46:51.079   595   687 D RILJ    : [0003]> SCREEN_STATE: true
03-13 05:46:51.089   501   501 D StorageNotification: Startup with UMS connection false (media state mounted)
03-13 05:46:51.099   501   689 I StorageNotification: UMS connection changed to false (media state mounted)
03-13 05:46:51.099   501   501 D BluetoothAdapter: 554382928: getState() :  mService = null. Returning STATE_OFF
03-13 05:46:51.099   501   501 D BluetoothAdapter: 554382928: getState() :  mService = null. Returning STATE_OFF
03-13 05:46:51.099   595   595 D PHONE   : mDoesRilSendMultipleCallRing=true
03-13 05:46:51.099   595   595 D PHONE   : mCallRingDelay=3000
03-13 05:46:51.109   501   501 D SystemUIService: loading: class com.android.systemui.power.PowerUI
03-13 05:46:51.109   501   501 D SystemUIService: running: com.android.systemui.power.PowerUI@211cf998
03-13 05:46:51.109   501   501 D SystemUIService: loading: class com.android.systemui.media.RingtonePlayer
03-13 05:46:51.109   501   501 D SystemUIService: running: com.android.systemui.media.RingtonePlayer@211d0038
03-13 05:46:51.109   595   595 W Settings: Setting airplane_mode_on has moved from android.provider.Settings.System to android.provider.Settings.Global, returning read-only value.
03-13 05:46:51.109   595   595 W Settings: Setting auto_time has moved from android.provider.Settings.System to android.provider.Settings.Global, returning read-only global URI.
03-13 05:46:51.119   595   595 W Settings: Setting auto_time_zone has moved from android.provider.Settings.System to android.provider.Settings.Global, returning read-only global URI.
03-13 05:46:51.119   656   656 I ActivityThread: Pub applications: com.android.providers.applications.ApplicationsProvider
03-13 05:46:51.119   501   501 I Choreographer: Skipped 30 frames!  The application may be doing too much work on its main thread.
03-13 05:46:51.129   595   595 D RILJ    : setPhoneType=1 old value=0
03-13 05:46:51.129   413   670 I am_create_service: [0,557483104,com.android.smspush/.WapPushManager,600]
03-13 05:46:51.129   595   595 D SMS     : SMSDispatcher: ctor mSmsCapable=true format=3gpp mSmsReceiveDisabled=false mSmsSendDisabled=false
03-13 05:46:51.139   132   171 I /system/bin/fsck_msdos: ** Phase 4 - Checking for Lost Files
03-13 05:46:51.139   595   595 D GSM     : [GsmDCT] DCT.constructor
03-13 05:46:51.149   595   595 D         : [ApnContext:default] set reason as dataEnabled,current state IDLE
03-13 05:46:51.149   595   595 D         : [ApnContext:default] setRetryCount: 0
03-13 05:46:51.149   595   595 D         : [ApnContext:mms] set reason as dataEnabled,current state IDLE
03-13 05:46:51.149   595   595 D         : [ApnContext:mms] setRetryCount: 0
03-13 05:46:51.149   595   595 D         : [ApnContext:supl] set reason as dataEnabled,current state IDLE
03-13 05:46:51.149   595   595 D         : [ApnContext:supl] setRetryCount: 0
03-13 05:46:51.149   595   595 D         : [ApnContext:hipri] set reason as dataEnabled,current state IDLE
03-13 05:46:51.149   595   595 D         : [ApnContext:hipri] setRetryCount: 0
03-13 05:46:51.149   595   595 D         : [ApnContext:fota] set reason as dataEnabled,current state IDLE
03-13 05:46:51.149   595   595 D         : [ApnContext:fota] setRetryCount: 0
03-13 05:46:51.149   595   595 D         : [ApnContext:ims] set reason as dataEnabled,current state IDLE
03-13 05:46:51.149   595   595 D GSM     : [GsmDCT] GsmDCT.constructor
03-13 05:46:51.149   595   595 D GSM     : [ApnContext:default] set mDependencyMet as false current state is true
03-13 05:46:51.149   595   595 D GSM     : [ApnContext:default] set enabled as true, current state is false
03-13 05:46:51.149   595   595 D GSM     : [GsmDCT] applyNewState(default, true(true), true(false))
03-13 05:46:51.149   595   595 D GSM     : [ApnContext:default] set reason as dependencyMet,current state IDLE
03-13 05:46:51.149   595   595 D GSM     : [ApnContext:default] set enabled as true, current state is true
03-13 05:46:51.149   595   595 D GSM     : [ApnContext:default] set mDependencyMet as true current state is false
03-13 05:46:51.149   595   595 D GSM     : [GsmDCT] trySetupData for type:default due to dependencyMet
03-13 05:46:51.149   595   595 D GSM     : [GsmDCT] trySetupData with mIsPsRestricted=false
03-13 05:46:51.149   595   595 D GSM     : [GsmDCT] isDataAllowed: not allowed due to - gprs= 1 - SIM not loaded
03-13 05:46:51.149   595   595 D GSM     : [GsmDCT] notifyOffApnsOfAvailability skipped apn due to isReady==false: {mApnType=default mState=IDLE mWaitingApns=null mWaitingApnsPermanentFailureCountDown=0 mApnSetting=null mDataConnectionAc=null mReason=dependencyMet mRetryCount=0 mDataEnabled=true mDependencyMet=true}
03-13 05:46:51.149   595   595 D GSM     : [ApnContext:mms] set mDependencyMet as false current state is true
03-13 05:46:51.149   595   595 D GSM     : [GsmDCT] applyNewState(mms, false(false), true(false))
03-13 05:46:51.149   595   595 D GSM     : [ApnContext:mms] set enabled as false, current state is false
03-13 05:46:51.149   595   595 D GSM     : [ApnContext:mms] set mDependencyMet as true current state is false
03-13 05:46:51.149   595   595 D GSM     : [ApnContext:supl] set mDependencyMet as false current state is true
03-13 05:46:51.149   595   595 D GSM     : [GsmDCT] applyNewState(supl, false(false), true(false))
03-13 05:46:51.149   595   595 D GSM     : [ApnContext:supl] set enabled as false, current state is false
03-13 05:46:51.149   595   595 D GSM     : [ApnContext:supl] set mDependencyMet as true current state is false
03-13 05:46:51.149   595   595 D GSM     : [ApnContext:hipri] set mDependencyMet as false current state is true
03-13 05:46:51.149   595   595 D GSM     : [GsmDCT] applyNewState(hipri, false(false), true(false))
03-13 05:46:51.149   595   595 D GSM     : [ApnContext:hipri] set enabled as false, current state is false
03-13 05:46:51.149   595   595 D GSM     : [ApnContext:hipri] set mDependencyMet as true current state is false
03-13 05:46:51.149   595   595 D GSM     : [ApnContext:fota] set mDependencyMet as false current state is true
03-13 05:46:51.149   595   595 D GSM     : [GsmDCT] applyNewState(fota, false(false), true(false))
03-13 05:46:51.149   595   595 D GSM     : [ApnContext:fota] set enabled as false, current state is false
03-13 05:46:51.149   595   595 D GSM     : [ApnContext:fota] set mDependencyMet as true current state is false
03-13 05:46:51.149   595   595 D         : [ApnContext:ims] setRetryCount: 0
03-13 05:46:51.159   595   595 D         : [ApnContext:cbs] set reason as dataEnabled,current state IDLE
03-13 05:46:51.159   595   595 D         : [ApnContext:cbs] setRetryCount: 0
03-13 05:46:51.159   595   595 D         : [ApnContext:dun] set reason as dataEnabled,current state IDLE
03-13 05:46:51.159   595   595 D         : [ApnContext:dun] setRetryCount: 0
03-13 05:46:51.159   595   595 D         : [ApnContext:bip_gprs1] set reason as dataEnabled,current state IDLE
03-13 05:46:51.159   595   595 D         : [ApnContext:bip_gprs1] setRetryCount: 0
03-13 05:46:51.159   595   595 D         : [ApnContext:bip_gprs2] set reason as dataEnabled,current state IDLE
03-13 05:46:51.159   595   595 D         : [ApnContext:bip_gprs2] setRetryCount: 0
03-13 05:46:51.159   413   620 I am_create_service: [0,557494616,com.android.phone/.TelephonyDebugService,595]
03-13 05:46:51.159   595   595 D TelephonyManager: getLteOnCdmaMode=0 curVal=-1 product_type='' lteOnCdmaProductType=''
03-13 05:46:51.159   595   595 D GSM     : [ApnContext:ims] set mDependencyMet as false current state is true
03-13 05:46:51.159   595   595 D GSM     : [GsmDCT] applyNewState(ims, false(false), true(false))
03-13 05:46:51.159   595   595 D GSM     : [ApnContext:ims] set enabled as false, current state is false
03-13 05:46:51.159   595   595 D GSM     : [ApnContext:ims] set mDependencyMet as true current state is false
03-13 05:46:51.159   595   595 D GSM     : [ApnContext:cbs] set mDependencyMet as false current state is true
03-13 05:46:51.159   595   595 D GSM     : [GsmDCT] applyNewState(cbs, false(false), true(false))
03-13 05:46:51.159   595   595 D GSM     : [ApnContext:cbs] set enabled as false, current state is false
03-13 05:46:51.159   595   595 D GSM     : [ApnContext:cbs] set mDependencyMet as true current state is false
03-13 05:46:51.159   595   595 D GSM     : [ApnContext:dun] set mDependencyMet as false current state is true
03-13 05:46:51.159   595   595 D GSM     : [GsmDCT] applyNewState(dun, false(false), true(false))
03-13 05:46:51.159   595   595 D GSM     : [ApnContext:dun] set enabled as false, current state is false
03-13 05:46:51.159   595   595 D GSM     : [ApnContext:dun] set mDependencyMet as true current state is false
03-13 05:46:51.159   595   595 D GSM     : [ApnContext:bip_gprs1] set mDependencyMet as false current state is true
03-13 05:46:51.159   595   595 D GSM     : [GsmDCT] applyNewState(bip_gprs1, false(false), true(false))
03-13 05:46:51.159   595   595 D GSM     : [ApnContext:bip_gprs1] set enabled as false, current state is false
03-13 05:46:51.159   595   595 D GSM     : [ApnContext:bip_gprs1] set mDependencyMet as true current state is false
03-13 05:46:51.159   595   595 D GSM     : [ApnContext:bip_gprs2] set mDependencyMet as false current state is true
03-13 05:46:51.159   595   595 D GSM     : [GsmDCT] applyNewState(bip_gprs2, false(false), true(false))
03-13 05:46:51.159   595   595 D GSM     : [ApnContext:bip_gprs2] set enabled as false, current state is false
03-13 05:46:51.159   595   595 D GSM     : [ApnContext:bip_gprs2] set mDependencyMet as true current state is false
03-13 05:46:51.159   595   595 D RILB    : registerForRilConnected h=Handler (com.android.internal.telephony.PhoneProxy) {2108d138} w=4
03-13 05:46:51.159   595   595 D RILB    : Notifying: ril connected mRilVersion=7
03-13 05:46:51.159   595   595 D RIL_IccCardProxy: Creating
03-13 05:46:51.159   595   595 D RIL_IccCardProxy: Broadcasting intent ACTION_SIM_STATE_CHANGED NOT_READY reason null
03-13 05:46:51.159   595   595 D RIL_IccCardProxy: Setting radio tech UMTS
03-13 05:46:51.159   595   595 D RIL_IccCardProxy: updateQuietMode: 3GPP subscription -> newQuietMode=false
03-13 05:46:51.159   595   595 D RIL_IccCardProxy: updateQuietMode: QuietMode is false (app_type=1 isLteOnCdmaMode=false cdmaSource=-1)
03-13 05:46:51.169   595   595 D CallManager: registerPhone(GSM Handler (com.android.internal.telephony.PhoneProxy) {2108d138})
03-13 05:46:51.169   413   565 E LocationManagerService: no geocoder provider found
03-13 05:46:51.179   413   565 I WAKELOCK_ACQUIRE: TIMESTAMP=22626834127, TAG=GpsLocationProvider, TYPE=PARTIAL_WAKE_LOCK             , COUNT=0, PID=413, UID=1000, FLAGS=
03-13 05:46:51.179   413   413 I notification_cancel: [com.android.phone,2,NULL,0,0,64]
03-13 05:46:51.179   413   620 I am_create_service: [0,557500088,com.android.phone/.BluetoothPhoneService,595]
03-13 05:46:51.179   640   640 I ActivityThread: Pub downloads: com.android.providers.downloads.DownloadProvider
03-13 05:46:51.179   413   450 D BluetoothManagerService: Message: 20
03-13 05:46:51.179   413   450 D BluetoothManagerService: Added callback: android.bluetooth.IBluetoothManagerCallback$Stub$Proxy@2107ddb0:true
03-13 05:46:51.189   413   620 I WAKELOCK_ACQUIRE: TIMESTAMP=22629297992, TAG=CallerInfoCache, TYPE=PARTIAL_WAKE_LOCK             , COUNT=0, PID=595, UID=1001, FLAGS=
03-13 05:46:51.189   413   565 W ApplicationContext: Calling a method in the system process without a qualified user: android.app.ContextImpl.sendBroadcast:1038 com.android.server.location.GpsLocationProvider.logCrashTool:787 com.android.server.location.GpsLocationProvider.handleEnable:815 
03-13 05:46:51.189   413   670 I am_create_service: [0,557515128,com.android.providers.downloads/.DownloadService,640]
03-13 05:46:51.189   413   565 D GpsLocationProvider: Sending Crashtool Broadcast ON
03-13 05:46:51.189   413   565 D libgps  : SendGpsExtensionMessage: Waiting for IPC connection...
03-13 05:46:51.199   640   640 I ActivityThread: Pub drm: com.android.providers.drm.DrmProvider
03-13 05:46:51.199   640   701 I DownloadManager: in removeSpuriousFiles
03-13 05:46:51.199   656   656 I ActivityThread: Pub com.android.contacts.dumpfile: com.android.providers.contacts.debug.DumpFileProvider
03-13 05:46:51.199   656   656 I ActivityThread: Pub contacts;com.android.contacts: com.android.providers.contacts.ContactsProvider2
03-13 05:46:51.209   146   404 I AudioPolicyManagerBase: getOutput() stream 0, samplingRate 0, format 0, channelMask 3, flags 0
03-13 05:46:51.209   413   670 I am_create_service: [0,557533264,com.android.providers.media/.MtpService,640]
03-13 05:46:51.229   146   404 I AudioPolicyManagerBase: getOutput() stream 0, samplingRate 0, format 0, channelMask 3, flags 0
03-13 05:46:51.229   143   143 I ivpg-gralloc: optimized allocation height:1208->1280
03-13 05:46:51.229   146   146 I AudioPolicyManagerBase: getOutput() stream 0, samplingRate 48000, format 1, channelMask 1, flags 4
03-13 05:46:51.229   413   450 D BluetoothManagerService: Message: 30
03-13 05:46:51.229   501   501 D libEGL  : loaded /system/lib/egl/libGLES_intel7.so
03-13 05:46:51.229   413   429 V TAG     : bug 7643792: fitSystemWindows([0,38][0,0])
03-13 05:46:51.239   704   704 D dalvikvm: Process 704 nice name: com.android.settings
03-13 05:46:51.239   704   704 D dalvikvm: Extra Options: not specified
03-13 05:46:51.249   413   425 I notification_cancel_all: [com.android.providers.downloads,0,0,64]
03-13 05:46:51.249   656   656 I ActivityThread: Pub call_log: com.android.providers.contacts.CallLogProvider
03-13 05:46:51.249   656   656 I ActivityThread: Pub user_dictionary: com.android.providers.userdictionary.UserDictionaryProvider
03-13 05:46:51.259   413   670 I ActivityManager: Start proc com.android.settings for broadcast com.android.settings/.widget.SettingsAppWidgetProvider: pid=704 uid=1000 gids={41000, 1015, 1028, 3002, 3001, 3003}
03-13 05:46:51.259   413   670 I am_proc_start: [0,704,1000,com.android.settings,broadcast,com.android.settings/.widget.SettingsAppWidgetProvider]
03-13 05:46:51.259   413   429 D         : Surface destroy: ANDROID_NATIVE_WINDOW_MAGIC
03-13 05:46:51.259   501   501 I ivpg-hwinfo: Device ID = 0F31
03-13 05:46:51.259   501   501 I ivpg-hwinfo: KMD PPGTT support = 0
03-13 05:46:51.259   501   501 I ivpg-hwinfo: Processors = 4, Cores = 2
03-13 05:46:51.259   501   501 I ivpg-gralloc: initialized
03-13 05:46:51.259   139   139 D dalvikvm: GC_EXPLICIT freed 39K, 14% free 6043K/6948K, paused 1ms+1ms, total 13ms
03-13 05:46:51.269   559   559 I binder_sample: [android.app.IActivityManager,29,334,com.android.inputmethod.latin,66]
03-13 05:46:51.269   501   501 D         : droid_create_context : config id = 1 conf->NativeVisualID=1
03-13 05:46:51.269   501   501 D         : Pixel Format : GGL_PIXEL_FORMAT_RGBA_8888
03-13 05:46:51.269   501   501 I         : Requested context : GLES 2.0
03-13 05:46:51.269   413   429 D         : Pixel Format : GGL_PIXEL_FORMAT_RGBA_8888
03-13 05:46:51.269   143   143 I ivpg-gralloc: optimized allocation height:1208->1280
03-13 05:46:51.269   139   139 D dalvikvm: GC_EXPLICIT freed <1K, 14% free 6043K/6948K, paused 0ms+0ms, total 10ms
03-13 05:46:51.279   139   139 D dalvikvm: GC_EXPLICIT freed <1K, 14% free 6043K/6948K, paused 1ms+1ms, total 9ms
03-13 05:46:51.299   501   501 D         : KMD context support not available
03-13 05:46:51.299   413   698 I libgps  : Restore: No SUPL config to restore
03-13 05:46:51.299   413   698 D GpsLocationProvider: set_capabilities_callback: 6
03-13 05:46:51.309   413   415 D dalvikvm: GC_CONCURRENT freed 3094K, 29% free 9791K/13648K, paused 3ms+3ms, total 97ms
03-13 05:46:51.309   143   435 I ivpg-gralloc: optimized allocation height:1208->1280
03-13 05:46:51.309   413   565 I libgps  : proxy_gps_xtra_init: called
03-13 05:46:51.309   413   698 I libgps  : OnGpsExtensionMessage: MSG_LCS_SET_LTOSYNCTHRESHOLDDAYS 3
03-13 05:46:51.309   413   565 I WAKELOCK_RELEASE: TIMESTAMP=22754794213, TAG=GpsLocationProvider, TYPE=PARTIAL_WAKE_LOCK             , COUNT=0, PID=413, UID=1000, FLAGS=
03-13 05:46:51.309   413   698 I libgps  : OnGpsExtensionMessage: MSG_LCS_SET_LTODIR /data/gps/
03-13 05:46:51.319   413   670 I am_proc_bound: [0,704,com.android.settings]
03-13 05:46:51.319   640   640 D MtpService: updating state; isCurrentUser=true, mMtpLocked=false
03-13 05:46:51.319   640   640 D MtpService: addStorageLocked 65537 /storage/emulated/0
03-13 05:46:51.319   559   720 E UserHistoryDictionary: when loading: file not foundjava.io.FileNotFoundException: /data/data/com.android.inputmethod.latin/files/UserHistoryDictionary.en_US.dict: open failed: ENOENT (No such file or directory)
03-13 05:46:51.339   413   424 I am_destroy_service: [0,557515128,640]
03-13 05:46:51.339   501   511 I dalvikvm: Total arena pages for JIT: 11
03-13 05:46:51.339   501   501 D         : Pixel Format : GGL_PIXEL_FORMAT_RGBA_8888
03-13 05:46:51.359   501   501 D OpenGLRenderer: Enabling debug mode 0
03-13 05:46:51.359   640   640 D MtpService: updating state; isCurrentUser=true, mMtpLocked=false
03-13 05:46:51.379   501   501 D         : Pixel Format : GGL_PIXEL_FORMAT_RGBA_8888
03-13 05:46:51.389   640   640 D MtpService: starting MTP server in MTP mode
03-13 05:46:51.389   640   640 I KERNEL  : [   23.718006] mtp_open
03-13 05:46:51.399   413   425 I WAKELOCK_ACQUIRE: TIMESTAMP=22840051281, TAG=RILJ, TYPE=PARTIAL_WAKE_LOCK             , COUNT=0, PID=595, UID=1001, FLAGS=
03-13 05:46:51.399   413   637 I WAKELOCK_ACQUIRE: TIMESTAMP=22841153421, TAG=RILJ, TYPE=PARTIAL_WAKE_LOCK             , COUNT=0, PID=595, UID=1001, FLAGS=
03-13 05:46:51.399   595   595 I gsm_service_state_change: [1,1,3,3]
03-13 05:46:51.399   640   640 D MtpService: addStorageLocked 65537 /storage/emulated/0
03-13 05:46:51.399   595   595 D RILJ    : [0004]> RADIO_POWER on
03-13 05:46:51.399   595   595 D GSM     : [GsmSST] Poll ServiceState done:  oldSS=[1 home null null null  Unknown CSS not supported 0 0 RoamInd=0 DefRoamInd=0 EmergOnly=false] newSS=[3 home null null null  Unknown CSS not supported -1 -1 RoamInd=-1 DefRoamInd=-1 EmergOnly=false] oldGprs=1 newData=3 oldMaxDataCalls=1 mNewMaxDataCalls=1 oldReasonDataDenied=-1 mNewReasonDataDenied=-1 oldType=Unknown newType=Unknown
03-13 05:46:51.399   595   595 D RILJ    : [0005]> OPERATOR
03-13 05:46:51.399   595   595 D GSM     : [GsmSST] updateSpnDisplay: radio is off w/ showPlmn=false plmn=null
03-13 05:46:51.399   595   595 D GSM     : [GsmSST] updateSpnDisplay: changed sending intent rule=0 showPlmn='false' plmn='null' showSpn='false' spn=''
03-13 05:46:51.409   413   431 E NotificationService: Ignoring notification with icon==0: Notification(pri=0 contentView=null vibrate=null sound=null defaults=0x0 flags=0x72 kind=[null])
03-13 05:46:51.409   413   431 I notification_enqueue: [com.android.providers.media,1337,NULL,0,Notification(pri=0 contentView=null vibrate=null sound=null defaults=0x0 flags=0x50 kind=[null])]
03-13 05:46:51.419   413   428 D DevicePolicyManagerService: Handling package changes for user 0
03-13 05:46:51.419   501   511 I dalvikvm: Total arena pages for JIT: 12
03-13 05:46:51.419   501   511 I dalvikvm: Total arena pages for JIT: 13
03-13 05:46:51.419   501   511 I dalvikvm: Total arena pages for JIT: 14
03-13 05:46:51.419   501   511 I dalvikvm: Total arena pages for JIT: 15
03-13 05:46:51.419   501   511 I dalvikvm: Total arena pages for JIT: 16
03-13 05:46:51.419   501   511 I dalvikvm: Total arena pages for JIT: 17
03-13 05:46:51.419   501   511 I dalvikvm: Total arena pages for JIT: 18
03-13 05:46:51.419   501   511 I dalvikvm: Total arena pages for JIT: 19
03-13 05:46:51.419   501   511 I dalvikvm: Total arena pages for JIT: 20
03-13 05:46:51.419   501   511 I dalvikvm: Total arena pages for JIT: 21
03-13 05:46:51.429   143   143 I ivpg-gralloc: optimized allocation height:1208->1280
03-13 05:46:51.429   595   595 D GSM     : [GsmSST] updateSpnDisplay: radio is off w/ showPlmn=false plmn=null
03-13 05:46:51.429   595   595 D GSM     : [GsmDCT] handleMessage msg={ what=270369 when=-289ms target=Handler (com.android.internal.telephony.gsm.GsmDataConnectionTracker) {21095680} name=0x42021 obj=android.os.AsyncResult@21096b08 }
03-13 05:46:51.429   595   595 D GSM     : [GsmDCT] handleMessage msg={ what=270337 when=-283ms target=Handler (com.android.internal.telephony.gsm.GsmDataConnectionTracker) {21095680} name=0x42001 obj=android.os.AsyncResult@21097608 }
03-13 05:46:51.429   595   595 D GSM     : [GsmDCT] onRadioAvailable
03-13 05:46:51.429   595   595 D GSM     : [GsmDCT] overall state is IDLE
03-13 05:46:51.429   595   595 D GSM     : [GsmDCT] handleMessage msg={ what=270342 when=-283ms target=Handler (com.android.internal.telephony.gsm.GsmDataConnectionTracker) {21095680} name=0x42006 obj=android.os.AsyncResult@21097b10 }
03-13 05:46:51.429   595   595 D GSM     : [ApnContext:bip_gprs1] setRetryCount: 0
03-13 05:46:51.429   595   595 D GSM     : [ApnContext:fota] setRetryCount: 0
03-13 05:46:51.429   595   595 D GSM     : [ApnContext:dun] setRetryCount: 0
03-13 05:46:51.429   595   595 D GSM     : [ApnContext:supl] setRetryCount: 0
03-13 05:46:51.429   595   595 D GSM     : [ApnContext:hipri] setRetryCount: 0
03-13 05:46:51.429   595   595 D GSM     : [ApnContext:ims] setRetryCount: 0
03-13 05:46:51.429   595   595 D GSM     : [ApnContext:default] setRetryCount: 0
03-13 05:46:51.429   595   595 D GSM     : [ApnContext:bip_gprs2] setRetryCount: 0
03-13 05:46:51.429   595   595 D GSM     : [ApnContext:mms] setRetryCount: 0
03-13 05:46:51.429   595   595 D GSM     : [ApnContext:cbs] setRetryCount: 0
03-13 05:46:51.429   595   595 D GSM     : [GsmDCT] onRadioOffOrNotAvailable: is off and clean up all connections
03-13 05:46:51.429   595   595 D GSM     : [GsmDCT] cleanUpAllConnections: tearDown=false reason=radioTurnedOff
03-13 05:46:51.429   595   595 D GSM     : [ApnContext:bip_gprs1] set reason as radioTurnedOff,current state IDLE
03-13 05:46:51.429   595   595 D GSM     : [GsmDCT] cleanUpConnection: E tearDown=false reason=radioTurnedOff apnContext={mApnType=bip_gprs1 mState=IDLE mWaitingApns=null mWaitingApnsPermanentFailureCountDown=0 mApnSetting=null mDataConnectionAc=null mReason=radioTurnedOff mRetryCount=0 mDataEnabled=false mDependencyMet=true}
03-13 05:46:51.429   595   595 D GSM     : [ApnContext:bip_gprs1] setState: IDLE, previous state:IDLE
03-13 05:46:51.429   595   595 D GSM     : [GsmDCT] isDataAllowed: not allowed due to - gprs= 3 - SIM not loaded
03-13 05:46:51.429   595   595 D GSM     : [GsmDCT] isDataPossible(bip_gprs1): possible=false isDataAllowed=false apnTypePossible=true apnContextisEnabled=false apnContextState()=IDLE
03-13 05:46:51.429   595   595 D GSM     : [GsmDCT] get active apn string for type:bip_gprs1
03-13 05:46:51.449   413   420 I dalvikvm: Total arena pages for JIT: 20
03-13 05:46:51.449   413   420 I dalvikvm: Total arena pages for JIT: 21
03-13 05:46:51.449   413   420 I dalvikvm: Total arena pages for JIT: 22
03-13 05:46:51.449   413   420 I dalvikvm: Total arena pages for JIT: 23
03-13 05:46:51.449   413   420 I dalvikvm: Total arena pages for JIT: 24
03-13 05:46:51.449   413   420 I dalvikvm: Total arena pages for JIT: 25
03-13 05:46:51.449   413   420 I dalvikvm: Total arena pages for JIT: 26
03-13 05:46:51.449   501   511 I dalvikvm: JIT_INFO: VRDELAY_CAN_THROW cancel was not optimized for bytecode=0xdb
03-13 05:46:51.469   501   511 I dalvikvm: JIT_INFO: VRDELAY_CAN_THROW cancel was not optimized for bytecode=0xdb
03-13 05:46:51.469   501   511 I dalvikvm: JIT_INFO: VRDELAY_CAN_THROW cancel was not optimized for bytecode=0xdb
03-13 05:46:51.469   501   511 I dalvikvm: JIT_INFO: VRDELAY_CAN_THROW cancel was not optimized for bytecode=0xdb
03-13 05:46:51.479   704   704 I binder_sample: [android.app.IActivityManager,63,19,com.android.settings,3]
03-13 05:46:51.479   595   595 D GSM     : [ApnContext:bip_gprs1] setDataConnection: old dc=null new dc=null this={mApnType=bip_gprs1 mState=IDLE mWaitingApns=null mWaitingApnsPermanentFailureCountDown=0 mApnSetting=null mDataConnectionAc=null mReason=radioTurnedOff mRetryCount=0 mDataEnabled=false mDependencyMet=true}
03-13 05:46:51.479   595   595 D GSM     : [ApnContext:bip_gprs1] setDataConnectionAc: old dcac=null new dcac=null
03-13 05:46:51.479   595   595 D GSM     : [GsmDCT] cleanUpConnection: X tearDown=false reason=radioTurnedOff apnContext={mApnType=bip_gprs1 mState=IDLE mWaitingApns=null mWaitingApnsPermanentFailureCountDown=0 mApnSetting=null mDataConnectionAc=null mReason=radioTurnedOff mRetryCount=0 mDataEnabled=false mDependencyMet=true} dc=null
03-13 05:46:51.479   595   595 D GSM     : [ApnContext:fota] set reason as radioTurnedOff,current state IDLE
03-13 05:46:51.479   595   595 D GSM     : [GsmDCT] cleanUpConnection: E tearDown=false reason=radioTurnedOff apnContext={mApnType=fota mState=IDLE mWaitingApns=null mWaitingApnsPermanentFailureCountDown=0 mApnSetting=null mDataConnectionAc=null mReason=radioTurnedOff mRetryCount=0 mDataEnabled=false mDependencyMet=true}
03-13 05:46:51.479   595   595 D GSM     : [ApnContext:fota] setState: IDLE, previous state:IDLE
03-13 05:46:51.479   595   595 D GSM     : [GsmDCT] isDataAllowed: not allowed due to - gprs= 3 - SIM not loaded
03-13 05:46:51.479   595   595 D GSM     : [GsmDCT] isDataPossible(fota): possible=false isDataAllowed=false apnTypePossible=true apnContextisEnabled=false apnContextState()=IDLE
03-13 05:46:51.479   595   595 D GSM     : [GsmDCT] get active apn string for type:fota
03-13 05:46:51.479   595   595 D GSM     : [ApnContext:fota] setDataConnection: old dc=null new dc=null this={mApnType=fota mState=IDLE mWaitingApns=null mWaitingApnsPermanentFailureCountDown=0 mApnSetting=null mDataConnectionAc=null mReason=radioTurnedOff mRetryCount=0 mDataEnabled=false mDependencyMet=true}
03-13 05:46:51.479   595   595 D GSM     : [ApnContext:fota] setDataConnectionAc: old dcac=null new dcac=null
03-13 05:46:51.479   595   595 D GSM     : [GsmDCT] cleanUpConnection: X tearDown=false reason=radioTurnedOff apnContext={mApnType=fota mState=IDLE mWaitingApns=null mWaitingApnsPermanentFailureCountDown=0 mApnSetting=null mDataConnectionAc=null mReason=radioTurnedOff mRetryCount=0 mDataEnabled=false mDependencyMet=true} dc=null
03-13 05:46:51.479   595   595 D GSM     : [ApnContext:dun] set reason as radioTurnedOff,current state IDLE
03-13 05:46:51.479   595   595 D GSM     : [GsmDCT] cleanUpConnection: E tearDown=false reason=radioTurnedOff apnContext={mApnType=dun mState=IDLE mWaitingApns=null mWaitingApnsPermanentFailureCountDown=0 mApnSetting=null mDataConnectionAc=null mReason=radioTurnedOff mRetryCount=0 mDataEnabled=false mDependencyMet=true}
03-13 05:46:51.479   595   595 D GSM     : [ApnContext:dun] setState: IDLE, previous state:IDLE
03-13 05:46:51.479   595   595 D GSM     : [GsmDCT] isDataAllowed: not allowed due to - gprs= 3 - SIM not loaded
03-13 05:46:51.489   413   450 D BluetoothManagerService: Message: 300
03-13 05:46:51.489   413   450 D BluetoothManagerService: MESSAGE_USER_SWITCHED
03-13 05:46:51.489   413   428 I AudioService:   Remote Control   registerMediaButtonIntent() for PendingIntent{211400f8: PendingIntentRecord{211f5c70 android broadcastIntent}}
03-13 05:46:51.489   595   595 D GSM     : [GsmDCT] isDataPossible(dun): possible=false isDataAllowed=false apnTypePossible=true apnContextisEnabled=false apnContextState()=IDLE
03-13 05:46:51.489   595   595 D GSM     : [GsmDCT] get active apn string for type:dun
03-13 05:46:51.489   595   595 D GSM     : [ApnContext:dun] setDataConnection: old dc=null new dc=null this={mApnType=dun mState=IDLE mWaitingApns=null mWaitingApnsPermanentFailureCountDown=0 mApnSetting=null mDataConnectionAc=null mReason=radioTurnedOff mRetryCount=0 mDataEnabled=false mDependencyMet=true}
03-13 05:46:51.489   595   595 D GSM     : [ApnContext:dun] setDataConnectionAc: old dcac=null new dcac=null
03-13 05:46:51.489   595   595 D GSM     : [GsmDCT] cleanUpConnection: X tearDown=false reason=radioTurnedOff apnContext={mApnType=dun mState=IDLE mWaitingApns=null mWaitingApnsPermanentFailureCountDown=0 mApnSetting=null mDataConnectionAc=null mReason=radioTurnedOff mRetryCount=0 mDataEnabled=false mDependencyMet=true} dc=null
03-13 05:46:51.489   595   595 D GSM     : [ApnContext:supl] set reason as radioTurnedOff,current state IDLE
03-13 05:46:51.489   595   595 D GSM     : [GsmDCT] cleanUpConnection: E tearDown=false reason=radioTurnedOff apnContext={mApnType=supl mState=IDLE mWaitingApns=null mWaitingApnsPermanentFailureCountDown=0 mApnSetting=null mDataConnectionAc=null mReason=radioTurnedOff mRetryCount=0 mDataEnabled=false mDependencyMet=true}
03-13 05:46:51.489   595   595 D GSM     : [ApnContext:supl] setState: IDLE, previous state:IDLE
03-13 05:46:51.489   595   595 D GSM     : [GsmDCT] isDataAllowed: not allowed due to - gprs= 3 - SIM not loaded
