01-02 22:27:17.550   110   110 I droidboot: Got parameter droidboot.minbatt = 0
01-02 22:27:17.550   110   110 I droidboot: Got parameter droidboot.scratch = 100
01-02 22:27:17.550   110   110 I droidboot: Got parameter droidboot.use_installer = 1
01-02 22:27:17.550   110   110 I droidboot: Got parameter droidboot.installer_usb = /dev/block/sda1
01-02 22:27:17.550   110   110 I droidboot: Got parameter droidboot.installer_file = installer.cmd
01-02 22:27:17.550   115   115 I KERNEL  : [   12.199250] getprop used greatest stack depth: 6928 bytes left
01-02 22:27:17.550   114   114 I KERNEL  : [   12.206925] OSNIB: write byte[9] = 0
01-02 22:27:17.560   114   114 I KERNEL  : [   12.211185] OSNIB checksum: 0xef
01-02 22:27:17.560   114   114 I KERNEL  : [   12.215091] OSNIB: write byte[31] = 239
01-02 22:27:17.590   110   110 I KERNEL  : [   12.240959] 
01-02 22:27:17.590   110   110 I KERNEL  : [   12.240967] [bug 98]: drm_crtc_helper_set_config is entered.
01-02 22:27:17.600   110   110 I KERNEL  : [   12.240989] 
01-02 22:27:17.600   110   110 I KERNEL  : [   12.240993] [bug 98]: drm_crtc_helper_set_config [CRTC:3] [FB:18] #connectors=1 (x y) (0 0)
01-02 22:27:17.610   110   110 I KERNEL  : [   12.241026] 
01-02 22:27:17.610   110   110 I KERNEL  : [   12.241030] [bug 98]: drm_crtc_helper_set_config [CONNECTOR:10:MIPI-1] to [CRTC:3]
01-02 22:27:17.620   110   110 I KERNEL  : [   12.241043] 
01-02 22:27:17.620   110   110 I KERNEL  : [   12.241047] [bug 98]: drm_crtc_helper_set_config is entered.
01-02 22:27:17.630   110   110 I KERNEL  : [   12.241057] 
01-02 22:27:17.630   110   110 I KERNEL  : [   12.241061] [bug 98]: drm_crtc_helper_set_config [CRTC:6] [NOFB]
01-02 22:27:17.640   110   110 I KERNEL  : [   12.241083] 
01-02 22:27:17.640   110   110 I KERNEL  : [   12.241087] [bug 98]: drm_helper_disable_unused_functions is called.
01-02 22:27:17.650   110   110 I KERNEL  : [   12.241100] 
01-02 22:27:17.650   110   110 I KERNEL  : [   12.241104] [bug 98]: drm_crtc_helper_set_config is entered.
01-02 22:27:17.650   110   110 I KERNEL  : [   12.241117] 
01-02 22:27:17.660   110   110 I KERNEL  : [   12.241121] [bug 98]: drm_crtc_helper_set_config [CRTC:3] [FB:18] #connectors=1 (x y) (0 0)
01-02 22:27:17.670   110   110 I KERNEL  : [   12.241145] 
01-02 22:27:17.670   110   110 I KERNEL  : [   12.241149] [bug 98]: drm_crtc_helper_set_config [CONNECTOR:10:MIPI-1] to [CRTC:3]
01-02 22:27:17.680   110   110 I KERNEL  : [   12.242966] partlink used greatest stack depth: 6724 bytes left
01-02 22:27:18.020   110   110 I X86Assembler: generated scanline__00000077:03545405_00000000_00000000 [328 ipp ins size] (430 ins size) at [0x4111b1f0:0x4111b39e] in 5814052 ns
01-02 22:27:18.240   110   110 I X86Assembler: generated scanline__00000077:03545405_00000A01_00000000 [345 ipp ins size] (489 ins size) at [0x4111b3b0:0x4111b599] in 6209320 ns
01-02 22:27:18.460   110   110 I droidboot: recovery filesystem table
01-02 22:27:18.460   110   110 I droidboot: =========================
01-02 22:27:18.460   110   110 I droidboot:   0 /tmp ramdisk (null) (null) 0
01-02 22:27:18.460   110   110 I droidboot:   1 /reserved hidden /dev/block/mmcblk0p1 (null) 0
01-02 22:27:18.460   110   110 I droidboot:   2 /FWUP hidden /dev/block/mmcblk0p2 (null) 0
01-02 22:27:18.460   110   110 I droidboot:   3 /panic raw /dev/block/mmcblk0p3 (null) 0
01-02 22:27:18.460   110   110 I droidboot:   4 /factory ext4 /dev/block/mmcblk0p4 (null) 0
01-02 22:27:18.460   110   110 I droidboot:   5 /spare ext4 /dev/block/mmcblk0p5 (null) 0
01-02 22:27:18.460   110   110 I droidboot:   6 /config ext4 /dev/block/mmcblk0p6 (null) 0
01-02 22:27:18.460   110   110 I droidboot:   7 /cache ext4 /dev/block/mmcblk0p7 (null) 0
01-02 22:27:18.460   110   110 I droidboot:   8 /logs ext4 /dev/block/mmcblk0p8 (null) 0
01-02 22:27:18.460   110   110 I droidboot:   9 /system ext4 /dev/block/mmcblk0p9 (null) 0
01-02 22:27:18.460   110   110 I droidboot:   10 /data ext4 /dev/block/mmcblk0p10 (null) -16384
01-02 22:27:18.460   110   110 I droidboot:   11 /mnt/sdcard vfat /dev/block/mmcblk1p1 (null) 0
01-02 22:27:18.460   110   110 I droidboot: 
01-02 22:27:18.460   110   120 I droidboot: Listening for the fastboot protocol over USB.
01-02 22:27:18.460   110   121 I droidboot: Installer procedure started.
01-02 22:27:18.510   122   122 I KERNEL  : [   13.159255] EXT4-fs (mmcblk0p4): VFS: Can't find ext4 filesystem
01-02 22:27:18.610   122   122 I KERNEL  : [   13.265901] EXT4-fs (mmcblk0p8): mounted filesystem with ordered data mode. Opts: barrier=1,data=ordered
01-02 22:27:18.620   122   122 I KERNEL  : [   13.277042] init used greatest stack depth: 6584 bytes left
01-02 22:27:18.670   110   110 I X86Assembler: generated scanline__00000077:03545405_00000A02_00000000 [345 ipp ins size] (498 ins size) at [0x4111b5a0:0x4111b792] in 6244399 ns
01-02 22:27:18.870   110   110 I X86Assembler: generated scanline__00000077:03545405_00000A08_00000000 [343 ipp ins size] (493 ins size) at [0x4111b7a0:0x4111b98d] in 6127083 ns
01-02 22:27:19.300     1     1 I KERNEL  : [   13.951506] adb_bind_config
01-02 22:27:19.300     1     1 I KERNEL  : [   13.954700] fastboot mode
01-02 22:27:19.310   110   120 I fastboot: Listening on /dev/android_adb
01-02 22:27:19.310   110   120 I fastboot: Listening on TCP port 1234
01-02 22:27:19.310   110   120 I KERNEL  : [   13.958312] adb_open
01-02 22:27:19.400   105   105 I KERNEL  : [   14.053899] <<-GTP-ERROR->> Don't meet the third condition.
01-02 22:27:19.410   105   105 I KERNEL  : [   14.060291] <<-GTP-ERROR->> [update_proc]Check *.bin file fail.
01-02 22:27:19.420   110   121 E droidboot: installer device ignored
01-02 22:27:19.420   110   121 I droidboot: Trying to install using device '/dev/block/sda1'
01-02 22:27:19.540   110   121 E droidboot: Failed to mount device '/dev/block/sda1' as installer partition using fs_type 'vfat'
01-02 22:27:19.650   110   121 E droidboot: installer device ignored
01-02 22:27:19.770   110   121 E droidboot: installer device ignored
01-02 22:27:19.780   110   121 I KERNEL  : [   14.428613] SDP
01-02 22:27:19.780   110   121 I KERNEL  : [   14.430641] Connected inlmt=100
01-02 22:27:19.780    73    73 I KERNEL  : [   14.434238] bq24192 1-006b: bq24192_enable_charger:1173 1
01-02 22:27:19.790    73    73 I KERNEL  : [   14.440341] bq24192 1-006b: enable charging = 1
01-02 22:27:19.810     4     4 I KERNEL  : [   14.459399] bq24192 1-006b: bq24192_task_worker
01-02 22:27:19.810    73    73 I KERNEL  : [   14.465422] bq24192 1-006b: bq24192_set_inlmt:1202 100
01-02 22:27:19.830    73    73 I KERNEL  : [   14.473357] bq24192 1-006b: bq24192_set_iterm ITERM set for >128mA
01-02 22:27:19.840     4     4 I KERNEL  : 
01-02 22:27:19.840     4     4 I KERNEL  : [   14.494106] bq24192 1-006b: bq24192_clear_hiz
01-02 22:27:19.850    80    80 I KERNEL  : [   14.499529] android_work: sent uevent USB_STATE=CONNECTED
01-02 22:27:19.850    80    80 I KERNEL  : [   14.506085] android_work: sent uevent USB_STATE=DISCONNECTED
01-02 22:27:19.870    80    80 I KERNEL  : [   14.512802] SDP
01-02 22:27:19.870    80    80 I KERNEL  : [   14.514818] Connected inlmt=100
01-02 22:27:19.870     4     4 I KERNEL  : [   14.518966] bq24192 1-006b: Charger is not in Hi-Z
01-02 22:27:19.880     4     4 I KERNEL  : [   14.527347] bq24192 1-006b: vbatt = 3674
01-02 22:27:19.880     4     4 I KERNEL  : [   14.532238] bq24192 1-006b: +bq24192_get_battery_health
01-02 22:27:19.960    80    80 I KERNEL  : [   14.607443] android_work: sent uevent USB_STATE=CONNECTED
01-02 22:27:19.960     0     0 I KERNEL  : [   14.615461] android_usb gadget: high-speed config #1: android
01-02 22:27:19.970     0     0 I KERNEL  : [   14.622086] SDP
01-02 22:27:19.970     0     0 I KERNEL  : [   14.624101] Connected inlmt=500
01-02 22:27:19.980    80    80 I KERNEL  : [   14.627849] android_work: sent uevent USB_STATE=CONFIGURED
01-02 22:27:19.990   110   121 E droidboot: No valid installer medium found.
01-02 22:27:20.340    73    73 I KERNEL  : [   14.991417] bq24192 1-006b: bq24192_enable_charger:1173 1
01-02 22:27:20.350    73    73 I KERNEL  : [   14.998013] bq24192 1-006b: enable charging = 1
01-02 22:27:20.360    73    73 I KERNEL  : [   15.008752] bq24192 1-006b: bq24192_set_inlmt:1202 500
01-02 22:27:20.370    73    73 I KERNEL  : [   15.016095] bq24192 1-006b: WA for inlmt  0x54........
01-02 22:27:20.370    73    73 I KERNEL  : [   15.023516] bq24192 1-006b: bq24192_set_iterm ITERM set for >128mA
01-02 22:27:20.420   110   120 D fastboot: fastboot: processing commands
01-02 22:27:20.900     4     4 I KERNEL  : 
01-02 22:27:20.900     4     4 I KERNEL  : [   15.546009] bq24192 1-006b: bq24192_set_cc:1182 1500
01-02 22:27:20.900     4     4 I KERNEL  : [   15.553681] bq24192 1-006b: bq24192_set_cv:1192 4350
01-02 22:27:20.910     4     4 I KERNEL  : [   15.562462] bq24192 1-006b: bq24192_enable_charger:1173 1
01-02 22:27:20.920     4     4 I KERNEL  : [   15.568864] bq24192 1-006b: enable charging = 1
01-02 22:27:20.930     4     4 I KERNEL  : [   15.578165] bq24192 1-006b: enable charging = 1
01-02 22:27:20.940     4     4 I KERNEL  : [   15.587322] bq24192 1-006b: bq24192_enable_hw_term
01-02 22:27:20.950     4     4 I KERNEL  : [   15.597080] get_battery_status: Set status=1 for bq27441
01-02 22:27:20.960     4     4 I KERNEL  : [   15.609193] bq24192 1-006b: bq24192_set_cc:1182 1500
01-02 22:27:20.970     4     4 I KERNEL  : [   15.616460] bq24192 1-006b: bq24192_set_cv:1192 4350
01-02 22:27:20.980     4     4 I KERNEL  : [   15.626221] get_battery_status: Set status=1 for bq27441
01-02 22:27:20.990    72    72 I KERNEL  : [   15.643255] bq24192 1-006b: bq24192_set_cc:1182 1500
01-02 22:27:21.000    72    72 I KERNEL  : [   15.650202] bq24192 1-006b: bq24192_set_cv:1192 4350
01-02 22:27:21.010    72    72 I KERNEL  : [   15.659679] get_battery_status: Set status=1 for bq27441
01-02 22:27:25.289   110   120 D fastboot: fastboot got command: oem write_osip_header
01-02 22:27:26.550   110   120 D fastboot: fastboot got command: oem start_partitioning
01-02 22:27:26.790   125   125 I KERNEL  : [   21.434133] logcat used greatest stack depth: 6200 bytes left
01-02 22:27:27.290   110   120 D fastboot: fastboot got command: getvar:partition-type:/tmp/partition.tbl
01-02 22:27:27.400   110   120 D fastboot: fastboot: cmd_getvar partition-type:/tmp/partition.tbl
01-02 22:27:27.530   110   120 D fastboot: fastboot got command: oem partition /tmp/partition.tbl
01-02 22:27:28.000   110   120 E droidboot: oem partition command failed, retval = -1
01-02 22:27:28.120   110   120 D fastboot: fastboot got command: erase:system
01-02 22:27:28.360   110   120 I droidboot: BLK(4727)DISCARD on /dev/block/mmcblk0p9 (size: 0)
01-02 22:27:29.890   110   120 D fastboot: fastboot got command: erase:cache
01-02 22:27:30.130   110   120 I droidboot: BLK(4727)DISCARD on /dev/block/mmcblk0p7 (size: 0)
01-02 22:27:31.370   110   120 D fastboot: fastboot got command: erase:config
01-02 22:27:31.610   110   120 I droidboot: BLK(4727)DISCARD on /dev/block/mmcblk0p6 (size: 0)
01-02 22:27:32.070   110   120 D fastboot: fastboot got command: erase:logs
01-02 22:27:32.300   110   120 I droidboot: BLK(4727)DISCARD on /dev/block/mmcblk0p8 (size: 0)
01-02 22:27:33.210   110   120 D fastboot: fastboot got command: erase:data
01-02 22:27:33.440   110   120 I droidboot: BLK(4727)DISCARD on /dev/block/mmcblk0p10 (size: -16384)
01-02 22:27:38.450   110   120 D fastboot: fastboot got command: oem stop_partitioning
01-02 22:27:38.730   128   128 I KERNEL  : [   33.354473] EXT4-fs (mmcblk0p4): VFS: Can't find ext4 filesystem
01-02 22:27:38.850   128   128 I KERNEL  : [   33.480965] EXT4-fs (mmcblk0p8): mounted filesystem with ordered data mode. Opts: barrier=1,data=ordered
01-02 22:27:38.870     1     1 I KERNEL  : [   33.492336] init: sys_prop: unable to set read only property ro.crypto.state
01-02 22:27:39.060   110   120 D fastboot: fastboot got command: getvar:partition-type:boot
01-02 22:27:39.180   110   120 D fastboot: fastboot: cmd_getvar partition-type:boot
01-02 22:27:39.310   110   120 D fastboot: fastboot got command: download:0097f400
01-02 22:27:39.540   110   120 D fastboot: fastboot: cmd_download 9958400 bytes
01-02 22:27:40.300   110   120 D fastboot: fastboot got command: flash:boot
01-02 22:27:41.050   110   120 D fastboot: fastboot got command: getvar:partition-type:recovery
01-02 22:27:41.170   110   120 D fastboot: fastboot: cmd_getvar partition-type:recovery
01-02 22:27:41.300   110   120 D fastboot: fastboot got command: download:00b45e00
01-02 22:27:41.540   110   120 D fastboot: fastboot: cmd_download 11820544 bytes
01-02 22:27:42.390   110   120 D fastboot: fastboot got command: flash:recovery
01-02 22:27:43.170   110   120 D fastboot: fastboot got command: getvar:partition-type:fastboot
01-02 22:27:43.290   110   120 D fastboot: fastboot: cmd_getvar partition-type:fastboot
01-02 22:27:43.430   110   120 D fastboot: fastboot got command: download:00b73a00
01-02 22:27:43.660   110   120 D fastboot: fastboot: cmd_download 12007936 bytes
01-02 22:27:44.470   110   120 D fastboot: fastboot got command: flash:fastboot
01-02 22:27:45.270   110   120 D fastboot: fastboot got command: getvar:partition-type:system
01-02 22:27:45.390   110   120 D fastboot: fastboot: cmd_getvar partition-type:system
01-02 22:27:45.760   110   120 D fastboot: fastboot got command: download:1d6a78c8
01-02 22:27:45.990   110   120 D fastboot: fastboot: cmd_download 493517000 bytes
01-02 22:27:46.040   110   120 I KERNEL  : [   40.659739] EXT4-fs (mmcblk0p7): mounted filesystem with ordered data mode. Opts: 
01-02 22:28:22.200   110   120 D fastboot: fastboot got command: flash:system
01-02 22:28:22.200   110   120 I power   : *** set_screen_state 1
01-02 22:28:22.200   110   120 I KERNEL  : [   76.768054] request_suspend_state: wakeup (0->0) at 76353036970 (2000-01-02 22:28:22.208395238 UTC)
01-02 22:28:22.620   110   120 I droidboot: sparse image detected flash sparse package
01-02 22:28:34.720   110   120 E droidboot: Cannot remove /cache/fastboot.tmp
01-02 22:29:01.550    24    24 I KERNEL  : [  116.064958] bq24192 1-006b: bq24192_set_cc:1182 1500
01-02 22:29:01.550    24    24 I KERNEL  : [  116.072476] bq24192 1-006b: bq24192_set_cv:1192 4350
01-02 22:29:01.560    24    24 I KERNEL  : [  116.082919] get_battery_status: Set status=1 for bq27441
01-02 22:29:24.169   110   120 D fastboot: fastboot got command: reboot
01-02 22:29:24.169   110   120 I power   : *** set_screen_state 1
01-02 22:29:24.169   110   120 I KERNEL  : [  138.653310] request_suspend_state: wakeup (0->0) at 138318985466 (2000-01-02 22:29:24.174342413 UTC)
01-02 22:29:24.660   110   120 I droidboot: Rebooting!
01-02 22:29:24.660   110   120 I KERNEL  : [  139.144778] SysRq : 
01-02 22:29:24.660   110   120 I KERNEL  : Emergency Remount R/O
--------- beginning of /dev/log/kernel
01-02 22:29:40.000     0     0 I KERNEL  : [    0.000000] Initializing cgroup subsys cpuset
01-02 22:29:40.000     0     0 I KERNEL  : [    0.000000] Initializing cgroup subsys cpu
01-02 22:29:40.000     0     0 I KERNEL  : [    0.000000] Linux version 3.4.43-g59c82eb (alanz@adc-ThinkPad-W530) (gcc version 4.7 (GCC) ) #2 SMP PREEMPT Fri Mar 14 12:47:19 CST 2014
01-02 22:29:40.000     0     0 I KERNEL  : [    0.000000] BIOS-provided physical RAM map:
01-02 22:29:40.000     0     0 I KERNEL  : [    0.000000]  BIOS-e820: 0000000000000000 - 0000000000060000 (usable)
01-02 22:29:40.000     0     0 I KERNEL  : [    0.000000]  BIOS-e820: 0000000000060000 - 0000000000080000 (reserved)
01-02 22:29:40.000     0     0 I KERNEL  : [    0.000000]  BIOS-e820: 0000000000080000 - 0000000000098000 (usable)
01-02 22:29:40.000     0     0 I KERNEL  : [    0.000000]  BIOS-e820: 0000000000098000 - 00000000000a0000 (reserved)
01-02 22:29:40.000     0     0 I KERNEL  : [    0.000000]  BIOS-e820: 00000000000e0000 - 0000000000100000 (reserved)
01-02 22:29:40.000     0     0 I KERNEL  : [    0.000000]  BIOS-e820: 0000000000100000 - 000000001e000000 (usable)
01-02 22:29:40.000     0     0 I KERNEL  : [    0.000000]  BIOS-e820: 000000001e000000 - 0000000020200000 type 8
01-02 22:29:40.000     0     0 I KERNEL  : [    0.000000]  BIOS-e820: 0000000020200000 - 000000003a8d0000 (usable)
01-02 22:29:40.000     0     0 I KERNEL  : [    0.000000]  BIOS-e820: 000000003a8d0000 - 000000003a900000 (ACPI data)
01-02 22:29:40.000     0     0 I KERNEL  : [    0.000000]  BIOS-e820: 000000003a900000 - 0000000040000000 (reserved)
01-02 22:29:40.000     0     0 I KERNEL  : [    0.000000]  BIOS-e820: 000000007a000000 - 000000007b000000 (reserved)
01-02 22:29:40.000     0     0 I KERNEL  : [    0.000000]  BIOS-e820: 00000000e0000000 - 00000000f0000000 (reserved)
01-02 22:29:40.000     0     0 I KERNEL  : [    0.000000]  BIOS-e820: 00000000fec00000 - 00000000fec01000 (reserved)
01-02 22:29:40.000     0     0 I KERNEL  : [    0.000000]  BIOS-e820: 00000000fed1c000 - 00000000fed20000 (reserved)
01-02 22:29:40.000     0     0 I KERNEL  : [    0.000000]  BIOS-e820: 00000000fee00000 - 00000000fee01000 (reserved)
01-02 22:29:40.000     0     0 I KERNEL  : [    0.000000]  BIOS-e820: 00000000ff800000 - 0000000100000000 (unusable)
01-02 22:29:40.000     0     0 I KERNEL  : [    0.000000] kmemleak: Kernel memory leak detector disabled
01-02 22:29:40.000     0     0 I KERNEL  : [    0.000000] Notice: NX (Execute Disable) protection cannot be enabled: non-PAE kernel!
01-02 22:29:40.000     0     0 I KERNEL  : [    0.000000] DMI not present or invalid.
01-02 22:29:40.000     0     0 I KERNEL  : [    0.000000] e820 update range: 0000000000000000 - 0000000000010000 (usable) ==> (reserved)
01-02 22:29:40.000     0     0 I KERNEL  : [    0.000000] e820 remove range: 00000000000a0000 - 0000000000100000 (usable)
01-02 22:29:40.000     0     0 I KERNEL  : [    0.000000] last_pfn = 0x3a8d0 max_arch_pfn = 0x100000
01-02 22:29:40.000     0     0 I KERNEL  : [    0.000000] MTRR default type: uncachable
01-02 22:29:40.000     0     0 I KERNEL  : [    0.000000] MTRR fixed ranges enabled:
01-02 22:29:40.000     0     0 I KERNEL  : [    0.000000]   00000-9FFFF write-back
01-02 22:29:40.000     0     0 I KERNEL  : [    0.000000]   A0000-BFFFF uncachable
01-02 22:29:40.000     0     0 I KERNEL  : [    0.000000]   C0000-FFFFF write-back
01-02 22:29:40.000     0     0 I KERNEL  : [    0.000000] MTRR variable ranges enabled:
01-02 22:29:40.000     0     0 I KERNEL  : [    0.000000]   0 base 0FFF00000 mask FFFF00000 write-protect
01-02 22:29:40.000     0     0 I KERNEL  : [    0.000000]   1 base 000000000 mask FC0000000 write-back
01-02 22:29:40.000     0     0 I KERNEL  : [    0.000000]   2 base 03AD00000 mask FFFF00000 uncachable
01-02 22:29:40.000     0     0 I KERNEL  : [    0.000000]   3 base 03AE00000 mask FFFE00000 uncachable
01-02 22:29:40.000     0     0 I KERNEL  : [    0.000000]   4 base 03B000000 mask FFF000000 uncachable
01-02 22:29:40.000     0     0 I KERNEL  : [    0.000000]   5 base 03C000000 mask FFC000000 uncachable
01-02 22:29:40.000     0     0 I KERNEL  : [    0.000000]   6 disabled
01-02 22:29:40.000     0     0 I KERNEL  : [    0.000000]   7 disabled
01-02 22:29:40.000     0     0 I KERNEL  : [    0.000000] x86 PAT enabled: cpu 0, old 0x7040600070406, new 0x7010600070106
01-02 22:29:40.000     0     0 I KERNEL  : [    0.000000] initial memory mapped : 0 - 02800000
01-02 22:29:40.000     0     0 I KERNEL  : [    0.000000] Base memory trampoline at [c0094000] 94000 size 16384
01-02 22:29:40.000     0     0 I KERNEL  : [    0.000000] Initialized persistent memory from 341fe000-343fdfff
01-02 22:29:40.000     0     0 I KERNEL  : [    0.000000] init_memory_mapping: 0000000000000000-00000000343fe000
01-02 22:29:40.000     0     0 I KERNEL  : [    0.000000]  0000000000 - 0000400000 page 4k
01-02 22:29:40.000     0     0 I KERNEL  : [    0.000000]  0000400000 - 0034000000 page 2M
01-02 22:29:40.000     0     0 I KERNEL  : [    0.000000]  0034000000 - 00343fe000 page 4k
01-02 22:29:40.000     0     0 I KERNEL  : [    0.000000] kernel direct mapping tables up to 0x343fdfff @ [mem 0x027fa000-0x027fffff]
01-02 22:29:40.000     0     0 I KERNEL  : [    0.000000] RAMDISK: 07da8000 - 08000000
01-02 22:29:40.000     0     0 I KERNEL  : [    0.000000] ACPI: RSDP 000e00b0 00024 (v02 INTEL )
01-02 22:29:40.000     0     0 I KERNEL  : [    0.000000] ACPI: XSDT 3a8fff80 00054 (v01 INTEL           00000000      00000000)
01-02 22:29:40.000     0     0 I KERNEL  : [    0.000000] ACPI: FACP 3a8d6950 000F4 (v03 INTEL           00000000      00000000)
01-02 22:29:40.000     0     0 I KERNEL  : [    0.000000] ACPI: DSDT 3a8d6a50 0A432 (v02  INTEL  VLV-SOC 00000000 INTL 20130418)
01-02 22:29:40.000     0     0 I KERNEL  : [    0.000000] ACPI: FACS 3a8fff40 00040
01-02 22:29:40.000     0     0 I KERNEL  : [    0.000000] ACPI: APIC 3a8d4920 0008A (v01 INTEL           00000000      00000000)
01-02 22:29:40.000     0     0 I KERNEL  : [    0.000000] ACPI: MCFG 3a8d48e0 0003C (v01 INTEL      MCFG 00000000      00000000)
01-02 22:29:40.000     0     0 I KERNEL  : [    0.000000] ACPI: HPET 3a8d48a0 00038 (v01 INTEL           00000000      00000000)
01-02 22:29:40.000     0     0 I KERNEL  : [    0.000000] ACPI: PIDV 3a8d47c0 00098 (v01 INTEL           00000000      00000000)
01-02 22:29:40.000     0     0 I KERNEL  : [    0.000000] ACPI: OBAT 3a8d4750 0006E (v01 INTEL  BATTERY  00000000      00000000)
01-02 22:29:40.000     0     0 I KERNEL  : [    0.000000] ACPI: Local APIC address 0xfee00000
01-02 22:29:40.000     0     0 I KERNEL  : [    0.000000] 100MB HIGHMEM available.
01-02 22:29:40.000     0     0 I KERNEL  : [    0.000000] 835MB LOWMEM available.
01-02 22:29:40.000     0     0 I KERNEL  : [    0.000000]   mapped low ram: 0 - 343fe000
01-02 22:29:40.000     0     0 I KERNEL  : [    0.000000]   low ram: 0 - 343fe000
01-02 22:29:40.000     0     0 I KERNEL  : [    0.000000] Zone PFN ranges:
01-02 22:29:40.000     0     0 I KERNEL  : [    0.000000]   DMA      0x00000010 -> 0x00001000
01-02 22:29:40.000     0     0 I KERNEL  : [    0.000000]   Normal   0x00001000 -> 0x000343fe
01-02 22:29:40.000     0     0 I KERNEL  : [    0.000000]   HighMem  0x000343fe -> 0x0003a8d0
01-02 22:29:40.000     0     0 I KERNEL  : [    0.000000] Movable zone start PFN for each node
01-02 22:29:40.000     0     0 I KERNEL  : [    0.000000] Early memory PFN ranges
01-02 22:29:40.000     0     0 I KERNEL  : [    0.000000]     0: 0x00000010 -> 0x00000060
01-02 22:29:40.000     0     0 I KERNEL  : [    0.000000]     0: 0x00000080 -> 0x00000098
01-02 22:29:40.000     0     0 I KERNEL  : [    0.000000]     0: 0x00000100 -> 0x0001e000
01-02 22:29:40.000     0     0 I KERNEL  : [    0.000000]     0: 0x00020200 -> 0x0003a8d0
01-02 22:29:40.000     0     0 I KERNEL  : [    0.000000] On node 0 totalpages: 230968
01-02 22:29:40.000     0     0 I KERNEL  : [    0.000000] free_area_init_node: node 0, pgdat c1f12dc0, node_mem_map f3aa5200
01-02 22:29:40.000     0     0 I KERNEL  : [    0.000000]   DMA zone: 32 pages used for memmap
01-02 22:29:40.000     0     0 I KERNEL  : [    0.000000]   DMA zone: 0 pages reserved
01-02 22:29:40.000     0     0 I KERNEL  : [    0.000000]   DMA zone: 3912 pages, LIFO batch:0
01-02 22:29:40.000     0     0 I KERNEL  : [    0.000000]   Normal zone: 1640 pages used for memmap
01-02 22:29:40.000     0     0 I KERNEL  : [    0.000000]   Normal zone: 199574 pages, LIFO batch:31
01-02 22:29:40.000     0     0 I KERNEL  : [    0.000000]   HighMem zone: 202 pages used for memmap
01-02 22:29:40.000     0     0 I KERNEL  : [    0.000000]   HighMem zone: 25608 pages, LIFO batch:7
01-02 22:29:40.000     0     0 I KERNEL  : [    0.000000] Using APIC driver default
01-02 22:29:40.000     0     0 I KERNEL  : [    0.000000] ACPI: PM-Timer IO Port: 0x408
01-02 22:29:40.000     0     0 I KERNEL  : [    0.000000] ACPI: Local APIC address 0xfee00000
01-02 22:29:40.000     0     0 I KERNEL  : [    0.000000] ACPI: LAPIC (acpi_id[0x01] lapic_id[0x00] enabled)
01-02 22:29:40.000     0     0 I KERNEL  : [    0.000000] ACPI: LAPIC (acpi_id[0x02] lapic_id[0x02] enabled)
01-02 22:29:40.000     0     0 I KERNEL  : [    0.000000] ACPI: LAPIC (acpi_id[0x03] lapic_id[0x04] enabled)
01-02 22:29:40.000     0     0 I KERNEL  : [    0.000000] ACPI: LAPIC (acpi_id[0x04] lapic_id[0x06] enabled)
01-02 22:29:40.000     0     0 I KERNEL  : [    0.000000] ACPI: IOAPIC (id[0x00] address[0xfec00000] gsi_base[0])
01-02 22:29:40.000     0     0 I KERNEL  : [    0.000000] IOAPIC[0]: apic_id 0, version 32, address 0xfec00000, GSI 0-86
01-02 22:29:40.000     0     0 I KERNEL  : [    0.000000] ACPI: INT_SRC_OVR (bus 0 bus_irq 0 global_irq 2 dfl dfl)
01-02 22:29:40.000     0     0 I KERNEL  : [    0.000000] ACPI: INT_SRC_OVR (bus 0 bus_irq 9 global_irq 9 high level)
01-02 22:29:40.000     0     0 I KERNEL  : [    0.000000] ACPI: INT_SRC_OVR (bus 0 bus_irq 6 global_irq 6 high level)
01-02 22:29:40.000     0     0 I KERNEL  : [    0.000000] ACPI: INT_SRC_OVR (bus 0 bus_irq 7 global_irq 7 high level)
01-02 22:29:40.000     0     0 I KERNEL  : [    0.000000] ACPI: INT_SRC_OVR (bus 0 bus_irq 13 global_irq 13 high level)
01-02 22:29:40.000     0     0 I KERNEL  : [    0.000000] ACPI: IRQ0 used by override.
01-02 22:29:40.000     0     0 I KERNEL  : [    0.000000] ACPI: IRQ2 used by override.
01-02 22:29:40.000     0     0 I KERNEL  : [    0.000000] ACPI: IRQ6 used by override.
01-02 22:29:40.000     0     0 I KERNEL  : [    0.000000] ACPI: IRQ7 used by override.
01-02 22:29:40.000     0     0 I KERNEL  : [    0.000000] ACPI: IRQ9 used by override.
01-02 22:29:40.000     0     0 I KERNEL  : [    0.000000] ACPI: IRQ13 used by override.
01-02 22:29:40.000     0     0 I KERNEL  : [    0.000000] Using ACPI (MADT) for SMP configuration information
01-02 22:29:40.000     0     0 I KERNEL  : [    0.000000] SMP: Allowing 4 CPUs, 0 hotplug CPUs
01-02 22:29:40.000     0     0 I KERNEL  : [    0.000000] nr_irqs_gsi: 103
01-02 22:29:40.000     0     0 I KERNEL  : [    0.000000] Allocating PCI resources starting at 7b000000 (gap: 7b000000:65000000)
01-02 22:29:40.000     0     0 I KERNEL  : [    0.000000] setup_percpu: NR_CPUS:4 nr_cpumask_bits:4 nr_cpu_ids:4 nr_node_ids:1
01-02 22:29:40.000     0     0 I KERNEL  : [    0.000000] PERCPU: Embedded 13 pages/cpu @f3a67000 s31616 r0 d21632 u53248
01-02 22:29:40.000     0     0 I KERNEL  : [    0.000000] pcpu-alloc: s31616 r0 d21632 u53248 alloc=13*4096
01-02 22:29:40.000     0     0 I KERNEL  : [    0.000000] pcpu-alloc: [0] 0 [0] 1 [0] 2 [0] 3 
01-02 22:29:40.000     0     0 I KERNEL  : [    0.000000] Built 1 zonelists in Zone order, mobility grouping on.  Total pages: 229094
01-02 22:29:40.000     0     0 I KERNEL  : [    0.000000] Kernel command line: console=ttyS0,115200 console=logk0 earlyprintk=nologger loglevel=8 drm.debug=0x0 kmemleak=off ptrace.ptrace_can_access=1 emmc_ipanic.ipanic_part_number=3 androidboot.bootmedia=sdcard androidboot.hardware=byt_t_ffrd10 androidboot.spid=xxxx:xxxx:xxxx:xxxx:xxxx:xxxx androidboot.serialno=01234567890123456789012345678901 oops=panic panic=40 nmi_watchdog=panic softlockup_panic=1 vmalloc=172M vga=current i915.modeset=1 drm.vblankoffdelay=1 acpi_backlight=vendor i915.psr_support=0 i915.mipi_panel_id=10 androidboot.boardid=04.03 androidboot.wakesrc=05 androidboot.mode=main
01-02 22:29:40.000     0     0 I KERNEL  : [    0.000000] PID hash table entries: 4096 (order: 2, 16384 bytes)
01-02 22:29:40.000     0     0 I KERNEL  : [    0.000000] Dentry cache hash table entries: 131072 (order: 7, 524288 bytes)
01-02 22:29:40.000     0     0 I KERNEL  : [    0.000000] Inode-cache hash table entries: 65536 (order: 6, 262144 bytes)
01-02 22:29:40.000     0     0 I KERNEL  : [    0.000000] Initializing CPU#0
01-02 22:29:40.000     0     0 I KERNEL  : [    0.000000] allocated 1918464 bytes of page_cgroup
01-02 22:29:40.000     0     0 I KERNEL  : [    0.000000] please try 'cgroup_disable=memory' option if you don't want memory cgroups
01-02 22:29:40.000     0     0 I KERNEL  : [    0.000000] Initializing HighMem for node 0 (000343fe:0003a8d0)
01-02 22:29:40.000     0     0 I KERNEL  : [    0.000000] Memory: 890740k/959296k available (8930k kernel code, 33132k reserved, 4625k data, 636k init, 103240k highmem)
01-02 22:29:40.000     0     0 I KERNEL  : [    0.000000] virtual kernel memory layout:
01-02 22:29:40.000     0     0 I KERNEL  : [    0.000000]     fixmap  : 0xfff64000 - 0xfffff000   ( 620 kB)
01-02 22:29:40.000     0     0 I KERNEL  : [    0.000000]     pkmap   : 0xff800000 - 0xffc00000   (4096 kB)
01-02 22:29:40.000     0     0 I KERNEL  : [    0.000000]     vmalloc : 0xf4bfe000 - 0xff7fe000   ( 172 MB)
01-02 22:29:40.000     0     0 I KERNEL  : [    0.000000]     lowmem  : 0xc0000000 - 0xf43fe000   ( 835 MB)
01-02 22:29:40.000     0     0 I KERNEL  : [    0.000000]       .init : 0xc1f3d000 - 0xc1fdc000   ( 636 kB)
01-02 22:29:40.000     0     0 I KERNEL  : [    0.000000]       .data : 0xc1ab88e8 - 0xc1f3cf00   (4625 kB)
01-02 22:29:40.000     0     0 I KERNEL  : [    0.000000]       .text : 0xc1200000 - 0xc1ab88e8   (8930 kB)
01-02 22:29:40.000     0     0 I KERNEL  : [    0.000000] Checking if this processor honours the WP bit even in supervisor mode...Ok.
01-02 22:29:40.000     0     0 I KERNEL  : [    0.000000] SLUB: Genslabs=15, HWalign=64, Order=0-3, MinObjects=0, CPUs=4, Nodes=1
01-02 22:29:40.000     0     0 I KERNEL  : [    0.000000] Preemptible hierarchical RCU implementation.
01-02 22:29:40.000     0     0 I KERNEL  : [    0.000000] 	Additional per-CPU info printed with stalls.
01-02 22:29:40.000     0     0 I KERNEL  : [    0.000000] NR_IRQS:2304 nr_irqs:1024 16
01-02 22:29:40.000     0     0 I KERNEL  : [    0.000000] CPU 0 irqstacks, hard=f300a000 soft=f3010000
01-02 22:29:40.000     0     0 I KERNEL  : [    0.000000] Extended CMOS year: 2000
01-02 22:29:40.000     0     0 I KERNEL  : [    0.000000] Console: colour dummy device 80x25
01-02 22:29:40.000     0     0 I KERNEL  : [    0.000000] console [ttyS0] enabled
01-02 22:29:40.000     0     0 I KERNEL  : [    0.000000] register logcat console
01-02 22:29:40.000     0     0 I KERNEL  : [    0.000000] console [logk0] enabled
01-02 22:29:40.000     0     0 I KERNEL  : [    0.000000] Fast TSC calibration using PIT
01-02 22:29:40.000     0     0 I KERNEL  : [    0.000000] Detected 1333.387 MHz processor.
01-02 22:29:40.000     0     0 I KERNEL  : [    0.000003] Calibrating delay loop (skipped), value calculated using timer frequency.. 
01-02 22:29:40.000     0     0 I KERNEL  : 2666.77 BogoMIPS (lpj=13333870)
01-02 22:29:40.000     0     0 I KERNEL  : [    0.011951] pid_max: default: 32768 minimum: 301
01-02 22:29:40.000     0     0 I KERNEL  : [    0.017142] Security Framework initialized
01-02 22:29:40.000     0     0 I KERNEL  : [    0.021747] Mount-cache hash table entries: 512
01-02 22:29:40.000     0     0 I KERNEL  : [    0.027192] Initializing cgroup subsys cpuacct
01-02 22:29:40.000     0     0 I KERNEL  : [    0.032150] Initializing cgroup subsys memory
01-02 22:29:40.000     0     0 I KERNEL  : [    0.037020] Initializing cgroup subsys devices
01-02 22:29:40.000     0     0 I KERNEL  : [    0.041976] Initializing cgroup subsys freezer
01-02 22:29:40.000     0     0 I KERNEL  : [    0.046931] Initializing cgroup subsys blkio
01-02 22:29:40.000     0     0 I KERNEL  : [    0.051701] Initializing cgroup subsys perf_event
01-02 22:29:40.000     0     0 I KERNEL  : [    0.056985] CPU: Physical Processor ID: 0
01-02 22:29:40.000     0     0 I KERNEL  : [    0.061455] CPU: Processor Core ID: 0
01-02 22:29:40.000     0     0 I KERNEL  : [    0.065540] ENERGY_PERF_BIAS: Set to 'normal', was 'performance'
01-02 22:29:40.000     0     0 I KERNEL  : [    0.065543] ENERGY_PERF_BIAS: View and update with x86_energy_perf_policy(8)
01-02 22:29:40.000     0     0 I KERNEL  : [    0.089753] mce: CPU supports 6 MCE banks
01-02 22:29:40.000     0     0 I KERNEL  : [    0.094231] CPU0: Thermal monitoring enabled (TM1)
01-02 22:29:40.000     0     0 I KERNEL  : [    0.099575] using mwait in idle threads.
01-02 22:29:40.000     0     0 I KERNEL  : [    0.104142] ACPI: Core revision 20120320
01-02 22:29:40.000     0     0 I KERNEL  : [    0.122540] ftrace: allocating 33749 entries in 66 pages
01-02 22:29:40.000     1     1 I KERNEL  : [    0.160515] Enabling APIC mode:  Flat.  Using 1 I/O APICs
01-02 22:29:40.000     1     1 I KERNEL  : [    0.167428] CPU0: 
01-02 22:29:40.000     1     1 I KERNEL  : Intel(R) Atom(TM) CPU  Z3735E @ 1.33GHz
01-02 22:29:40.000     1     1 I KERNEL  :  stepping 08
01-02 22:29:40.000     1     1 I KERNEL  : [    0.174658] TSC deadline timer enabled
01-02 22:29:40.000     1     1 I KERNEL  : [    0.178841] Performance Events: 
01-02 22:29:40.000     1     1 I KERNEL  : no PEBS fmt2+, 
01-02 22:29:40.000     1     1 I KERNEL  : generic architected perfmon, 
01-02 22:29:40.000     1     1 I KERNEL  : Intel PMU driver.
01-02 22:29:40.000     1     1 I KERNEL  : [    0.188372] ... version:                3
01-02 22:29:40.010     1     1 I KERNEL  : [    0.192861] ... bit width:              40
01-02 22:29:40.010     1     1 I KERNEL  : [    0.197430] ... generic registers:      2
01-02 22:29:40.010     1     1 I KERNEL  : [    0.201900] ... value mask:             000000ffffffffff
01-02 22:29:40.020     1     1 I KERNEL  : [    0.207835] ... max period:             000000007fffffff
01-02 22:29:40.020     1     1 I KERNEL  : [    0.213761] ... fixed-purpose events:   3
01-02 22:29:40.030     1     1 I KERNEL  : [    0.218240] ... event mask:             0000000700000003
01-02 22:29:40.090     1     1 I KERNEL  : [    0.278608] NMI watchdog: enabled, takes one hw-pmu counter.
01-02 22:29:40.130     1     1 I KERNEL  : [    0.318562] CPU 1 irqstacks, hard=f30ce000 soft=f3118000
01-02 22:29:40.130     1     1 I KERNEL  : [    0.324493] Booting Node   0, Processors 
01-02 22:29:40.140     1     1 I KERNEL  :  #1
01-02 22:29:40.160     1     1 I KERNEL  : [    0.354661] NMI watchdog: enabled, takes one hw-pmu counter.
01-02 22:29:40.210     1     1 I KERNEL  : [    0.401210] CPU 2 irqstacks, hard=f3142000 soft=f3144000
01-02 22:29:40.210     1     1 I KERNEL  : [    0.407142]  #2
01-02 22:29:40.240     1     1 I KERNEL  : [    0.436048] NMI watchdog: enabled, takes one hw-pmu counter.
01-02 22:29:40.290     1     1 I KERNEL  : [    0.482590] CPU 3 irqstacks, hard=f3150000 soft=f3152000
01-02 22:29:40.290     1     1 I KERNEL  : [    0.488521]  #3 Ok.
01-02 22:29:40.320     1     1 I KERNEL  : [    0.517812] NMI watchdog: enabled, takes one hw-pmu counter.
01-02 22:29:40.330     1     1 I KERNEL  : [    0.524228] Brought up 4 CPUs
01-02 22:29:40.330     1     1 I KERNEL  : [    0.527533] Total of 4 processors activated (10667.09 BogoMIPS).
01-02 22:29:40.350     1     1 I KERNEL  : [    0.547589] pinctrl core: initialized pinctrl subsystem
01-02 22:29:40.350     1     1 I KERNEL  : [    0.553988] dummy: 
01-02 22:29:40.360     1     1 I KERNEL  : [    0.556777] NET: Registered protocol family 16
01-02 22:29:40.370     1     1 I KERNEL  : [    0.567059] Failed to parse OEMB SFI table
01-02 22:29:40.370     1     1 I KERNEL  : [    0.571673] get_oem_b_table: console=ttyS0,115200 console=logk0 earlyprintk=nologger loglevel=8 drm.debug=0x0 kmemleak=off ptrace.ptrace_can_access=1 emmc_ipanic.ipanic_part_number=3 androidboot.bootmedia=sdcard androidboot.hardware=byt_t_ffrd10 androidboot.spid=xxxx:xxxx:xxxx:xxxx:xxxx:xxxx androidboot.serialno=01234567890123456789012345678901 oops=panic panic=40 nmi_watchdog=panic softlockup_panic=1 vmalloc=172M vga=current i915.modeset=1 drm.vblankoffdelay=1 acpi_backlight=vendor i915.psr_support=0 i915.mipi_panel_id=10 androidboot.boardid=04.03 androidboot.wakesrc=05 androidboot.mode=main
01-02 22:29:40.430     1     1 I KERNEL  : [    0.630474] SFI OEMB does not contains SSN
01-02 22:29:40.440     1     1 I KERNEL  : [    0.635072] MFLD Validation SFI OEMB Layout
01-02 22:29:40.440     1     1 I KERNEL  : [    0.639783] 	OEMB signature               : 
01-02 22:29:40.450     1     1 I KERNEL  : [    0.639789] 	OEMB length                  : 0
01-02 22:29:40.450     1     1 I KERNEL  : [    0.639795] 	OEMB revision                : 0
01-02 22:29:40.460     1     1 I KERNEL  : [    0.639800] 	OEMB checksum                : 0x0
01-02 22:29:40.460     1     1 I KERNEL  : [    0.639805] 	OEMB oem_id                  : 
01-02 22:29:40.460     1     1 I KERNEL  : [    0.639810] 	OEMB oem_table_id            : 
01-02 22:29:40.470     1     1 I KERNEL  : [    0.639816] 	OEMB board_id                : 0x00
01-02 22:29:40.470     1     1 I KERNEL  : [    0.639821] 	OEMB iafw version            : 000.000
01-02 22:29:40.480     1     1 I KERNEL  : [    0.639827] 	OEMB val_hooks version       : 000.000
01-02 22:29:40.490     1     1 I KERNEL  : [    0.639832] 	OEMB ia suppfw version       : 000.000
01-02 22:29:40.490     1     1 I KERNEL  : [    0.639838] 	OEMB scu runtime version     : 000.000
01-02 22:29:40.500     1     1 I KERNEL  : [    0.639843] 	OEMB ifwi version            : 000.000
01-02 22:29:40.500     1     1 I KERNEL  : [    0.639849] 	OEMB spid customer id        : 0000
01-02 22:29:40.510     1     1 I KERNEL  : [    0.639854] 	OEMB spid vendor id          : 0000
01-02 22:29:40.510     1     1 I KERNEL  : [    0.639859] 	OEMB spid manufacturer id    : 0000
01-02 22:29:40.520     1     1 I KERNEL  : [    0.639865] 	OEMB spid platform family id : 0007
01-02 22:29:40.520     1     1 I KERNEL  : [    0.639870] 	OEMB spid product line id    : 8000
01-02 22:29:40.530     1     1 I KERNEL  : [    0.639876] 	OEMB spid hardware id        : 0003
01-02 22:29:40.530     1     1 I KERNEL  : [    0.639881] 	OEMB spid fru[4..0]          : 00 00 00 00 00
01-02 22:29:40.540     1     1 I KERNEL  : [    0.639887] 	OEMB spid fru[9..5]          : 00 00 00 00 00
01-02 22:29:40.550     1     1 I KERNEL  : [    0.639893] 	OEMB ssn                     : 
01-02 22:29:40.550     1     1 I KERNEL  : [    0.749308] SPID updated according to ACPI Table:
01-02 22:29:40.560     1     1 I KERNEL  : [    0.754586] 	spid customer id        : 0000
01-02 22:29:40.560     1     1 I KERNEL  : [    0.754588] 	spid vendor id          : 0000
01-02 22:29:40.560     1     1 I KERNEL  : [    0.754589] 	spid manufacturer id    : 0000
01-02 22:29:40.570     1     1 I KERNEL  : [    0.754591] 	spid platform family id : 0007
01-02 22:29:40.570     1     1 I KERNEL  : [    0.754593] 	spid product line id    : 0000
01-02 22:29:40.580     1     1 I KERNEL  : [    0.754594] 	spid hardware id        : 0003
01-02 22:29:40.580     1     1 I KERNEL  : [    0.754596] 	spid fru[4..0]          : 30 30 30 30 30
01-02 22:29:40.590     1     1 I KERNEL  : [    0.754598] 	spid fru[9..5]          : 30 30 30 30 30
01-02 22:29:40.590     1     1 I KERNEL  : [    0.754599] 	ssn                     : BaytrailTeMMCb2b7a20343
01-02 22:29:40.600     1     1 I KERNEL  : [    0.800426] Failed to parse OEM0 SFI table
01-02 22:29:40.610     1     1 I KERNEL  : [    0.805023] Failed to parse GPIO SFI table
01-02 22:29:40.610     1     1 I KERNEL  : [    0.809607] GPIO pin info:
01-02 22:29:40.610     1     1 I KERNEL  : [    0.812670] Failed to parse DEVS SFI table
01-02 22:29:40.620     1     1 I KERNEL  : [    0.817287] IPC bus, name =    vlv2_plat_clk, irq = 0x 0
01-02 22:29:40.620     1     1 I KERNEL  : [    0.823408] camera pdata: I2C bus = 4, name =           gc2235, irq = 0x 0, addr = 0x3c
01-02 22:29:40.630     1     1 I KERNEL  : [    0.832373] camera pdata: I2C bus = 3, name =           ov5648, irq = 0x 0, addr = 0x36
01-02 22:29:40.640     1     1 I KERNEL  : [    0.841369] SDIO bus = 0, name =     bcm43xx_vmmc, ref_clock = 0, addr =0x0
01-02 22:29:40.650     1     1 I KERNEL  : [    0.849155] Using WiFi platform data
01-02 22:29:40.660     1     1 I KERNEL  : [    0.855179] mid_pci_init is called
01-02 22:29:40.660     1     1 I KERNEL  : [    0.859008] ACPI: bus type pci registered
01-02 22:29:40.660     1     1 I KERNEL  : [    0.863731] vlv2_plat_clk vlv2_plat_clk: vlv2_plat_clk_probe(197)
01-02 22:29:40.670     1     1 I KERNEL  : [    0.870649] PCI: MMCONFIG for domain 0000 [bus 00-ff] at [mem 0xe0000000-0xefffffff] (base 0xe0000000)
01-02 22:29:40.680     1     1 I KERNEL  : [    0.881121] PCI: MMCONFIG at [mem 0xe0000000-0xefffffff] reserved in E820
01-02 22:29:40.690     1     1 I KERNEL  : [    0.888726] PCI: Using MMCONFIG for extended config space
01-02 22:29:40.700     1     1 I KERNEL  : [    0.894818] PCI: Using configuration type 1 for base access
01-02 22:29:40.700     1     1 I KERNEL  : [    0.904045] mtrr: your CPUs had inconsistent MTRRdefType settings
01-02 22:29:40.710     1     1 I KERNEL  : [    0.910917] mtrr: probably your BIOS does not setup all CPUs.
01-02 22:29:40.720     1     1 I KERNEL  : [    0.917358] mtrr: corrected configuration.
01-02 22:29:40.740     1     1 I KERNEL  : [    0.940385] bio: create slab <bio-0> at 0
01-02 22:29:40.750     1     1 I KERNEL  : [    0.945396] ACPI: Added _OSI(Module Device)
01-02 22:29:40.750     1     1 I KERNEL  : [    0.950105] ACPI: Added _OSI(Processor Device)
01-02 22:29:40.760     1     1 I KERNEL  : [    0.955125] ACPI: Added _OSI(3.0 _SCP Extensions)
01-02 22:29:40.760     1     1 I KERNEL  : [    0.960396] ACPI: Added _OSI(Processor Aggregator Device)
01-02 22:29:40.790     1     1 I KERNEL  : [    0.989828] ACPI: EC: Look up EC in DSDT
01-02 22:29:40.880     1     1 I KERNEL  : [    1.081130] ACPI: Interpreter enabled
01-02 22:29:40.890     1     1 I KERNEL  : [    1.085256] ACPI: (supports S0
01-02 22:29:40.890     1     1 I KERNEL  :  S5
01-02 22:29:40.890     1     1 I KERNEL  : )
01-02 22:29:40.890     1     1 I KERNEL  : [    1.089247] ACPI: Using IOAPIC for interrupt routing
01-02 22:29:40.920     1     1 I KERNEL  : [    1.120330] ACPI: Power Resource [USBC] (on)
01-02 22:29:40.950     1     1 I KERNEL  : [    1.146288] ACPI: Power Resource [P28X] (off)
01-02 22:29:40.950     1     1 I KERNEL  : [    1.151608] ACPI: Power Resource [P18X] (off)
01-02 22:29:40.970     1     1 I KERNEL  : [    1.165553] ACPI: Power Resource [FN00] (off)
01-02 22:29:40.970     1     1 I KERNEL  : [    1.174133] PCI: Using host bridge windows from ACPI; if necessary, use "pci=nocrs" and report a bug
01-02 22:29:40.990     1     1 I KERNEL  : [    1.186032] \_SB_.PCI0:_OSC invalid UUID
01-02 22:29:40.990     1     1 I KERNEL  : [    1.190441] _OSC request data:
01-02 22:29:40.990     1     1 I KERNEL  : 1 
01-02 22:29:40.990     1     1 I KERNEL  : 8 
01-02 22:29:40.990     1     1 I KERNEL  : 1f 
01-02 22:29:40.990     1     1 I KERNEL  : 
01-02 22:29:41.000     1     1 I KERNEL  : [    1.194703] ACPI: PCI Root Bridge [PCI0] (domain 0000 [bus 00-ff])
01-02 22:29:41.000     1     1 I KERNEL  : [    1.204263] pci_root PNP0A08:00: host bridge window [io  0x0000-0x006f]
01-02 22:29:41.010     1     1 I KERNEL  : [    1.211746] pci_root PNP0A08:00: host bridge window [io  0x0078-0x0cf7]
01-02 22:29:41.020     1     1 I KERNEL  : [    1.219165] pci_root PNP0A08:00: host bridge window [io  0x0d00-0xffff]
01-02 22:29:41.030     1     1 I KERNEL  : [    1.226625] pci_root PNP0A08:00: host bridge window [mem 0x000a0000-0x000bffff]
01-02 22:29:41.040     1     1 I KERNEL  : [    1.234809] pci_root PNP0A08:00: host bridge window [mem 0x000c0000-0x000dffff]
01-02 22:29:41.040     1     1 I KERNEL  : [    1.243029] pci_root PNP0A08:00: host bridge window [mem 0x000e0000-0x000fffff]
01-02 22:29:41.050     1     1 I KERNEL  : [    1.251226] pci_root PNP0A08:00: host bridge window [mem 0x3b000001-0xffffffff]
01-02 22:29:41.060     1     1 I KERNEL  : [    1.259469] pci_root PNP0A08:00: host bridge window [mem 0x00000000-0xffffffff]
01-02 22:29:41.070     1     1 I KERNEL  : [    1.267682] pci_root PNP0A08:00: host bridge window [mem 0xfed40000-0xfed40fff]
01-02 22:29:41.070     1     1 I KERNEL  : [    1.275849] pci_root PNP0A08:00: host bridge window expanded to [mem 0x00000000-0xffffffff]; [mem 0x00000000-0xffffffff] ignored
01-02 22:29:41.080     1     1 I KERNEL  : [    1.288783] pci_root PNP0A08:00: host bridge window expanded to [mem 0x00000000-0xffffffff]; [mem 0xfed40000-0xfed40fff] ignored
01-02 22:29:41.090     1     1 I KERNEL  : [    1.301822] PCI host bridge to bus 0000:00
01-02 22:29:41.090     1     1 I KERNEL  : [    1.306398] pci_bus 0000:00: root bus resource [io  0x0000-0x006f]
01-02 22:29:41.100     1     1 I KERNEL  : [    1.313316] pci_bus 0000:00: root bus resource [io  0x0078-0x0cf7]
01-02 22:29:41.100     1     1 I KERNEL  : [    1.320226] pci_bus 0000:00: root bus resource [io  0x0d00-0xffff]
01-02 22:29:41.110     1     1 I KERNEL  : [    1.327138] pci_bus 0000:00: root bus resource [mem 0x00000000-0xffffffff]
01-02 22:29:41.110     1     1 I KERNEL  : [    1.334814] pci_bus 0000:00: root bus resource [mem 0x000c0000-0x000dffff]
01-02 22:29:41.120     1     1 I KERNEL  : [    1.342506] pci_bus 0000:00: root bus resource [mem 0x000e0000-0x000fffff]
01-02 22:29:41.120     1     1 I KERNEL  : [    1.350191] pci_bus 0000:00: root bus resource [mem 0x3b000001-0xffffffff]
01-02 22:29:41.130     1     1 I KERNEL  : [    1.357899] pci 0000:00:00.0: [8086:0f00] type 00 class 0x060000
01-02 22:29:41.130     1     1 I KERNEL  : [    1.364678] pci 0000:00:02.0: [8086:0f31] type 00 class 0x030000
01-02 22:29:41.140     1     1 I KERNEL  : [    1.371423] pci 0000:00:02.0: reg 10: [mem 0xdfc00000-0xdfffffff]
01-02 22:29:41.140     1     1 I KERNEL  : [    1.378249] pci 0000:00:02.0: reg 18: [mem 0xc0000000-0xcfffffff pref]
01-02 22:29:41.150     1     1 I KERNEL  : [    1.385570] pci 0000:00:02.0: reg 20: [io  0x8000-0x8007]
01-02 22:29:41.150     1     1 I KERNEL  : [    1.391674] pci 0000:00:03.0: [8086:0f38] type 00 class 0x048000
01-02 22:29:41.160     1     1 I KERNEL  : [    1.398416] pci 0000:00:03.0: reg 10: [mem 0xdf800000-0xdfbfffff]
01-02 22:29:41.160     1     1 I KERNEL  : [    1.405322] pci 0000:00:11.0: [8086:0f15] type 00 class 0x080501
01-02 22:29:41.170     1     1 I KERNEL  : [    1.412050] setting quirks/embedded controls on SDIO
01-02 22:29:41.170     1     1 I KERNEL  : 
01-02 22:29:41.170     1     1 I KERNEL  : [    1.417423] pci 0000:00:11.0: reg 10: [mem 0xdf7ff000-0xdf7fffff]
01-02 22:29:41.180     1     1 I KERNEL  : [    1.424457] pci 0000:00:11.0: reg 14: [mem 0xdf7fe000-0xdf7fefff]
01-02 22:29:41.180     1     1 I KERNEL  : [    1.431348] pci 0000:00:11.0: PME# supported from D0 D3hot
01-02 22:29:41.190     1     1 I KERNEL  : [    1.437519] pci 0000:00:12.0: [8086:0f16] type 00 class 0x080501
01-02 22:29:41.190     1     1 I KERNEL  : [    1.444257] pci 0000:00:12.0: reg 10: [mem 0xdf7fd000-0xdf7fdfff]
01-02 22:29:41.200     1     1 I KERNEL  : [    1.451091] pci 0000:00:12.0: reg 14: [mem 0xdf7fc000-0xdf7fcfff]
01-02 22:29:41.200     1     1 I KERNEL  : [    1.457989] pci 0000:00:12.0: PME# supported from D0 D3hot
01-02 22:29:41.210     1     1 I KERNEL  : [    1.464154] pci 0000:00:14.0: [8086:0f35] type 00 class 0x0c0330
01-02 22:29:41.210     1     1 I KERNEL  : [    1.470901] pci 0000:00:14.0: reg 10: [mem 0xdf7e0000-0xdf7effff 64bit]
01-02 22:29:41.220     1     1 I KERNEL  : [    1.478500] pci 0000:00:14.0: PME# supported from D3hot D3cold
01-02 22:29:41.230     1     1 I KERNEL  : [    1.485146] pci 0000:00:16.0: [8086:0f37] type 00 class 0x0c0380
01-02 22:29:41.230     1     1 I KERNEL  : [    1.491878] This is BYT FFRD10 PRx
01-02 22:29:41.240     1     1 I KERNEL  : [    1.495771] pci 0000:00:16.0: reg 10: [mem 0xdf000000-0xdf1fffff]
01-02 22:29:41.240     1     1 I KERNEL  : [    1.502650] pci 0000:00:16.0: reg 14: [mem 0xdefff000-0xdeffffff]
01-02 22:29:41.250     1     1 I KERNEL  : [    1.509684] pci 0000:00:16.0: PME# supported from D0 D3hot
01-02 22:29:41.260     1     1 I KERNEL  : [    1.515920] pci 0000:00:17.0: [8086:0f50] type 00 class 0x080501
01-02 22:29:41.260     1     1 I KERNEL  : [    1.522752] pci 0000:00:17.0: reg 10: [mem 0xdeffe000-0xdeffefff]
01-02 22:29:41.270     1     1 I KERNEL  : [    1.529664] pci 0000:00:17.0: reg 14: [mem 0xdeffd000-0xdeffdfff]
01-02 22:29:41.280     1     1 I KERNEL  : [    1.536799] pci 0000:00:17.0: PME# supported from D0 D3hot
01-02 22:29:41.280     1     1 I KERNEL  : [    1.543040] pci 0000:00:18.0: [8086:0f40] type 00 class 0x080102
01-02 22:29:41.290     1     1 I KERNEL  : [    1.549897] pci 0000:00:18.0: reg 10: [mem 0xdeff8000-0xdeffbfff]
01-02 22:29:41.300     1     1 I KERNEL  : [    1.556780] pci 0000:00:18.0: reg 14: [mem 0xdeff7000-0xdeff7fff]
01-02 22:29:41.300     1     1 I KERNEL  : [    1.563881] pci 0000:00:18.1: [8086:0f41] type 00 class 0x0c8000
01-02 22:29:41.310     1     1 I KERNEL  : [    1.570686] pci 0000:00:18.1: reg 10: [mem 0xdeff6000-0xdeff6fff]
01-02 22:29:41.320     1     1 I KERNEL  : [    1.577595] pci 0000:00:18.1: reg 14: [mem 0xdeff5000-0xdeff5fff]
01-02 22:29:41.330     1     1 I KERNEL  : [    1.584671] pci 0000:00:18.2: [8086:0f42] type 00 class 0x0c8000
01-02 22:29:41.330     1     1 I KERNEL  : [    1.591503] pci 0000:00:18.2: reg 10: [mem 0xdeff4000-0xdeff4fff]
01-02 22:29:41.340     1     1 I KERNEL  : [    1.598382] pci 0000:00:18.2: reg 14: [mem 0xdeff3000-0xdeff3fff]
01-02 22:29:41.350     1     1 I KERNEL  : [    1.605464] pci 0000:00:18.3: [8086:0f43] type 00 class 0x0c8000
01-02 22:29:41.350     1     1 I KERNEL  : [    1.612205] pci 0000:00:18.3: reg 10: [mem 0xdeff2000-0xdeff2fff]
01-02 22:29:41.360     1     1 I KERNEL  : [    1.619041] pci 0000:00:18.3: reg 14: [mem 0xdeff1000-0xdeff1fff]
01-02 22:29:41.360     1     1 I KERNEL  : [    1.625963] pci 0000:00:18.4: [8086:0f44] type 00 class 0x0c8000
01-02 22:29:41.370     1     1 I KERNEL  : [    1.632710] pci 0000:00:18.4: reg 10: [mem 0xdeff0000-0xdeff0fff]
01-02 22:29:41.370     1     1 I KERNEL  : [    1.639533] pci 0000:00:18.4: reg 14: [mem 0xdefef000-0xdefeffff]
