03-13 05:46:51.489   595   595 D GSM     : [GsmDCT] isDataPossible(supl): possible=false isDataAllowed=false apnTypePossible=true apnContextisEnabled=false apnContextState()=IDLE
03-13 05:46:51.489   595   595 D GSM     : [GsmDCT] get active apn string for type:supl
03-13 05:46:51.489   595   595 D GSM     : [ApnContext:supl] setDataConnection: old dc=null new dc=null this={mApnType=supl mState=IDLE mWaitingApns=null mWaitingApnsPermanentFailureCountDown=0 mApnSetting=null mDataConnectionAc=null mReason=radioTurnedOff mRetryCount=0 mDataEnabled=false mDependencyMet=true}
03-13 05:46:51.489   595   595 D GSM     : [ApnContext:supl] setDataConnectionAc: old dcac=null new dcac=null
03-13 05:46:51.489   595   595 D GSM     : [GsmDCT] cleanUpConnection: X tearDown=false reason=radioTurnedOff apnContext={mApnType=supl mState=IDLE mWaitingApns=null mWaitingApnsPermanentFailureCountDown=0 mApnSetting=null mDataConnectionAc=null mReason=radioTurnedOff mRetryCount=0 mDataEnabled=false mDependencyMet=true} dc=null
03-13 05:46:51.489   595   595 D GSM     : [ApnContext:hipri] set reason as radioTurnedOff,current state IDLE
03-13 05:46:51.489   595   595 D GSM     : [GsmDCT] cleanUpConnection: E tearDown=false reason=radioTurnedOff apnContext={mApnType=hipri mState=IDLE mWaitingApns=null mWaitingApnsPermanentFailureCountDown=0 mApnSetting=null mDataConnectionAc=null mReason=radioTurnedOff mRetryCount=0 mDataEnabled=false mDependencyMet=true}
03-13 05:46:51.489   595   595 D GSM     : [ApnContext:hipri] setState: IDLE, previous state:IDLE
03-13 05:46:51.499   595   595 D GSM     : [GsmDCT] isDataAllowed: not allowed due to - gprs= 3 - SIM not loaded
03-13 05:46:51.499   595   595 D GSM     : [GsmDCT] isDataPossible(hipri): possible=false isDataAllowed=false apnTypePossible=true apnContextisEnabled=false apnContextState()=IDLE
03-13 05:46:51.499   595   595 D GSM     : [GsmDCT] get active apn string for type:hipri
03-13 05:46:51.499   595   595 D GSM     : [ApnContext:hipri] setDataConnection: old dc=null new dc=null this={mApnType=hipri mState=IDLE mWaitingApns=null mWaitingApnsPermanentFailureCountDown=0 mApnSetting=null mDataConnectionAc=null mReason=radioTurnedOff mRetryCount=0 mDataEnabled=false mDependencyMet=true}
03-13 05:46:51.499   595   595 D GSM     : [ApnContext:hipri] setDataConnectionAc: old dcac=null new dcac=null
03-13 05:46:51.499   595   595 D GSM     : [GsmDCT] cleanUpConnection: X tearDown=false reason=radioTurnedOff apnContext={mApnType=hipri mState=IDLE mWaitingApns=null mWaitingApnsPermanentFailureCountDown=0 mApnSetting=null mDataConnectionAc=null mReason=radioTurnedOff mRetryCount=0 mDataEnabled=false mDependencyMet=true} dc=null
03-13 05:46:51.499   595   595 D GSM     : [ApnContext:ims] set reason as radioTurnedOff,current state IDLE
03-13 05:46:51.499   595   595 D GSM     : [GsmDCT] cleanUpConnection: E tearDown=false reason=radioTurnedOff apnContext={mApnType=ims mState=IDLE mWaitingApns=null mWaitingApnsPermanentFailureCountDown=0 mApnSetting=null mDataConnectionAc=null mReason=radioTurnedOff mRetryCount=0 mDataEnabled=false mDependencyMet=true}
03-13 05:46:51.499   595   595 D GSM     : [ApnContext:ims] setState: IDLE, previous state:IDLE
03-13 05:46:51.499   595   595 D GSM     : [GsmDCT] isDataAllowed: not allowed due to - gprs= 3 - SIM not loaded
03-13 05:46:51.499   595   595 D GSM     : [GsmDCT] isDataPossible(ims): possible=false isDataAllowed=false apnTypePossible=true apnContextisEnabled=false apnContextState()=IDLE
03-13 05:46:51.499   595   595 D GSM     : [GsmDCT] get active apn string for type:ims
03-13 05:46:51.499   595   595 D GSM     : [ApnContext:ims] setDataConnection: old dc=null new dc=null this={mApnType=ims mState=IDLE mWaitingApns=null mWaitingApnsPermanentFailureCountDown=0 mApnSetting=null mDataConnectionAc=null mReason=radioTurnedOff mRetryCount=0 mDataEnabled=false mDependencyMet=true}
03-13 05:46:51.499   595   595 D GSM     : [ApnContext:ims] setDataConnectionAc: old dcac=null new dcac=null
03-13 05:46:51.499   595   595 D GSM     : [GsmDCT] cleanUpConnection: X tearDown=false reason=radioTurnedOff apnContext={mApnType=ims mState=IDLE mWaitingApns=null mWaitingApnsPermanentFailureCountDown=0 mApnSetting=null mDataConnectionAc=null mReason=radioTurnedOff mRetryCount=0 mDataEnabled=false mDependencyMet=true} dc=null
03-13 05:46:51.499   595   595 D GSM     : [ApnContext:default] set reason as radioTurnedOff,current state IDLE
03-13 05:46:51.499   595   595 D GSM     : [GsmDCT] cleanUpConnection: E tearDown=false reason=radioTurnedOff apnContext={mApnType=default mState=IDLE mWaitingApns=null mWaitingApnsPermanentFailureCountDown=0 mApnSetting=null mDataConnectionAc=null mReason=radioTurnedOff mRetryCount=0 mDataEnabled=true mDependencyMet=true}
03-13 05:46:51.499   595   595 D GSM     : [ApnContext:default] setState: IDLE, previous state:IDLE
03-13 05:46:51.499   595   595 D GSM     : [GsmDCT] isDataAllowed: not allowed due to - gprs= 3 - SIM not loaded
03-13 05:46:51.499   595   595 D GSM     : [GsmDCT] isDataPossible(default): possible=false isDataAllowed=false apnTypePossible=true apnContextisEnabled=true apnContextState()=IDLE
03-13 05:46:51.499   595   595 D GSM     : [GsmDCT] get active apn string for type:default
03-13 05:46:51.509   413   494 I backup_data_changed: android
03-13 05:46:51.509   595   595 D GSM     : [ApnContext:default] setDataConnection: old dc=null new dc=null this={mApnType=default mState=IDLE mWaitingApns=null mWaitingApnsPermanentFailureCountDown=0 mApnSetting=null mDataConnectionAc=null mReason=radioTurnedOff mRetryCount=0 mDataEnabled=true mDependencyMet=true}
03-13 05:46:51.509   595   595 D GSM     : [ApnContext:default] setDataConnectionAc: old dcac=null new dcac=null
03-13 05:46:51.509   595   595 D GSM     : [GsmDCT] cleanUpConnection: X tearDown=false reason=radioTurnedOff apnContext={mApnType=default mState=IDLE mWaitingApns=null mWaitingApnsPermanentFailureCountDown=0 mApnSetting=null mDataConnectionAc=null mReason=radioTurnedOff mRetryCount=0 mDataEnabled=true mDependencyMet=true} dc=null
03-13 05:46:51.509   595   595 D GSM     : [ApnContext:bip_gprs2] set reason as radioTurnedOff,current state IDLE
03-13 05:46:51.509   595   595 D GSM     : [GsmDCT] cleanUpConnection: E tearDown=false reason=radioTurnedOff apnContext={mApnType=bip_gprs2 mState=IDLE mWaitingApns=null mWaitingApnsPermanentFailureCountDown=0 mApnSetting=null mDataConnectionAc=null mReason=radioTurnedOff mRetryCount=0 mDataEnabled=false mDependencyMet=true}
03-13 05:46:51.509   595   595 D GSM     : [ApnContext:bip_gprs2] setState: IDLE, previous state:IDLE
03-13 05:46:51.509   595   595 D GSM     : [GsmDCT] isDataAllowed: not allowed due to - gprs= 3 - SIM not loaded
03-13 05:46:51.509   595   595 D GSM     : [GsmDCT] isDataPossible(bip_gprs2): possible=false isDataAllowed=false apnTypePossible=true apnContextisEnabled=false apnContextState()=IDLE
03-13 05:46:51.509   595   595 D GSM     : [GsmDCT] get active apn string for type:bip_gprs2
03-13 05:46:51.529   413   420 I dalvikvm: Total arena pages for JIT: 27
03-13 05:46:51.529   413   420 I dalvikvm: Total arena pages for JIT: 28
03-13 05:46:51.529   413   420 I dalvikvm: Total arena pages for JIT: 29
03-13 05:46:51.529   413   420 I dalvikvm: Total arena pages for JIT: 30
03-13 05:46:51.529   413   420 I dalvikvm: Total arena pages for JIT: 31
03-13 05:46:51.529   413   420 I dalvikvm: Total arena pages for JIT: 32
03-13 05:46:51.529   413   420 I dalvikvm: Total arena pages for JIT: 33
03-13 05:46:51.529   413   420 I dalvikvm: Total arena pages for JIT: 34
03-13 05:46:51.529   413   420 I dalvikvm: Total arena pages for JIT: 35
03-13 05:46:51.529   413   420 I dalvikvm: Total arena pages for JIT: 36
03-13 05:46:51.529   413   420 I dalvikvm: Total arena pages for JIT: 37
03-13 05:46:51.539   501   501 D PhoneStatusBar: disable: < expand icons alerts ticker system_info BACK* HOME* RECENT* clock SEARCH* >
03-13 05:46:51.539   132   171 I /system/bin/fsck_msdos: Next free cluster in FSInfo block (108) not free
03-13 05:46:51.539   132   171 I /system/bin/fsck_msdos: FIXED
03-13 05:46:51.549   413   637 I SearchManagerService: Building list of searchable activities for userId=0
03-13 05:46:51.549   413   674 D dalvikvm: GREF has increased to 401
03-13 05:46:51.549   413   450 D BluetoothManagerService: Message: 20
03-13 05:46:51.549   413   450 D BluetoothManagerService: Added callback: android.bluetooth.IBluetoothManagerCallback$Stub$Proxy@21181350:true
03-13 05:46:51.549   704   704 D BluetoothAdapter: 554177736: getState() :  mService = null. Returning STATE_OFF
03-13 05:46:51.549   413   450 D BluetoothManagerService: Message: 30
03-13 05:46:51.549   595   595 D GSM     : [ApnContext:bip_gprs2] setDataConnection: old dc=null new dc=null this={mApnType=bip_gprs2 mState=IDLE mWaitingApns=null mWaitingApnsPermanentFailureCountDown=0 mApnSetting=null mDataConnectionAc=null mReason=radioTurnedOff mRetryCount=0 mDataEnabled=false mDependencyMet=true}
03-13 05:46:51.549   595   595 D GSM     : [ApnContext:bip_gprs2] setDataConnectionAc: old dcac=null new dcac=null
03-13 05:46:51.549   595   595 D GSM     : [GsmDCT] cleanUpConnection: X tearDown=false reason=radioTurnedOff apnContext={mApnType=bip_gprs2 mState=IDLE mWaitingApns=null mWaitingApnsPermanentFailureCountDown=0 mApnSetting=null mDataConnectionAc=null mReason=radioTurnedOff mRetryCount=0 mDataEnabled=false mDependencyMet=true} dc=null
03-13 05:46:51.549   595   595 D GSM     : [ApnContext:mms] set reason as radioTurnedOff,current state IDLE
03-13 05:46:51.549   595   595 D GSM     : [GsmDCT] cleanUpConnection: E tearDown=false reason=radioTurnedOff apnContext={mApnType=mms mState=IDLE mWaitingApns=null mWaitingApnsPermanentFailureCountDown=0 mApnSetting=null mDataConnectionAc=null mReason=radioTurnedOff mRetryCount=0 mDataEnabled=false mDependencyMet=true}
03-13 05:46:51.549   595   595 D GSM     : [ApnContext:mms] setState: IDLE, previous state:IDLE
03-13 05:46:51.549   595   595 D GSM     : [GsmDCT] isDataAllowed: not allowed due to - gprs= 3 - SIM not loaded
03-13 05:46:51.549   595   595 D GSM     : [GsmDCT] isDataPossible(mms): possible=false isDataAllowed=false apnTypePossible=true apnContextisEnabled=false apnContextState()=IDLE
03-13 05:46:51.549   595   595 D GSM     : [GsmDCT] get active apn string for type:mms
03-13 05:46:51.549   595   595 D GSM     : [ApnContext:mms] setDataConnection: old dc=null new dc=null this={mApnType=mms mState=IDLE mWaitingApns=null mWaitingApnsPermanentFailureCountDown=0 mApnSetting=null mDataConnectionAc=null mReason=radioTurnedOff mRetryCount=0 mDataEnabled=false mDependencyMet=true}
03-13 05:46:51.549   595   595 D GSM     : [ApnContext:mms] setDataConnectionAc: old dcac=null new dcac=null
03-13 05:46:51.549   595   595 D GSM     : [GsmDCT] cleanUpConnection: X tearDown=false reason=radioTurnedOff apnContext={mApnType=mms mState=IDLE mWaitingApns=null mWaitingApnsPermanentFailureCountDown=0 mApnSetting=null mDataConnectionAc=null mReason=radioTurnedOff mRetryCount=0 mDataEnabled=false mDependencyMet=true} dc=null
03-13 05:46:51.549   595   595 D GSM     : [ApnContext:cbs] set reason as radioTurnedOff,current state IDLE
03-13 05:46:51.549   595   595 D GSM     : [GsmDCT] cleanUpConnection: E tearDown=false reason=radioTurnedOff apnContext={mApnType=cbs mState=IDLE mWaitingApns=null mWaitingApnsPermanentFailureCountDown=0 mApnSetting=null mDataConnectionAc=null mReason=radioTurnedOff mRetryCount=0 mDataEnabled=false mDependencyMet=true}
03-13 05:46:51.549   595   595 D GSM     : [ApnContext:cbs] setState: IDLE, previous state:IDLE
03-13 05:46:51.549   595   595 D GSM     : [GsmDCT] isDataAllowed: not allowed due to - gprs= 3 - SIM not loaded
03-13 05:46:51.549   595   595 D GSM     : [GsmDCT] isDataPossible(cbs): possible=false isDataAllowed=false apnTypePossible=true apnContextisEnabled=false apnContextState()=IDLE
03-13 05:46:51.549   595   595 D GSM     : [GsmDCT] get active apn string for type:cbs
03-13 05:46:51.549   595   595 D GSM     : [ApnContext:cbs] setDataConnection: old dc=null new dc=null this={mApnType=cbs mState=IDLE mWaitingApns=null mWaitingApnsPermanentFailureCountDown=0 mApnSetting=null mDataConnectionAc=null mReason=radioTurnedOff mRetryCount=0 mDataEnabled=false mDependencyMet=true}
03-13 05:46:51.549   595   595 D GSM     : [ApnContext:cbs] setDataConnectionAc: old dcac=null new dcac=null
03-13 05:46:51.549   595   595 D GSM     : [GsmDCT] cleanUpConnection: X tearDown=false reason=radioTurnedOff apnContext={mApnType=cbs mState=IDLE mWaitingApns=null mWaitingApnsPermanentFailureCountDown=0 mApnSetting=null mDataConnectionAc=null mReason=radioTurnedOff mRetryCount=0 mDataEnabled=false mDependencyMet=true} dc=null
03-13 05:46:51.549   595   595 D GSM     : [GsmDCT] stopNetStatPoll
03-13 05:46:51.549   595   595 D GSM     : [GsmDCT] notifyOffApnOfAvailability type:bip_gprs1
03-13 05:46:51.549   595   595 D GSM     : [GsmDCT] isDataAllowed: not allowed due to - gprs= 3 - SIM not loaded
03-13 05:46:51.559   704   704 W ApplicationContext: Calling a method in the system process without a qualified user: android.app.ContextImpl.bindService:1412 android.content.ContextWrapper.bindService:473 android.bluetooth.BluetoothInputDevice.<init>:240 
03-13 05:46:51.559   704   704 W ApplicationContext: Calling a method in the system process without a qualified user: android.app.ContextImpl.bindService:1412 android.content.ContextWrapper.bindService:473 android.bluetooth.BluetoothPan.<init>:141 
03-13 05:46:51.559   704   704 W ApplicationContext: Calling a method in the system process without a qualified user: android.app.ContextImpl.bindService:1412 android.content.ContextWrapper.bindService:473 android.bluetooth.BluetoothPbap.<init>:161 
03-13 05:46:51.559   413   450 D BluetoothManagerService: Message: 30
03-13 05:46:51.559   704   704 D BluetoothPan: BluetoothPan() call bindService
03-13 05:46:51.559   704   704 D BluetoothPan: BluetoothPan(), bindService called
03-13 05:46:51.559   413   450 D BluetoothManagerService: Message: 30
03-13 05:46:51.559   595   595 D GSM     : [GsmDCT] isDataPossible(bip_gprs1): possible=false isDataAllowed=false apnTypePossible=true apnContextisEnabled=false apnContextState()=IDLE
03-13 05:46:51.559   595   595 D GSM     : [GsmDCT] get active apn string for type:bip_gprs1
03-13 05:46:51.559   595   595 D GSM     : [GsmDCT] notifyOffApnOfAvailability type:fota
03-13 05:46:51.559   595   595 D GSM     : [GsmDCT] isDataAllowed: not allowed due to - gprs= 3 - SIM not loaded
03-13 05:46:51.559   595   595 D GSM     : [GsmDCT] isDataPossible(fota): possible=false isDataAllowed=false apnTypePossible=true apnContextisEnabled=false apnContextState()=IDLE
03-13 05:46:51.559   595   595 D GSM     : [GsmDCT] get active apn string for type:fota
03-13 05:46:51.559   595   595 D GSM     : [GsmDCT] notifyOffApnOfAvailability type:dun
03-13 05:46:51.559   595   595 D GSM     : [GsmDCT] isDataAllowed: not allowed due to - gprs= 3 - SIM not loaded
03-13 05:46:51.559   595   595 D GSM     : [GsmDCT] isDataPossible(dun): possible=false isDataAllowed=false apnTypePossible=true apnContextisEnabled=false apnContextState()=IDLE
03-13 05:46:51.559   595   595 D GSM     : [GsmDCT] get active apn string for type:dun
03-13 05:46:51.569   132   171 I /system/bin/fsck_msdos: 14 files, 2737440 free (1915044 clusters)
03-13 05:46:51.569   595   595 D GSM     : [GsmDCT] notifyOffApnOfAvailability type:supl
03-13 05:46:51.569   704   704 D LocalBluetoothProfileManager: LocalBluetoothProfileManager construction complete
03-13 05:46:51.569   704   704 D BluetoothAdapter: 554177736: getState() :  mService = null. Returning STATE_OFF
03-13 05:46:51.569   704   704 D BluetoothAdapter: 554177736: getState() :  mService = null. Returning STATE_OFF
03-13 05:46:51.569   595   595 D GSM     : [GsmDCT] isDataAllowed: not allowed due to - gprs= 3 - SIM not loaded
03-13 05:46:51.569   595   595 D GSM     : [GsmDCT] isDataPossible(supl): possible=false isDataAllowed=false apnTypePossible=true apnContextisEnabled=false apnContextState()=IDLE
03-13 05:46:51.569   595   595 D GSM     : [GsmDCT] get active apn string for type:supl
03-13 05:46:51.569   595   595 D GSM     : [GsmDCT] notifyOffApnOfAvailability type:hipri
03-13 05:46:51.569   595   595 D GSM     : [GsmDCT] isDataAllowed: not allowed due to - gprs= 3 - SIM not loaded
03-13 05:46:51.569   595   595 D GSM     : [GsmDCT] isDataPossible(hipri): possible=false isDataAllowed=false apnTypePossible=true apnContextisEnabled=false apnContextState()=IDLE
03-13 05:46:51.569   595   595 D GSM     : [GsmDCT] get active apn string for type:hipri
03-13 05:46:51.589   595   595 D GSM     : [GsmDCT] notifyOffApnOfAvailability type:ims
03-13 05:46:51.589   595   595 D GSM     : [GsmDCT] isDataAllowed: not allowed due to - gprs= 3 - SIM not loaded
03-13 05:46:51.589   595   595 D GSM     : [GsmDCT] isDataPossible(ims): possible=false isDataAllowed=false apnTypePossible=true apnContextisEnabled=false apnContextState()=IDLE
03-13 05:46:51.589   595   595 D GSM     : [GsmDCT] get active apn string for type:ims
03-13 05:46:51.589   595   595 D GSM     : [GsmDCT] notifyOffApnsOfAvailability skipped apn due to isReady==false: {mApnType=default mState=IDLE mWaitingApns=null mWaitingApnsPermanentFailureCountDown=0 mApnSetting=null mDataConnectionAc=null mReason=radioTurnedOff mRetryCount=0 mDataEnabled=true mDependencyMet=true}
03-13 05:46:51.589   595   595 D GSM     : [GsmDCT] notifyOffApnOfAvailability type:bip_gprs2
03-13 05:46:51.589   595   595 D GSM     : [GsmDCT] isDataAllowed: not allowed due to - gprs= 3 - SIM not loaded
03-13 05:46:51.589   595   595 D GSM     : [GsmDCT] isDataPossible(bip_gprs2): possible=false isDataAllowed=false apnTypePossible=true apnContextisEnabled=false apnContextState()=IDLE
03-13 05:46:51.589   595   595 D GSM     : [GsmDCT] get active apn string for type:bip_gprs2
03-13 05:46:51.589   595   595 D GSM     : [GsmDCT] notifyOffApnOfAvailability type:mms
03-13 05:46:51.589   595   595 D GSM     : [GsmDCT] isDataAllowed: not allowed due to - gprs= 3 - SIM not loaded
03-13 05:46:51.589   595   595 D GSM     : [GsmDCT] isDataPossible(mms): possible=false isDataAllowed=false apnTypePossible=true apnContextisEnabled=false apnContextState()=IDLE
03-13 05:46:51.589   595   595 D GSM     : [GsmDCT] get active apn string for type:mms
03-13 05:46:51.599   729   729 D dalvikvm: Process 729 nice name: com.android.music
03-13 05:46:51.609   413   428 D PackageManager: generateServicesMap() for 0
03-13 05:46:51.609   729   729 D dalvikvm: Extra Options: not specified
03-13 05:46:51.609   413   424 I ActivityManager: Start proc com.android.music for broadcast com.android.music/.MediaButtonIntentReceiver: pid=729 uid=10026 gids={50026, 3003, 1015, 1028}
03-13 05:46:51.609   413   424 I am_proc_start: [0,729,10026,com.android.music,broadcast,com.android.music/.MediaButtonIntentReceiver]
03-13 05:46:51.619   413   428 D PackageManager: generateServicesMap() for 0
03-13 05:46:51.619   413   420 I dalvikvm: Could not compile trace for Ljava/util/Arrays;fill, offset 7
03-13 05:46:51.619   413   420 D dalvikvm: ++++++++++++++++++++++++++++++++++++++++++++
03-13 05:46:51.619   413   420 D dalvikvm: JIT_INFO: Issues while compiling trace  Ljava/util/Arrays;fill, offset 7
03-13 05:46:51.619   413   420 D dalvikvm: 	The trace provoked a spill.
03-13 05:46:51.619   413   420 I dalvikvm: Trying less registerization from 1 to 0
03-13 05:46:51.619   413   420 D dalvikvm: JIT_INFO: Retrying trace Ljava/util/Arrays;fill, offset 7
03-13 05:46:51.619   413   420 D dalvikvm: ++++++++++++++++++++++++++++++++++++++++++++
03-13 05:46:51.619   595   595 D GSM     : [GsmDCT] notifyOffApnOfAvailability type:cbs
03-13 05:46:51.619   595   595 D GSM     : [GsmDCT] isDataAllowed: not allowed due to - gprs= 3 - SIM not loaded
03-13 05:46:51.619   595   595 D GSM     : [GsmDCT] isDataPossible(cbs): possible=false isDataAllowed=false apnTypePossible=true apnContextisEnabled=false apnContextState()=IDLE
03-13 05:46:51.619   595   595 D GSM     : [GsmDCT] get active apn string for type:cbs
03-13 05:46:51.629   595   595 D GSM     : [GsmDCT] handleMessage msg={ what=270345 when=-481ms target=Handler (com.android.internal.telephony.gsm.GsmDataConnectionTracker) {21095680} name=0x42009 obj=android.os.AsyncResult@21098128 }
03-13 05:46:51.629   595   595 D GSM     : [GsmDCT] onDataConnectionDetached: stop polling and notify detached
03-13 05:46:51.629   595   595 D GSM     : [GsmDCT] stopNetStatPoll
03-13 05:46:51.629   595   595 D GSM     : [GsmDCT] notifyDataConnection: reason=dataDetached
03-13 05:46:51.629   595   595 D GSM     : [GsmDCT] notifyDataConnection: type:default
03-13 05:46:51.629   595   595 D GSM     : [GsmDCT] isDataAllowed: not allowed due to - gprs= 3 - SIM not loaded
03-13 05:46:51.629   595   595 D GSM     : [GsmDCT] isDataPossible(default): possible=false isDataAllowed=false apnTypePossible=true apnContextisEnabled=true apnContextState()=IDLE
03-13 05:46:51.629   595   595 D GSM     : [GsmDCT] get active apn string for type:default
03-13 05:46:51.629   595   595 D GSM     : [GsmDCT] notifyOffApnOfAvailability type:bip_gprs1
03-13 05:46:51.629   595   595 D GSM     : [GsmDCT] isDataAllowed: not allowed due to - gprs= 3 - SIM not loaded
03-13 05:46:51.629   595   595 D GSM     : [GsmDCT] isDataPossible(bip_gprs1): possible=false isDataAllowed=false apnTypePossible=true apnContextisEnabled=false apnContextState()=IDLE
03-13 05:46:51.629   595   595 D GSM     : [GsmDCT] get active apn string for type:bip_gprs1
03-13 05:46:51.639   621   621 I am_on_resume_called: [0,com.android.launcher2.Launcher]
03-13 05:46:51.639   595   595 D GSM     : [GsmDCT] notifyOffApnOfAvailability type:fota
03-13 05:46:51.639   595   595 D GSM     : [GsmDCT] isDataAllowed: not allowed due to - gprs= 3 - SIM not loaded
03-13 05:46:51.639   595   595 D GSM     : [GsmDCT] isDataPossible(fota): possible=false isDataAllowed=false apnTypePossible=true apnContextisEnabled=false apnContextState()=IDLE
03-13 05:46:51.639   595   595 D GSM     : [GsmDCT] get active apn string for type:fota
03-13 05:46:51.639   595   595 D GSM     : [GsmDCT] notifyOffApnOfAvailability type:dun
03-13 05:46:51.639   595   595 D GSM     : [GsmDCT] isDataAllowed: not allowed due to - gprs= 3 - SIM not loaded
03-13 05:46:51.639   595   595 D GSM     : [GsmDCT] isDataPossible(dun): possible=false isDataAllowed=false apnTypePossible=true apnContextisEnabled=false apnContextState()=IDLE
03-13 05:46:51.639   595   595 D GSM     : [GsmDCT] get active apn string for type:dun
03-13 05:46:51.649   413   494 I backup_data_changed: android
03-13 05:46:51.649   413   420 I dalvikvm: Could not compile trace for Ljava/util/Arrays;fill, offset 5
03-13 05:46:51.649   413   420 D dalvikvm: ++++++++++++++++++++++++++++++++++++++++++++
03-13 05:46:51.649   413   420 D dalvikvm: JIT_INFO: Issues while compiling trace  Ljava/util/Arrays;fill, offset 5
03-13 05:46:51.649   413   420 D dalvikvm: 	The trace provoked a spill.
03-13 05:46:51.649   413   420 I dalvikvm: Trying less registerization from 1 to 0
03-13 05:46:51.649   413   420 D dalvikvm: JIT_INFO: Retrying trace Ljava/util/Arrays;fill, offset 5
03-13 05:46:51.649   413   420 D dalvikvm: ++++++++++++++++++++++++++++++++++++++++++++
03-13 05:46:51.649   595   595 D GSM     : [GsmDCT] notifyOffApnOfAvailability type:supl
03-13 05:46:51.649   595   595 D GSM     : [GsmDCT] isDataAllowed: not allowed due to - gprs= 3 - SIM not loaded
03-13 05:46:51.649   595   595 D GSM     : [GsmDCT] isDataPossible(supl): possible=false isDataAllowed=false apnTypePossible=true apnContextisEnabled=false apnContextState()=IDLE
03-13 05:46:51.649   595   595 D GSM     : [GsmDCT] get active apn string for type:supl
03-13 05:46:51.669   595   595 D GSM     : [GsmDCT] notifyOffApnOfAvailability type:hipri
03-13 05:46:51.669   595   595 D GSM     : [GsmDCT] isDataAllowed: not allowed due to - gprs= 3 - SIM not loaded
03-13 05:46:51.669   595   595 D GSM     : [GsmDCT] isDataPossible(hipri): possible=false isDataAllowed=false apnTypePossible=true apnContextisEnabled=false apnContextState()=IDLE
03-13 05:46:51.669   729   729 I dalvikvm: Turning on JNI app bug workarounds for target SDK version 9...
03-13 05:46:51.669   595   595 D GSM     : [GsmDCT] get active apn string for type:hipri
03-13 05:46:51.679   595   595 D GSM     : [GsmDCT] notifyOffApnOfAvailability type:ims
03-13 05:46:51.679   595   595 D GSM     : [GsmDCT] isDataAllowed: not allowed due to - gprs= 3 - SIM not loaded
03-13 05:46:51.679   595   595 D GSM     : [GsmDCT] isDataPossible(ims): possible=false isDataAllowed=false apnTypePossible=true apnContextisEnabled=false apnContextState()=IDLE
03-13 05:46:51.679   595   595 D GSM     : [GsmDCT] get active apn string for type:ims
03-13 05:46:51.679   595   595 D GSM     : [GsmDCT] notifyOffApnsOfAvailability skipped apn due to isReady==false: {mApnType=default mState=IDLE mWaitingApns=null mWaitingApnsPermanentFailureCountDown=0 mApnSetting=null mDataConnectionAc=null mReason=radioTurnedOff mRetryCount=0 mDataEnabled=true mDependencyMet=true}
03-13 05:46:51.679   595   595 D GSM     : [GsmDCT] notifyOffApnOfAvailability type:bip_gprs2
03-13 05:46:51.679   595   595 D GSM     : [GsmDCT] isDataAllowed: not allowed due to - gprs= 3 - SIM not loaded
03-13 05:46:51.679   595   595 D GSM     : [GsmDCT] isDataPossible(bip_gprs2): possible=false isDataAllowed=false apnTypePossible=true apnContextisEnabled=false apnContextState()=IDLE
03-13 05:46:51.679   595   595 D GSM     : [GsmDCT] get active apn string for type:bip_gprs2
03-13 05:46:51.689   595   695 I content_query_sample: [content://call_log/calls,_id/number/date/duration/type,type=3 AND new=1,date DESC,420,,85]
03-13 05:46:51.689   413   424 I am_proc_bound: [0,729,com.android.music]
03-13 05:46:51.689   595   595 D GSM     : [GsmDCT] notifyOffApnOfAvailability type:mms
03-13 05:46:51.689   595   595 D GSM     : [GsmDCT] isDataAllowed: not allowed due to - gprs= 3 - SIM not loaded
03-13 05:46:51.689   595   595 D GSM     : [GsmDCT] isDataPossible(mms): possible=false isDataAllowed=false apnTypePossible=true apnContextisEnabled=false apnContextState()=IDLE
03-13 05:46:51.689   595   595 D GSM     : [GsmDCT] get active apn string for type:mms
03-13 05:46:51.699   595   595 D GSM     : [GsmDCT] notifyOffApnOfAvailability type:cbs
03-13 05:46:51.699   595   595 D GSM     : [GsmDCT] isDataAllowed: not allowed due to - gprs= 3 - SIM not loaded
03-13 05:46:51.699   595   595 D GSM     : [GsmDCT] isDataPossible(cbs): possible=false isDataAllowed=false apnTypePossible=true apnContextisEnabled=false apnContextState()=IDLE
03-13 05:46:51.699   671   671 I FusedLocation: engine started (com.android.location.fused)
03-13 05:46:51.699   595   595 D GSM     : [GsmDCT] get active apn string for type:cbs
03-13 05:46:51.709   413   428 D TelephonyRegistry: MSG_USER_SWITCHED userId=0
03-13 05:46:51.709   595   595 D GSM     : [GsmDCT] handleMessage msg={ what=270348 when=-561ms target=Handler (com.android.internal.telephony.gsm.GsmDataConnectionTracker) {21095680} name=0x4200c obj=android.os.AsyncResult@21098668 }
03-13 05:46:51.709   595   595 D GSM     : [GsmDCT] onRoamingOff
03-13 05:46:51.709   595   595 D GSM     : [GsmDCT] notifyDataConnection: reason=roamingOff
03-13 05:46:51.709   595   595 D GSM     : [GsmDCT] notifyDataConnection: type:default
03-13 05:46:51.709   595   595 D GSM     : [GsmDCT] isDataAllowed: not allowed due to - gprs= 3 - SIM not loaded
03-13 05:46:51.709   595   595 D GSM     : [GsmDCT] isDataPossible(default): possible=false isDataAllowed=false apnTypePossible=true apnContextisEnabled=true apnContextState()=IDLE
03-13 05:46:51.709   595   595 D GSM     : [GsmDCT] get active apn string for type:default
03-13 05:46:51.709   595   595 D GSM     : [GsmDCT] notifyOffApnOfAvailability type:bip_gprs1
03-13 05:46:51.709   595   595 D GSM     : [GsmDCT] isDataAllowed: not allowed due to - gprs= 3 - SIM not loaded
03-13 05:46:51.709   595   595 D GSM     : [GsmDCT] isDataPossible(bip_gprs1): possible=false isDataAllowed=false apnTypePossible=true apnContextisEnabled=false apnContextState()=IDLE
03-13 05:46:51.709   595   595 D GSM     : [GsmDCT] get active apn string for type:bip_gprs1
03-13 05:46:51.729   595   595 D GSM     : [GsmDCT] notifyOffApnOfAvailability type:fota
03-13 05:46:51.729   595   595 D GSM     : [GsmDCT] isDataAllowed: not allowed due to - gprs= 3 - SIM not loaded
03-13 05:46:51.729   595   595 D GSM     : [GsmDCT] isDataPossible(fota): possible=false isDataAllowed=false apnTypePossible=true apnContextisEnabled=false apnContextState()=IDLE
03-13 05:46:51.729   595   595 D GSM     : [GsmDCT] get active apn string for type:fota
03-13 05:46:51.739   413   636 I am_create_service: [0,555622968,com.android.music/.MediaPlaybackService,729]
03-13 05:46:51.739   595   595 D GSM     : [GsmDCT] notifyOffApnOfAvailability type:dun
03-13 05:46:51.739   595   595 D GSM     : [GsmDCT] isDataAllowed: not allowed due to - gprs= 3 - SIM not loaded
03-13 05:46:51.739   595   595 D GSM     : [GsmDCT] isDataPossible(dun): possible=false isDataAllowed=false apnTypePossible=true apnContextisEnabled=false apnContextState()=IDLE
03-13 05:46:51.739   595   595 D GSM     : [GsmDCT] get active apn string for type:dun
03-13 05:46:51.749   501   501 I Choreographer: Skipped 37 frames!  The application may be doing too much work on its main thread.
03-13 05:46:51.749   621   621 D libEGL  : loaded /system/lib/egl/libGLES_intel7.so
03-13 05:46:51.749   595   595 D GSM     : [GsmDCT] notifyOffApnOfAvailability type:supl
03-13 05:46:51.749   595   595 D GSM     : [GsmDCT] isDataAllowed: not allowed due to - gprs= 3 - SIM not loaded
03-13 05:46:51.749   595   595 D GSM     : [GsmDCT] isDataPossible(supl): possible=false isDataAllowed=false apnTypePossible=true apnContextisEnabled=false apnContextState()=IDLE
03-13 05:46:51.749   595   595 D GSM     : [GsmDCT] get active apn string for type:supl
03-13 05:46:51.749   595   595 D GSM     : [GsmDCT] notifyOffApnOfAvailability type:hipri
03-13 05:46:51.749   595   595 D GSM     : [GsmDCT] isDataAllowed: not allowed due to - gprs= 3 - SIM not loaded
03-13 05:46:51.749   595   595 D GSM     : [GsmDCT] isDataPossible(hipri): possible=false isDataAllowed=false apnTypePossible=true apnContextisEnabled=false apnContextState()=IDLE
03-13 05:46:51.749   595   595 D GSM     : [GsmDCT] get active apn string for type:hipri
03-13 05:46:51.759   501   501 D SizeAdaptiveLayout: com.android.internal.widget.SizeAdaptiveLayout{211f97f0 V.E..... ......I. 0,0-0,0 #7f080061 app:id/adaptive}child view android.widget.FrameLayout{211fa970 G.E..... ......ID 0,0-0,0 #1020323 android:id/status_bar_latest_event_content} measured out of bounds at 95px clamped to 96px
03-13 05:46:51.759   413   637 I AudioService:   Remote Control   registerMediaButtonIntent() for PendingIntent{211d38e8: PendingIntentRecord{211dcd18 com.android.music broadcastIntent}}
03-13 05:46:51.759   621   621 I ivpg-hwinfo: Device ID = 0F31
03-13 05:46:51.759   621   621 I ivpg-hwinfo: KMD PPGTT support = 0
03-13 05:46:51.759   621   621 I ivpg-hwinfo: Processors = 4, Cores = 2
03-13 05:46:51.759   621   621 I ivpg-gralloc: initialized
03-13 05:46:51.759   595   595 D GSM     : [GsmDCT] notifyOffApnOfAvailability type:ims
03-13 05:46:51.759   595   595 D GSM     : [GsmDCT] isDataAllowed: not allowed due to - gprs= 3 - SIM not loaded
03-13 05:46:51.759   595   595 D GSM     : [GsmDCT] isDataPossible(ims): possible=false isDataAllowed=false apnTypePossible=true apnContextisEnabled=false apnContextState()=IDLE
03-13 05:46:51.759   595   595 D GSM     : [GsmDCT] get active apn string for type:ims
03-13 05:46:51.759   595   595 D GSM     : [GsmDCT] notifyOffApnsOfAvailability skipped apn due to isReady==false: {mApnType=default mState=IDLE mWaitingApns=null mWaitingApnsPermanentFailureCountDown=0 mApnSetting=null mDataConnectionAc=null mReason=radioTurnedOff mRetryCount=0 mDataEnabled=true mDependencyMet=true}
03-13 05:46:51.759   595   595 D GSM     : [GsmDCT] notifyOffApnOfAvailability type:bip_gprs2
03-13 05:46:51.759   595   595 D GSM     : [GsmDCT] isDataAllowed: not allowed due to - gprs= 3 - SIM not loaded
03-13 05:46:51.759   595   595 D GSM     : [GsmDCT] isDataPossible(bip_gprs2): possible=false isDataAllowed=false apnTypePossible=true apnContextisEnabled=false apnContextState()=IDLE
03-13 05:46:51.759   595   595 D GSM     : [GsmDCT] get active apn string for type:bip_gprs2
03-13 05:46:51.759   595   595 D GSM     : [GsmDCT] notifyOffApnOfAvailability type:mms
03-13 05:46:51.759   595   595 D GSM     : [GsmDCT] isDataAllowed: not allowed due to - gprs= 3 - SIM not loaded
03-13 05:46:51.759   595   595 D GSM     : [GsmDCT] isDataPossible(mms): possible=false isDataAllowed=false apnTypePossible=true apnContextisEnabled=false apnContextState()=IDLE
03-13 05:46:51.759   595   595 D GSM     : [GsmDCT] get active apn string for type:mms
03-13 05:46:51.769   413   618 I WAKELOCK_ACQUIRE: TIMESTAMP=23210908981, TAG=RILJ, TYPE=PARTIAL_WAKE_LOCK             , COUNT=0, PID=595, UID=1001, FLAGS=
03-13 05:46:51.769   413   674 I WAKELOCK_ACQUIRE: TIMESTAMP=23213835722, TAG=RILJ, TYPE=PARTIAL_WAKE_LOCK             , COUNT=0, PID=595, UID=1001, FLAGS=
03-13 05:46:51.769   413   637 I WAKELOCK_ACQUIRE: TIMESTAMP=23215426814, TAG=RILJ, TYPE=PARTIAL_WAKE_LOCK             , COUNT=0, PID=595, UID=1001, FLAGS=
03-13 05:46:51.769   501   501 D SizeAdaptiveLayout: com.android.internal.widget.SizeAdaptiveLayout{211e5648 V.E..... ......I. 0,0-0,0 #7f080061 app:id/adaptive}child view android.widget.FrameLayout{211ecab8 G.E..... ......ID 0,0-0,0 #1020323 android:id/status_bar_latest_event_content} measured out of bounds at 95px clamped to 96px
03-13 05:46:51.769   595   595 D DebugService: DebugService DebugService:
03-13 05:46:51.769   595   595 D TelephonyDebugService: TelephonyDebugService()
03-13 05:46:51.769   595   595 D GSM     : [GsmDCT] notifyOffApnOfAvailability type:cbs
03-13 05:46:51.769   595   595 D GSM     : [GsmDCT] isDataAllowed: not allowed due to - gprs= 3 - SIM not loaded
03-13 05:46:51.769   595   595 D GSM     : [GsmDCT] isDataPossible(cbs): possible=false isDataAllowed=false apnTypePossible=true apnContextisEnabled=false apnContextState()=IDLE
03-13 05:46:51.769   595   595 D GSM     : [GsmDCT] get active apn string for type:cbs
03-13 05:46:51.769   595   595 D RILJ    : [0006]> BASEBAND_VERSION
03-13 05:46:51.769   595   595 D RILJ    : [0007]> GET_IMEI
03-13 05:46:51.769   595   595 D RILJ    : [0008]> GET_IMEISV
03-13 05:46:51.779   621   621 D         : droid_create_context : config id = 1 conf->NativeVisualID=1
03-13 05:46:51.779   621   621 D         : Pixel Format : GGL_PIXEL_FORMAT_RGBA_8888
03-13 05:46:51.779   621   621 I         : Requested context : GLES 2.0
03-13 05:46:51.789   621   621 D         : KMD context support not available
03-13 05:46:51.789   413   450 D BluetoothManagerService: Message: 30
03-13 05:46:51.799   595   595 E BluetoothPhoneService: Could not get a handle on Connection object for the call
03-13 05:46:51.799   150   173 E RIL_USI : queueRunner() Failed to open AT channel /dev/ttyUSB1 (No such file or directory), retrying in 1.
03-13 05:46:51.799   150   173 I RIL_USI : setRadioState() oldState=RADIO_STATE_OFF newState=RADIO_STATE_OFF
03-13 05:46:51.809   413   637 I notification_cancel: [com.android.phone,5,NULL,0,0,64]
03-13 05:46:51.809   413   674 I notification_cancel: [com.android.phone,6,NULL,0,0,64]
03-13 05:46:51.829   621   621 D         : Pixel Format : GGL_PIXEL_FORMAT_RGBA_8888
03-13 05:46:51.829   143   406 I ivpg-gralloc: optimized allocation height:1208->1280
03-13 05:46:51.829   621   621 D OpenGLRenderer: Enabling debug mode 0
03-13 05:46:51.839   132   171 I Vold    : Filesystem check completed OK
03-13 05:46:51.839   595   595 V SipBroadcastReceiver: start auto registration
03-13 05:46:51.849   595   595 I PhoneApp: Headset phone created, binding local service.
03-13 05:46:51.859   132   171 I Vold    : Device /dev/block/vold/179:1, target /storage/sdcard_ext mounted @ /mnt/secure/staging
03-13 05:46:51.859   132   171 D Vold    : Volume sdcard_ext state changing 3 (Checking) -> 4 (Mounted)
03-13 05:46:51.859   413   466 E VoldConnector: NDC Command {3 volume mount /storage/sdcard_ext} took too long (1508ms)
03-13 05:46:51.859   413   468 I MountService: onEvent:: raw= 605 Volume sdcard_ext /storage/sdcard_ext state changed from 3 (Checking) to 4 (Mounted) cooked =  605 Volume sdcard_ext /storage/sdcard_ext state changed from 3 (Checking) to 4 (Mounted)
03-13 05:46:51.859   413   466 W MountService: Duplicate state transition (mounted -> mounted) for /storage/emulated/0
03-13 05:46:51.859   413   468 I MountService: notifyVolumeStateChange::checking
03-13 05:46:51.859   413   468 I MountService: updating volume state mounted
03-13 05:46:51.859   413   468 D MountService: volume state changed for /storage/sdcard_ext (checking -> mounted)
03-13 05:46:51.859   413   468 D MountService: sendStorageIntent Intent { act=android.intent.action.MEDIA_MOUNTED dat=file:///storage/sdcard_ext (has extras) } to UserHandle{-1}
03-13 05:46:51.859   413   620 I notification_cancel: [com.android.phone,7,NULL,0,0,64]
03-13 05:46:51.859   413   425 I notification_cancel: [com.android.phone,7,NULL,0,0,64]
03-13 05:46:51.859   413   670 I notification_cancel: [com.android.phone,7,NULL,0,0,64]
03-13 05:46:51.859   413   637 I notification_cancel: [com.android.phone,7,NULL,0,0,64]
03-13 05:46:51.859   413   424 I notification_cancel: [com.android.phone,7,NULL,0,0,64]
03-13 05:46:51.859   413   425 I notification_cancel: [com.android.phone,7,NULL,0,0,64]
03-13 05:46:51.859   413   424 I notification_cancel: [com.android.phone,7,NULL,0,0,64]
03-13 05:46:51.859   413   425 I notification_cancel: [com.android.phone,7,NULL,0,0,64]
03-13 05:46:51.859   413   637 I notification_cancel: [com.android.phone,7,NULL,0,0,64]
03-13 05:46:51.859   640   640 D MtpService: onStorageStateChanged /storage/sdcard_ext checking -> mounted
03-13 05:46:51.859   640   640 D MtpService: addStorageLocked 131073 /storage/sdcard_ext
03-13 05:46:51.869   413   620 I notification_cancel: [com.android.phone,7,NULL,0,0,64]
03-13 05:46:51.869   413   413 I notification_cancel: [com.android.phone,7,NULL,0,0,64]
03-13 05:46:51.869   413   636 I notification_cancel: [com.android.phone,7,NULL,0,0,64]
03-13 05:46:51.879   413   425 I am_create_service: [0,556072544,com.android.providers.downloads/.DownloadService,640]
03-13 05:46:51.889   413   413 I notification_cancel: [com.android.phone,7,NULL,0,0,64]
03-13 05:46:51.889   413   424 I notification_cancel: [com.android.phone,7,NULL,0,0,64]
03-13 05:46:51.889   413   636 I notification_cancel: [com.android.phone,7,NULL,0,0,64]
03-13 05:46:51.889   413   670 I notification_cancel: [com.android.phone,7,NULL,0,0,64]
03-13 05:46:51.889   413   637 I notification_cancel: [com.android.phone,7,NULL,0,0,64]
03-13 05:46:51.889   501   501 D dalvikvm: GREF has increased to 201
03-13 05:46:51.899   413   620 I notification_cancel: [com.android.phone,7,NULL,0,0,64]
03-13 05:46:51.899   413   424 I notification_cancel: [com.android.phone,7,NULL,0,0,64]
03-13 05:46:51.899   413   618 I notification_cancel: [com.android.phone,7,NULL,0,0,64]
03-13 05:46:51.899   413   670 I notification_cancel: [com.android.phone,7,NULL,0,0,64]
03-13 05:46:51.899   413   413 I notification_cancel: [com.android.phone,7,NULL,0,0,64]
03-13 05:46:51.899   413   637 I notification_cancel: [com.android.phone,7,NULL,0,0,64]
03-13 05:46:51.899   413   425 I notification_cancel: [com.android.phone,7,NULL,0,0,64]
03-13 05:46:51.899   413   674 I notification_cancel: [com.android.phone,7,NULL,0,0,64]
03-13 05:46:51.899   413   620 I notification_cancel: [com.android.phone,7,NULL,0,0,64]
03-13 05:46:51.899   413   636 I notification_cancel: [com.android.phone,7,NULL,0,0,64]
03-13 05:46:51.899   413   670 I notification_cancel: [com.android.phone,7,NULL,0,0,64]
03-13 05:46:51.899   413   413 I notification_cancel: [com.android.phone,7,NULL,0,0,64]
03-13 05:46:51.899   413   637 I notification_cancel: [com.android.phone,7,NULL,0,0,64]
03-13 05:46:51.899   413   425 I notification_cancel: [com.android.phone,7,NULL,0,0,64]
03-13 05:46:51.899   413   674 I notification_cancel: [com.android.phone,7,NULL,0,0,64]
03-13 05:46:51.909   413   620 I notification_cancel: [com.android.phone,7,NULL,0,0,64]
03-13 05:46:51.909   413   636 I notification_cancel: [com.android.phone,7,NULL,0,0,64]
03-13 05:46:51.909   413   424 I notification_cancel: [com.android.phone,7,NULL,0,0,64]
03-13 05:46:51.909   413   618 I notification_cancel: [com.android.phone,7,NULL,0,0,64]
03-13 05:46:51.909   413   670 I notification_cancel: [com.android.phone,7,NULL,0,0,64]
03-13 05:46:51.909   413   413 I notification_cancel: [com.android.phone,7,NULL,0,0,64]
03-13 05:46:51.909   413   637 I notification_cancel: [com.android.phone,7,NULL,0,0,64]
03-13 05:46:51.919   413   636 I notification_cancel_all: [com.android.providers.downloads,0,0,64]
03-13 05:46:51.929   413   413 I am_create_service: [0,556923304,com.android.providers.media/.MediaScannerService,640]
03-13 05:46:51.929   640   640 D MediaScannerReceiver: action: android.intent.action.MEDIA_MOUNTED path: /storage/sdcard_ext
03-13 05:46:51.949   413   636 I am_destroy_service: [0,556072544,640]
03-13 05:46:51.969   501   501 D dalvikvm: GC_FOR_ALLOC freed 1535K, 24% free 7937K/10340K, paused 16ms, total 16ms
03-13 05:46:51.979   143   143 I ivpg-gralloc: optimized allocation height:1208->1280
03-13 05:46:51.989   501   501 I dalvikvm-heap: Grow heap (frag case) to 14.708MB for 6410576-byte allocation
03-13 05:46:51.999   501   506 D dalvikvm: GC_CONCURRENT freed 30K, 15% free 14167K/16604K, paused 1ms+1ms, total 16ms
03-13 05:46:52.009   413   430 I am_activity_launch_time: [0,557289984,com.android.launcher/com.android.launcher2.Launcher,1192,1192]
03-13 05:46:52.009   413   430 I ActivityManager: Displayed com.android.launcher/com.android.launcher2.Launcher: +1s192ms
03-13 05:46:52.029   501   638 I content_query_sample: [content://com.android.contacts/profile,_id/display_name,,,735,,100]
03-13 05:46:52.039   413   620 I WAKELOCK_ACQUIRE: TIMESTAMP=23486799583, TAG=MediaScannerService, TYPE=PARTIAL_WAKE_LOCK             , COUNT=0, PID=640, UID=10011, FLAGS=
03-13 05:46:52.049   595   697 I content_query_sample: [content://com.android.contacts/data/callables,data1/data4/custom_ringtone/send_to_voicemail,((custom_ringtone IS NOT NULL OR send_to_voicemail=1) AND data1 IS NOT NULL),,658,,100]
03-13 05:46:52.059   413   637 I WAKELOCK_RELEASE: TIMESTAMP=23504615039, TAG=CallerInfoCache, TYPE=PARTIAL_WAKE_LOCK             , COUNT=0, PID=595, UID=1001, FLAGS=
03-13 05:46:52.099   621   621 D dalvikvm: GC_FOR_ALLOC freed 849K, 20% free 6901K/8616K, paused 15ms, total 15ms
03-13 05:46:52.119   621   630 I dalvikvm: JIT_INFO: VRDELAY_CAN_THROW cancel was not optimized for bytecode=0xdb
03-13 05:46:52.159   501   501 D dalvikvm: GC_FOR_ALLOC freed 14K, 15% free 14171K/16604K, paused 8ms, total 9ms
03-13 05:46:52.179   501   501 I dalvikvm-heap: Grow heap (frag case) to 21.756MB for 7418848-byte allocation
03-13 05:46:52.199   501   506 D dalvikvm: GC_CONCURRENT freed 2K, 11% free 21414K/23852K, paused 3ms+1ms, total 15ms
03-13 05:46:52.199   413   670 I WAKELOCK_RELEASE: TIMESTAMP=23642053543, TAG=AudioOut_3, TYPE=PARTIAL_WAKE_LOCK             , COUNT=0, PID=146, UID=1013, FLAGS=
03-13 05:46:52.199   413   674 I WAKELOCK_RELEASE: TIMESTAMP=23643003308, TAG=AudioOut_2, TYPE=PARTIAL_WAKE_LOCK             , COUNT=0, PID=146, UID=1013, FLAGS=
03-13 05:46:52.199   501   501 D dalvikvm: WAIT_FOR_CONCURRENT_GC blocked 1ms
03-13 05:46:52.209   621   621 D dalvikvm: GC_FOR_ALLOC freed 1833K, 32% free 7882K/11440K, paused 20ms, total 20ms
03-13 05:46:52.229   621   621 D dalvikvm: GREF has increased to 201
03-13 05:46:52.259   501   501 D         : droid_create_context : config id = 1 conf->NativeVisualID=1
03-13 05:46:52.259   501   501 D         : Pixel Format : GGL_PIXEL_FORMAT_RGBA_8888
03-13 05:46:52.259   501   501 I         : Requested context : GLES 2.0
03-13 05:46:52.259   501   501 D         : KMD context support not available
03-13 05:46:52.269   501   501 D         : Pixel Format : GGL_PIXEL_FORMAT_RGBA_8888
03-13 05:46:52.309   621   630 I dalvikvm: JIT_INFO: VRDELAY_CAN_THROW cancel was not optimized for bytecode=0xdb
03-13 05:46:52.309   621   630 I dalvikvm: JIT_INFO: VRDELAY_CAN_THROW cancel was not optimized for bytecode=0xdb
03-13 05:46:52.339   621   630 I dalvikvm: Total arena pages for JIT: 11
03-13 05:46:52.339   621   630 I dalvikvm: Total arena pages for JIT: 12
03-13 05:46:52.339   621   630 I dalvikvm: Total arena pages for JIT: 13
03-13 05:46:52.339   621   630 I dalvikvm: Total arena pages for JIT: 14
03-13 05:46:52.339   621   630 I dalvikvm: Total arena pages for JIT: 15
03-13 05:46:52.339   621   630 I dalvikvm: Total arena pages for JIT: 16
03-13 05:46:52.399   143   406 I ivpg-gralloc: optimized allocation height:1208->1280
03-13 05:46:52.419   501   501 D         : Surface destroy: ANDROID_NATIVE_WINDOW_MAGIC
03-13 05:46:52.449   501   501 I Choreographer: Skipped 41 frames!  The application may be doing too much work on its main thread.
03-13 05:46:52.449   501   501 D MessageQueue: WARNING! VSYNC barrier removed too late: { what=0 when=-668ms arg1=5 }
03-13 05:46:52.459   501   501 D SizeAdaptiveLayout: com.android.internal.widget.SizeAdaptiveLayout{211f97f0 V.E..... ......ID 0,0-800,96 #7f080061 app:id/adaptive}child view android.widget.FrameLayout{211fa970 V.E..... ......ID 0,0-800,96 #1020323 android:id/status_bar_latest_event_content} measured out of bounds at 95px clamped to 96px
03-13 05:46:52.459   501   501 D SizeAdaptiveLayout: com.android.internal.widget.SizeAdaptiveLayout{211e5648 V.E..... ......ID 0,0-800,96 #7f080061 app:id/adaptive}child view android.widget.FrameLayout{211ecab8 V.E..... ......ID 0,0-800,96 #1020323 android:id/status_bar_latest_event_content} measured out of bounds at 95px clamped to 96px
03-13 05:46:52.509   621   630 I dalvikvm: JIT_INFO: VRDELAY_CAN_THROW cancel was not optimized for bytecode=0xdb
03-13 05:46:52.559   755   755 I KERNEL  : [   24.885048] OSNIB: write byte[9] = 0
03-13 05:46:52.569   755   755 I KERNEL  : [   24.893447] OSNIB checksum: 0xe1
03-13 05:46:52.569   755   755 I KERNEL  : [   24.897141] OSNIB: write byte[31] = 225
03-13 05:46:52.579   413   637 I boot_progress_enable_screen: 24026
03-13 05:46:52.589   413   428 I ThermalService: Received Boot Complete message
03-13 05:46:52.589   413   428 I ThermalCooling: Thermal Cooling manager init() called
03-13 05:46:52.589   413   428 I ThermalCooling: StartDocument
03-13 05:46:52.609   758   758 D dalvikvm: Process 758 nice name: com.android.contacts
03-13 05:46:52.609   413   431 I am_proc_start: [0,758,10000,com.android.contacts,broadcast,com.android.contacts/.calllog.CallLogReceiver]
03-13 05:46:52.609   758   758 D dalvikvm: Extra Options: not specified
03-13 05:46:52.619   413   431 I ActivityManager: Start proc com.android.contacts for broadcast com.android.contacts/.calllog.CallLogReceiver: pid=758 uid=10000 gids={50000, 3003, 1015, 1028}
03-13 05:46:52.619   413   429 E KeyguardHostView: Error when trying to bind default AppWidget: java.lang.IllegalArgumentException: not a appwidget provider: ComponentInfo{/}
03-13 05:46:52.619   143   143 I SurfaceFlinger: Boot is finished (10625 ms)
03-13 05:46:52.619   501   501 D MessageQueue: WARNING! VSYNC barrier removed too late: { what=0 when=-730ms arg1=6 }
03-13 05:46:52.639   413   674 I am_proc_bound: [0,758,com.android.contacts]
03-13 05:46:52.649    99    99 I KERNEL  : [   24.968735] hub 1-0:1.0: hub_suspend
03-13 05:46:52.649    99    99 I KERNEL  : [   24.972918] usb usb1: bus auto-suspend, wakeup 1
03-13 05:46:52.659    99    99 I KERNEL  : [   24.985688] hub 2-0:1.0: hub_suspend
03-13 05:46:52.669    99    99 I KERNEL  : [   24.989946] usb usb2: bus auto-suspend, wakeup 1
03-13 05:46:52.669    99    99 I KERNEL  : [   24.995237] xhci_hcd 0000:00:14.0: hcd_pci_runtime_suspend: 0
03-13 05:46:52.679     1     1 I KERNEL  : [   25.005148] atomisp-css2400b0_v2 0000:00:03.0: setting latency timer to 64
03-13 05:46:52.689     1     1 I KERNEL  : [   25.013070] atomisp-css2400b0_v2 0000:00:03.0: irq 106 for MSI/MSI-X
03-13 05:46:52.709   413   494 I backup_data_changed: android
03-13 05:46:52.709   413   494 I backup_data_changed: android
03-13 05:46:52.709   413   494 I backup_data_changed: android
03-13 05:46:52.709   413   494 I backup_data_changed: android
03-13 05:46:52.709   773   773 E ProbeModule: validate_module: cannot find module's dependency info: [i2c:gc2235]
03-13 05:46:52.709   413   428 I Thermal:CPUMaxFreqControl: Total Number of Available Frequencies: 17
03-13 05:46:52.719   413   428 I Thermal:CPUMaxFreqControl: modified prodID:8000
03-13 05:46:52.719   413   428 I Thermal:CPUMaxFreqControl: Thermal plugin for CPU freq control: Initialized parameters:
03-13 05:46:52.719   413   428 I Thermal:CPUMaxFreqControl: Number of Processors present: 4
03-13 05:46:52.719   413   428 I Thermal:CPUMaxFreqControl: Number of Available frequencies: 17
03-13 05:46:52.719   413   428 I Thermal:CPUMaxFreqControl: AvailableFrequency[0]: 1826000
03-13 05:46:52.719   413   428 I Thermal:CPUMaxFreqControl: AvailableFrequency[1]: 1743000
03-13 05:46:52.719   413   428 I Thermal:CPUMaxFreqControl: AvailableFrequency[2]: 1660000
03-13 05:46:52.719   413   428 I Thermal:CPUMaxFreqControl: AvailableFrequency[3]: 1577000
03-13 05:46:52.719   413   428 I Thermal:CPUMaxFreqControl: AvailableFrequency[4]: 1494000
03-13 05:46:52.719   413   428 I Thermal:CPUMaxFreqControl: AvailableFrequency[5]: 1411000
