01-02 22:30:11.619    82    82 I KERNEL  : [   29.901282] mmc2: loop 24, timeout 134, retry....
01-02 22:30:11.669    82    82 I KERNEL  : [   29.955155] mmc2: Timeout waiting for Buffer Read ready
01-02 22:30:11.669    82    82 I KERNEL  : [   29.961133] mmc2: present 1fff0000, ctrl2 0000000d, irq 00000000
01-02 22:30:11.679    82    82 I KERNEL  : [   29.961135] mmc2: loop 23, timeout 133, retry....
01-02 22:30:11.679    82    82 I KERNEL  : [   29.974352] sdhci: Tuning procedure failed, falling back to fixed sampling clock
01-02 22:30:11.689     0     0 I KERNEL  : [   29.983168] mmc2: encounter CRC error, needs tuning, retry 1
01-02 22:30:11.749   150   166 E RIL_USI : queueRunner() Failed to open AT channel /dev/ttyUSB1 (No such file or directory), retrying in 1.
01-02 22:30:11.749   150   166 I RIL_USI : setRadioState() oldState=RADIO_STATE_OFF newState=RADIO_STATE_OFF
01-02 22:30:11.759   437   452 V BackupManagerService: No ancestral data
01-02 22:30:11.759   437   452 I backup_data_changed: android
01-02 22:30:11.799   437   452 I backup_data_changed: com.android.browser
01-02 22:30:11.799   437   452 I backup_data_changed: com.android.calendar
01-02 22:30:11.809   437   452 I backup_data_changed: com.android.inputmethod.latin
01-02 22:30:11.809   437   452 I backup_data_changed: com.android.providers.settings
01-02 22:30:11.809   437   452 I backup_data_changed: com.android.providers.userdictionary
01-02 22:30:11.819   437   452 I BackupManagerService: Backup enabled => false
01-02 22:30:11.819   437   452 I SystemServer: AppWidget Service
01-02 22:30:11.819   437   452 I SystemServer: Recognition Service
01-02 22:30:11.819   437   452 I SystemServer: Smartcard System Service
01-02 22:30:11.819   437   452 W ApplicationContext: Calling a method in the system process without a qualified user: android.app.ContextImpl.bindService:1412 com.android.server.SmartcardSystemService.<init>:88 com.android.server.ServerThread.run:749 
01-02 22:30:11.819   437   452 W ActivityManager: Unable to start service Intent { act=org.simalliance.openmobileapi.service.ISmartcardService } U=0: not found
01-02 22:30:11.819   437   452 I SystemServer: DiskStats Service
01-02 22:30:11.819   437   452 I SystemServer: SamplingProfiler Service
01-02 22:30:11.819   437   452 I backup_data_changed: com.android.sharedstoragebackup
01-02 22:30:11.829   437   452 I SystemServer: NetworkTimeUpdateService
01-02 22:30:11.829   437   452 I SystemServer: CommonTimeManagementService
01-02 22:30:11.829   437   452 I SystemServer: CertBlacklister
01-02 22:30:11.829   437   452 I SystemServer: Dreams Service
01-02 22:30:11.829   437   452 I WindowManager: SAFE MODE not enabled
01-02 22:30:11.829   437   444 D dalvikvm: JIT started for system_server
01-02 22:30:11.869   437   452 E SQLiteLog: (1) no such table: locksettings
01-02 22:30:11.879   437   452 I LockSettingsService: Migrated lock settings to new location
01-02 22:30:11.889   437   485 D dalvikvm: GREF has increased to 201
01-02 22:30:11.899   437   452 I ActivityManager: Sending system update to ComponentInfo{com.android.providers.calendar/com.android.providers.calendar.CalendarUpgradeReceiver} for user 0
01-02 22:30:11.899   437   452 I ActivityManager: Sending system update to ComponentInfo{com.android.providers.contacts/com.android.providers.contacts.ContactsUpgradeReceiver} for user 0
01-02 22:30:11.899   437   452 I ActivityManager: Sending system update to ComponentInfo{com.android.providers.media/com.android.providers.media.MediaUpgradeReceiver} for user 0
01-02 22:30:11.899   437   452 I SystemServer: Enabled StrictMode for system server main thread.
01-02 22:30:11.899   437   455 I Zygote  : Process: zygote socket opened
01-02 22:30:11.909   437   455 I ActivityManager: Start proc com.android.providers.calendar for broadcast com.android.providers.calendar/.CalendarUpgradeReceiver: pid=541 uid=10006 gids={50006, 3003, 1015, 1028}
01-02 22:30:11.909   437   455 I am_proc_start: [0,541,10006,com.android.providers.calendar,broadcast,com.android.providers.calendar/.CalendarUpgradeReceiver]
01-02 22:30:11.919   541   541 D dalvikvm: Process 541 nice name: com.android.providers.calendar
01-02 22:30:11.919   541   541 D dalvikvm: Extra Options: not specified
01-02 22:30:11.919   437   454 I ivpg-hwinfo: Device ID = 0F31
01-02 22:30:11.919   437   454 I ivpg-hwinfo: KMD PPGTT support = 0
01-02 22:30:11.919   437   454 I ivpg-hwinfo: Processors = 4, Cores = 2
01-02 22:30:11.919   437   454 I ivpg-gralloc: initialized
01-02 22:30:11.929   437   448 I ActivityManager: Launching preboot mode app: ProcessRecord{213860f8 541:com.android.providers.calendar/u0a10006}
01-02 22:30:11.929   437   448 I am_proc_bound: [0,541,com.android.providers.calendar]
01-02 22:30:11.929   437   448 I PackageManager: Running dexopt on: com.android.providers.calendar
01-02 22:30:12.029   555   555 D dalvikvm: Unable to stat classpath element '/system/framework/com.intel.asf.jar'
01-02 22:30:12.149   555   555 D dalvikvm: Note: class Landroid/app/ActivityManagerNative; has 157 unimplemented (abstract) methods
01-02 22:30:12.279   555   555 D dalvikvm: DexOpt: load 28ms, verify+opt 180ms, 1657804 bytes
01-02 22:30:12.389   541   541 I binder_sample: [android.app.IActivityManager,17,467,<pre-initialized>,93]
01-02 22:30:12.419   541   541 I calendar_upgrade_receiver: 15
01-02 22:30:12.429   437   437 I ActivityManager: Start proc android.process.acore for broadcast com.android.providers.contacts/.ContactsUpgradeReceiver: pid=557 uid=10000 gids={50000, 3003, 1015, 1028}
01-02 22:30:12.429   437   437 I am_proc_start: [0,557,10000,android.process.acore,broadcast,com.android.providers.contacts/.ContactsUpgradeReceiver]
01-02 22:30:12.429   557   557 D dalvikvm: Process 557 nice name: android.process.acore
01-02 22:30:12.429   557   557 D dalvikvm: Extra Options: not specified
01-02 22:30:12.439   437   437 I ActivityManager: Launching preboot mode app: ProcessRecord{212b22d8 557:android.process.acore/u0a10000}
01-02 22:30:12.439   437   437 I am_proc_bound: [0,557,android.process.acore]
01-02 22:30:12.439   437   437 I PackageManager: Running dexopt on: com.android.providers.contacts
01-02 22:30:12.499   571   571 D dalvikvm: Unable to stat classpath element '/system/framework/com.intel.asf.jar'
01-02 22:30:12.639   571   571 D dalvikvm: Note: class Landroid/app/ActivityManagerNative; has 157 unimplemented (abstract) methods
01-02 22:30:12.749   150   166 E RIL_USI : queueRunner() Failed to open AT channel /dev/ttyUSB1 (No such file or directory), retrying in 1.
01-02 22:30:12.749   150   166 I RIL_USI : setRadioState() oldState=RADIO_STATE_OFF newState=RADIO_STATE_OFF
01-02 22:30:12.809   571   571 D dalvikvm: DexOpt: load 30ms, verify+opt 227ms, 1796380 bytes
01-02 22:30:12.919   557   557 I binder_sample: [android.app.IActivityManager,17,480,<pre-initialized>,96]
01-02 22:30:12.969   557   557 I ContactsDatabaseHelper: Bootstrapping database version: 706
01-02 22:30:13.129   557   557 I ContactsProviderV1: Bootstrapping database legacy support
01-02 22:30:13.309   557   557 I contacts_upgrade_receiver: 378
01-02 22:30:13.309   437   437 I ActivityManager: Start proc android.process.media for broadcast com.android.providers.media/.MediaUpgradeReceiver: pid=573 uid=10011 gids={50011, 1015, 1023, 1024, 1028, 2001, 3003, 3007}
01-02 22:30:13.309   437   437 I am_proc_start: [0,573,10011,android.process.media,broadcast,com.android.providers.media/.MediaUpgradeReceiver]
01-02 22:30:13.309   573   573 D dalvikvm: Process 573 nice name: android.process.media
01-02 22:30:13.309   573   573 D dalvikvm: Extra Options: not specified
01-02 22:30:13.319   437   449 I ActivityManager: Launching preboot mode app: ProcessRecord{21210bb0 573:android.process.media/u0a10011}
01-02 22:30:13.319   437   449 I am_proc_bound: [0,573,android.process.media]
01-02 22:30:13.319   437   449 I PackageManager: Running dexopt on: com.android.providers.media
01-02 22:30:13.349   586   586 D dalvikvm: Unable to stat classpath element '/system/framework/com.intel.asf.jar'
01-02 22:30:13.379   586   586 D dalvikvm: Note: class Landroid/app/ActivityManagerNative; has 157 unimplemented (abstract) methods
01-02 22:30:13.389   586   586 D dalvikvm: DexOpt: load 3ms, verify+opt 30ms, 502588 bytes
01-02 22:30:13.459   573   573 I binder_sample: [android.app.IActivityManager,17,137,<pre-initialized>,27]
01-02 22:30:13.489   437   455 I ActivityManager: Writing new set of last done pre-boot receivers...
01-02 22:30:13.489   437   455 I ActivityManager: Removing system update proc: ProcessRecord{213860f8 541:com.android.providers.calendar/u0a10006}
01-02 22:30:13.489   437   455 I ActivityManager: Killing proc 541:com.android.providers.calendar/u0a10006: system update done
01-02 22:30:13.489   437   455 I ActivityManager: Removing system update proc: ProcessRecord{212b22d8 557:android.process.acore/u0a10000}
01-02 22:30:13.489   437   455 I ActivityManager: Killing proc 557:android.process.acore/u0a10000: system update done
01-02 22:30:13.489   437   455 I ActivityManager: Removing system update proc: ProcessRecord{21210bb0 573:android.process.media/u0a10011}
01-02 22:30:13.489   437   455 I ActivityManager: Killing proc 573:android.process.media/u0a10011: system update done
01-02 22:30:13.489   437   455 I ActivityManager: System now ready
01-02 22:30:13.489   437   455 I boot_progress_ams_ready: 31308
01-02 22:30:13.489   437   444 I dalvikvm: Total arena pages for JIT: 11
01-02 22:30:13.489   437   444 I dalvikvm: Total arena pages for JIT: 12
01-02 22:30:13.489   437   444 I dalvikvm: Total arena pages for JIT: 13
01-02 22:30:13.489   437   444 I dalvikvm: Total arena pages for JIT: 14
01-02 22:30:13.489   437   444 I dalvikvm: Total arena pages for JIT: 15
01-02 22:30:13.489   437   444 I dalvikvm: Total arena pages for JIT: 16
01-02 22:30:13.489   437   444 I dalvikvm: Total arena pages for JIT: 17
01-02 22:30:13.489   437   444 I dalvikvm: Total arena pages for JIT: 18
01-02 22:30:13.489   437   444 I dalvikvm: Total arena pages for JIT: 19
01-02 22:30:13.489   437   444 I dalvikvm: Total arena pages for JIT: 20
01-02 22:30:13.489   437   444 I dalvikvm: Total arena pages for JIT: 21
01-02 22:30:13.489   437   444 I dalvikvm: Total arena pages for JIT: 22
01-02 22:30:13.489   437   444 I dalvikvm: Total arena pages for JIT: 23
01-02 22:30:13.489   437   444 I dalvikvm: Total arena pages for JIT: 24
01-02 22:30:13.489   437   444 I dalvikvm: Total arena pages for JIT: 25
01-02 22:30:13.489   437   444 I dalvikvm: Total arena pages for JIT: 26
01-02 22:30:13.489   437   444 I dalvikvm: Total arena pages for JIT: 27
01-02 22:30:13.489   437   444 I dalvikvm: Total arena pages for JIT: 28
01-02 22:30:13.489   437   444 I dalvikvm: Total arena pages for JIT: 29
01-02 22:30:13.499   437   455 I SystemServer: Making services ready
01-02 22:30:13.499   437   455 D SystemServer: Starting service: Intent { cmp=com.android.systemui/.SystemUIService }
01-02 22:30:13.499   437   455 I ActivityManager: Start proc com.android.systemui for service com.android.systemui/.SystemUIService: pid=588 uid=10041 gids={50041, 1028, 1015, 3002, 3001}
01-02 22:30:13.499   437   455 D NetworkManagementService: enabling bandwidth control
01-02 22:30:13.499   437   511 W MountService: Duplicate state transition (mounted -> mounted) for /storage/emulated/0
01-02 22:30:13.499   437   455 I am_proc_start: [0,588,10041,com.android.systemui,service,com.android.systemui/.SystemUIService]
01-02 22:30:13.499   588   588 D dalvikvm: Process 588 nice name: com.android.systemui
01-02 22:30:13.499   588   588 D dalvikvm: Extra Options: not specified
01-02 22:30:13.509   437   448 I am_proc_bound: [0,588,com.android.systemui]
01-02 22:30:13.509   437   448 I PackageManager: Running dexopt on: com.android.systemui
01-02 22:30:13.549   605   605 D dalvikvm: Unable to stat classpath element '/system/framework/com.intel.asf.jar'
01-02 22:30:13.579   141   141 I keystore: uid: 1000 action: e -> 7 state: 3 -> 3 retry: 4
01-02 22:30:13.619   605   605 D dalvikvm: Note: class Landroid/app/ActivityManagerNative; has 157 unimplemented (abstract) methods
01-02 22:30:13.689   605   605 D dalvikvm: DexOpt: load 26ms, verify+opt 94ms, 1362140 bytes
01-02 22:30:13.719   437   448 I am_create_service: [0,557777776,com.android.systemui/.SystemUIService,588]
01-02 22:30:13.719   588   588 I binder_sample: [android.app.IActivityManager,17,203,<pre-initialized>,40]
01-02 22:30:13.729   588   588 D SystemUIService: loading: class com.android.systemui.statusbar.phone.PhoneStatusBar
01-02 22:30:13.729   588   588 D SystemUIService: running: com.android.systemui.statusbar.phone.PhoneStatusBar@2107b470
01-02 22:30:13.729   141   141 I keystore: uid: 1000 action: e -> 7 state: 3 -> 3 retry: 4
01-02 22:30:13.739   437   437 I StatusBarManagerService: registerStatusBar bar=com.android.internal.statusbar.IStatusBar$Stub$Proxy@213aef00
01-02 22:30:13.739   437   444 I dalvikvm: JIT_INFO: VRDELAY_CAN_THROW cancel was not optimized for bytecode=0xdb
01-02 22:30:13.749   150   166 E RIL_USI : queueRunner() Failed to open AT channel /dev/ttyUSB1 (No such file or directory), retrying in 1.
01-02 22:30:13.749   150   166 I RIL_USI : setRadioState() oldState=RADIO_STATE_OFF newState=RADIO_STATE_OFF
01-02 22:30:13.759   437   444 I dalvikvm: JIT_INFO: VRDELAY_CAN_THROW cancel was not optimized for bytecode=0xdb
01-02 22:30:13.789   437   538 I backup_data_changed: com.android.providers.settings
01-02 22:30:13.789   437   537 I notification_enqueue: [android,17040461,NULL,-1,Notification(pri=-2 contentView=android/0x109008f vibrate=null sound=null defaults=0x0 flags=0x2 kind=[null])]
01-02 22:30:13.789   437   537 I notification_enqueue: [android,17040469,NULL,-1,Notification(pri=-1 contentView=android/0x109008f vibrate=null sound=null defaults=0x0 flags=0x2 kind=[null])]
01-02 22:30:13.799   437   455 I ActivityManager: Config changes=200 {1.0 ?mcc?mnc en_US ldltr sw533dp w533dp h780dp 240dpi lrg port finger -keyb/h/h -nav/h s.4}
01-02 22:30:13.799   437   455 W RecognitionManagerService: no available voice recognition services found for user 0
01-02 22:30:13.799   437   455 I configuration_changed: 512
01-02 22:30:13.799   437   643 I KERNEL  : [   32.089996] xhci_hcd 0000:00:14.0: setting latency timer to 64
01-02 22:30:13.829   588   593 D dalvikvm: GC_CONCURRENT freed 1109K, 23% free 6897K/8872K, paused 1ms+2ms, total 12ms
01-02 22:30:13.839   437   493 D BluetoothManagerService: Message: 20
01-02 22:30:13.839   437   493 D BluetoothManagerService: Added callback: android.bluetooth.IBluetoothManagerCallback$Stub$Proxy@2114e918:true
01-02 22:30:13.839   588   588 D BluetoothAdapter: 554156296: getState() :  mService = null. Returning STATE_OFF
01-02 22:30:13.839   588   588 D BluetoothAdapter: 554156296: getState() :  mService = null. Returning STATE_OFF
01-02 22:30:13.809   437   643 I KERNEL  : [   32.096748] xhci_hcd 0000:00:14.0: hcd_pci_runtime_resume: 0
01-02 22:30:13.819    81    81 I KERNEL  : [   32.103350] usb usb1: usb wakeup-resume
01-02 22:30:13.819    81    81 I KERNEL  : [   32.104317] xhci_hcd 0000:00:14.0: hcd_pci_runtime_suspend: -16
01-02 22:30:13.829    81    81 I KERNEL  : [   32.104336] usb usb2: usb auto-resume
01-02 22:30:13.829    81    81 I KERNEL  : [   32.118786] usb usb1: usb auto-resume
01-02 22:30:13.839   588   588 D BluetoothAdapter: 554156296: getState() :  mService = null. Returning STATE_OFF
01-02 22:30:13.839    81    81 I KERNEL  : [   32.122306] hub 2-0:1.0: hub_resume
01-02 22:30:13.839    81    81 I KERNEL  : [   32.122353] hub 2-0:1.0: state 7 ports 1 chg 0000 evt 0000
01-02 22:30:13.849   437   455 W AppWidgetServiceImpl: Failed to read state: java.io.FileNotFoundException: /data/system/users/0/appwidgets.xml: open failed: ENOENT (No such file or directory)
01-02 22:30:13.849   437   455 W InputMethodManagerService: Ignoring setImeWindowStatus of uid 1000 token: null
01-02 22:30:13.849   437   455 W InputMethodManagerService: Found no subtypes in a system IME: com.android.inputmethod.pinyin
01-02 22:30:13.849   437   455 W InputMethodManagerService: Reset the default IME as "Resource" is ready here.
01-02 22:30:13.849   437   455 I am_create_service: [0,557974000,com.android.systemui/.ImageWallpaper,588]
01-02 22:30:13.849   437   455 W ResourceType: Failure getting entry for 0x7f060000 (t=5 e=0) in package 0 (error -75)
01-02 22:30:13.849   437   455 W ResourceType: Failure getting entry for 0x7f060000 (t=5 e=0) in package 0 (error -75)
01-02 22:30:13.859   437   455 W InputMethodManagerService: Found no subtypes in a system IME: com.android.inputmethod.pinyin
01-02 22:30:13.859   437   455 I InputMethodManagerService: Selected default: com.android.inputmethod.latin/.LatinIME
01-02 22:30:13.859   437   455 W ResourceType: Failure getting entry for 0x7f060000 (t=5 e=0) in package 0 (error -75)
01-02 22:30:13.859   437   455 W ResourceType: Failure getting entry for 0x7f060000 (t=5 e=0) in package 0 (error -75)
01-02 22:30:13.859   437   538 I backup_data_changed: com.android.providers.settings
01-02 22:30:13.869   437   453 I ActivityManager: Config changes=1420 {1.0 ?mcc?mnc en_US ldltr sw533dp w533dp h780dp 240dpi lrg port finger -keyb/v/h -nav/h s.5}
01-02 22:30:13.869   437   453 I configuration_changed: 5152
01-02 22:30:13.869    81    81 I KERNEL  : [   32.153375] hub 1-0:1.0: hub_resume
01-02 22:30:13.869    32    32 I KERNEL  : [   32.158582] hub 1-0:1.0: state 7 ports 6 chg 0000 evt 0000
01-02 22:30:13.889   437   455 I ActivityManager: Start proc com.android.inputmethod.latin for service com.android.inputmethod.latin/.LatinIME: pid=646 uid=10020 gids={50020, 1028}
01-02 22:30:13.889   437   650 I LocationBlacklist: whitelist: []
01-02 22:30:13.889   437   650 I LocationBlacklist: blacklist: []
01-02 22:30:13.889   437   659 E ThrottleService: Error reading data file
01-02 22:30:13.889   437   455 I am_proc_start: [0,646,10020,com.android.inputmethod.latin,service,com.android.inputmethod.latin/.LatinIME]
01-02 22:30:13.889   646   646 D dalvikvm: Process 646 nice name: com.android.inputmethod.latin
01-02 22:30:13.889   646   646 D dalvikvm: Extra Options: not specified
01-02 22:30:13.899   437   452 W InputMethodManagerService: Illegal subtype state: old subtype = null, new subtype = android.view.inputmethod.InputMethodSubtype@c9194f98
01-02 22:30:13.899   437   437 I am_proc_bound: [0,646,com.android.inputmethod.latin]
01-02 22:30:13.899   437   437 I PackageManager: Running dexopt on: com.android.inputmethod.latin
01-02 22:30:13.909   588   588 D BluetoothAdapter: 554156296: getState() :  mService = null. Returning STATE_OFF
01-02 22:30:13.919   437   659 W ThrottleService: unable to find stats for iface rmnet0
01-02 22:30:13.919   437   538 I backup_data_changed: com.android.providers.settings
01-02 22:30:13.919   667   667 E ProbeModule: validate_module: cannot find module's dependency info: [netdev-rmnet0]
01-02 22:30:13.919   669   669 E ProbeModule: validate_module: cannot find module's dependency info: [rmnet0]
01-02 22:30:13.939   672   672 E ProbeModule: validate_module: cannot find module's dependency info: [netdev-rmnet0]
01-02 22:30:13.939   674   674 E ProbeModule: validate_module: cannot find module's dependency info: [rmnet0]
01-02 22:30:13.939   677   677 E ProbeModule: validate_module: cannot find module's dependency info: [netdev-ifb0]
01-02 22:30:13.939   679   679 E ProbeModule: validate_module: cannot find module's dependency info: [ifb0]
01-02 22:30:13.959   662   662 D dalvikvm: Unable to stat classpath element '/system/framework/com.intel.asf.jar'
01-02 22:30:14.149   662   662 D dalvikvm: DexOpt: load 26ms, verify+opt 136ms, 1412700 bytes
01-02 22:30:14.239   437   437 I am_create_service: [0,554246552,com.android.inputmethod.latin/.LatinIME,646]
01-02 22:30:14.239   437   659 I notification_cancel: [android,17302887,NULL,-1,0,0]
01-02 22:30:14.239   646   646 I binder_sample: [android.app.IActivityManager,17,344,<pre-initialized>,68]
01-02 22:30:14.239   437   659 W ThrottleService: unable to find stats for iface rmnet0
01-02 22:30:14.239   588   588 I binder_sample: [android.app.IActivityManager,145,317,com.android.systemui,63]
01-02 22:30:14.239   437   455 I CommonTimeManagementService: No common time service detected on this platform.  Common time services will be unavailable.
01-02 22:30:14.239   437   492 I InputReader: Reconfiguring input devices.  changes=0x00000020
01-02 22:30:14.249   437   492 I InputReader: Reconfiguring input devices.  changes=0x00000010
01-02 22:30:14.249   684   684 E ProbeModule: validate_module: cannot find module's dependency info: [netdev-rmnet0]
01-02 22:30:14.249   437   444 I dalvikvm: Total arena pages for JIT: 30
01-02 22:30:14.249   437   444 I dalvikvm: Total arena pages for JIT: 31
01-02 22:30:14.249   437   444 I dalvikvm: Total arena pages for JIT: 32
01-02 22:30:14.259   437   455 I ActivityManager: Start proc com.android.phone for added application com.android.phone: pid=689 uid=1001 gids={41001, 3002, 3001, 3003, 1015, 1028}
01-02 22:30:14.259   437   455 I am_proc_start: [0,689,1001,com.android.phone,added application,com.android.phone]
01-02 22:30:14.259   686   686 E ProbeModule: validate_module: cannot find module's dependency info: [rmnet0]
01-02 22:30:14.259   437   444 I dalvikvm: Total arena pages for JIT: 33
01-02 22:30:14.259   437   444 I dalvikvm: Total arena pages for JIT: 34
01-02 22:30:14.259   437   444 I dalvikvm: Total arena pages for JIT: 35
01-02 22:30:14.259   437   444 I dalvikvm: Total arena pages for JIT: 36
01-02 22:30:14.259   437   444 I dalvikvm: Total arena pages for JIT: 37
01-02 22:30:14.259   689   689 D dalvikvm: Process 689 nice name: com.android.phone
01-02 22:30:14.259   689   689 D dalvikvm: Extra Options: not specified
01-02 22:30:14.259   646   646 I LatinIME: Hardware accelerated drawing: true
01-02 22:30:14.259   701   701 D dalvikvm: Process 701 nice name: com.android.smspush
01-02 22:30:14.259   701   701 D dalvikvm: Extra Options: not specified
01-02 22:30:14.269   437   455 I ActivityManager: Start proc com.android.smspush for added application com.android.smspush: pid=701 uid=10045 gids={50045, 1028}
01-02 22:30:14.269   437   455 W ActivityManager: Broadcast Intent { act=android.intent.action.USER_STARTING flg=0x40000010 (has extras) } not ordered but result callback requested!
01-02 22:30:14.269   437   455 I ActivityManager: START u0 {act=android.intent.action.MAIN cat=[android.intent.category.HOME] flg=0x10000000 cmp=com.android.settings/.CryptKeeper} from pid 0
01-02 22:30:14.269   437   455 I am_proc_start: [0,701,10045,com.android.smspush,added application,com.android.smspush]
01-02 22:30:14.269   437   455 I am_create_task: [0,2]
01-02 22:30:14.269   437   455 I am_create_activity: [0,557939816,2,com.android.settings/.CryptKeeper,android.intent.action.MAIN,NULL,NULL,276824064]
01-02 22:30:14.269   712   712 E ProbeModule: validate_module: cannot find module's dependency info: [netdev-rmnet0]
01-02 22:30:14.269   715   715 E ProbeModule: validate_module: cannot find module's dependency info: [rmnet0]
01-02 22:30:14.279   437   455 I ActivityManager: Start proc com.android.settings for activity com.android.settings/.CryptKeeper: pid=725 uid=1000 gids={41000, 1015, 1028, 3002, 3001, 3003}
01-02 22:30:14.279   437   455 I am_proc_start: [0,725,1000,com.android.settings,activity,com.android.settings/.CryptKeeper]
01-02 22:30:14.289   725   725 D dalvikvm: Process 725 nice name: com.android.settings
01-02 22:30:14.289   725   725 D dalvikvm: Extra Options: not specified
01-02 22:30:14.289   723   723 E ProbeModule: validate_module: cannot find module's dependency info: [netdev-ifb0]
01-02 22:30:14.289   735   735 E ProbeModule: validate_module: cannot find module's dependency info: [ifb0]
01-02 22:30:14.299   437   437 I ActivityManager: Start proc android.process.acore for content provider com.android.providers.contacts/.ContactsProvider2: pid=742 uid=10000 gids={50000, 3003, 1015, 1028}
01-02 22:30:14.299   437   437 I am_proc_start: [0,742,10000,android.process.acore,content provider,com.android.providers.contacts/.ContactsProvider2]
01-02 22:30:14.299   437   707 I am_proc_bound: [0,689,com.android.phone]
01-02 22:30:14.299   742   742 D dalvikvm: Process 742 nice name: android.process.acore
01-02 22:30:14.299   742   742 D dalvikvm: Extra Options: not specified
01-02 22:30:14.299   437   707 I PackageManager: Running dexopt on: com.android.providers.telephony
01-02 22:30:14.309   588   588 D PhoneStatusBar: disable: < expand icons alerts ticker system_info back home recent clock search >
01-02 22:30:14.309   139   139 D dalvikvm: GC_EXPLICIT freed 39K, 14% free 6039K/6944K, paused 1ms+1ms, total 12ms
01-02 22:30:14.319   139   139 D dalvikvm: GC_EXPLICIT freed <1K, 14% free 6039K/6944K, paused 0ms+1ms, total 9ms
01-02 22:30:14.329   139   139 D dalvikvm: GC_EXPLICIT freed <1K, 14% free 6039K/6944K, paused 1ms+1ms, total 8ms
01-02 22:30:14.379   749   749 D dalvikvm: Unable to stat classpath element '/system/framework/com.intel.asf.jar'
01-02 22:30:14.429   749   749 D dalvikvm: DexOpt: load 8ms, verify+opt 33ms, 551964 bytes
01-02 22:30:14.489   437   756 I WAKELOCK_RELEASE: TIMESTAMP=32302682569, TAG=AudioOut_2, TYPE=PARTIAL_WAKE_LOCK             , COUNT=0, PID=146, UID=1013, FLAGS=
01-02 22:30:14.489   437   757 I WAKELOCK_RELEASE: TIMESTAMP=32304248301, TAG=AudioOut_3, TYPE=PARTIAL_WAKE_LOCK             , COUNT=0, PID=146, UID=1013, FLAGS=
01-02 22:30:14.499   437   707 I PackageManager: Running dexopt on: com.android.phone
01-02 22:30:14.539   758   758 D dalvikvm: Unable to stat classpath element '/system/framework/com.intel.asf.jar'
01-02 22:30:14.599   758   758 D dalvikvm: Note: class Landroid/app/ActivityManagerNative; has 157 unimplemented (abstract) methods
01-02 22:30:14.659   758   758 D dalvikvm: DexOpt: load 13ms, verify+opt 93ms, 1117580 bytes
01-02 22:30:14.739   437   709 I am_proc_bound: [0,701,com.android.smspush]
01-02 22:30:14.739   437   709 I PackageManager: Running dexopt on: com.android.smspush
01-02 22:30:14.749   689   689 I binder_sample: [android.app.IActivityManager,17,466,<pre-initialized>,93]
01-02 22:30:14.749   150   166 E RIL_USI : queueRunner() Failed to open AT channel /dev/ttyUSB1 (No such file or directory), retrying in 1.
01-02 22:30:14.749   150   166 I RIL_USI : setRadioState() oldState=RADIO_STATE_OFF newState=RADIO_STATE_OFF
01-02 22:30:14.759   689   689 I ActivityThread: Pub mms: com.android.providers.telephony.MmsProvider
01-02 22:30:14.759   689   689 I ActivityThread: Pub sms: com.android.providers.telephony.SmsProvider
01-02 22:30:14.759   689   689 I ActivityThread: Pub telephony: com.android.providers.telephony.TelephonyProvider
01-02 22:30:14.759   689   689 W TelephonyProvider: onCreate: confFile=/system/etc/apns-conf.xml oldCheckSum=-1
01-02 22:30:14.759   689   689 D TelephonyManager: getLteOnCdmaMode=0 curVal=-1 product_type='' lteOnCdmaProductType=''
01-02 22:30:14.759   689   689 I ActivityThread: Pub icc: com.android.phone.IccProvider
01-02 22:30:14.759   689   689 I ActivityThread: Pub mms-sms: com.android.providers.telephony.MmsSmsProvider
01-02 22:30:14.769   759   759 D dalvikvm: Unable to stat classpath element '/system/framework/com.intel.asf.jar'
01-02 22:30:14.799   759   759 D dalvikvm: DexOpt: load 9ms, verify+opt 21ms, 525668 bytes
01-02 22:30:14.859   437   659 I notification_cancel: [android,17302887,NULL,-1,0,0]
01-02 22:30:14.869   701   701 I binder_sample: [android.app.IActivityManager,17,585,<pre-initialized>,100]
01-02 22:30:14.869   646   646 I binder_sample: [android.app.IActivityManager,29,575,com.android.inputmethod.latin,100]
01-02 22:30:14.869   437   650 W LocationManagerService: no network location provider found
01-02 22:30:14.869   437   449 I am_proc_bound: [0,742,android.process.acore]
01-02 22:30:14.869   437   449 I PackageManager: Running dexopt on: com.android.providers.applications
01-02 22:30:14.869   646   646 W InputAttributes: No editor info for this field. Bug?
01-02 22:30:14.869   437   650 W ServiceWatcher: com.google.android.location not found
01-02 22:30:14.869   437   650 W ServiceWatcher: com.google.android.location not found
01-02 22:30:14.869   437   650 W ServiceWatcher: com.google.android.location not found
01-02 22:30:14.879   437   707 W ResourceType: Failure getting entry for 0x7f060000 (t=5 e=0) in package 0 (error -75)
01-02 22:30:14.879   437   707 W InputMethodManagerService: Found no subtypes in a system IME: com.android.inputmethod.pinyin
01-02 22:30:14.879   437   707 W ResourceType: Failure getting entry for 0x7f060000 (t=5 e=0) in package 0 (error -75)
01-02 22:30:14.899   761   761 D dalvikvm: Unable to stat classpath element '/system/framework/com.intel.asf.jar'
01-02 22:30:14.919   761   761 D dalvikvm: DexOpt: load 3ms, verify+opt 13ms, 357012 bytes
01-02 22:30:14.929   437   449 I PackageManager: Running dexopt on: com.android.providers.userdictionary
01-02 22:30:14.959   765   765 D dalvikvm: Unable to stat classpath element '/system/framework/com.intel.asf.jar'
01-02 22:30:14.959   765   765 D dalvikvm: DexOpt: load 2ms, verify+opt 3ms, 165732 bytes
01-02 22:30:14.969   588   588 I binder_sample: [android.app.IActivityManager,145,600,com.android.systemui,100]
01-02 22:30:14.969   689   689 I binder_sample: [android.app.IActivityManager,30,211,com.android.phone,42]
01-02 22:30:14.979   742   742 I binder_sample: [android.app.IActivityManager,17,653,<pre-initialized>,100]
01-02 22:30:14.979   437   455 I ActivityManager: Start proc android.process.media for broadcast com.android.providers.media/.MtpReceiver: pid=766 uid=10011 gids={50011, 1015, 1023, 1024, 1028, 2001, 3003, 3007}
01-02 22:30:14.979   646   763 E ActivityThread: Failed to find provider info for com.android.inputmethod.latin.dictionarypack
01-02 22:30:14.979   437   455 I am_proc_start: [0,766,10011,android.process.media,broadcast,com.android.providers.media/.MtpReceiver]
01-02 22:30:14.979   437   721 I am_proc_bound: [0,725,com.android.settings]
01-02 22:30:14.979   689   689 D TelephonyManager: getLteOnCdmaMode=0 curVal=-1 product_type='' lteOnCdmaProductType=''
01-02 22:30:14.979   766   766 D dalvikvm: Process 766 nice name: android.process.media
01-02 22:30:14.979   766   766 D dalvikvm: Extra Options: not specified
01-02 22:30:14.979   646   763 E BinaryDictionaryGetter: Could not find a dictionary pack
01-02 22:30:14.979   437   721 I PackageManager: Running dexopt on: com.android.settings
01-02 22:30:14.989   742   742 I ActivityThread: Pub com.android.voicemail: com.android.providers.contacts.VoicemailContentProvider
01-02 22:30:14.999   742   742 I ActivityThread: Pub applications: com.android.providers.applications.ApplicationsProvider
01-02 22:30:15.029   437   440 D dalvikvm: GC_CONCURRENT freed 3278K, 46% free 8556K/15616K, paused 1ms+1ms, total 34ms
01-02 22:30:15.029   437   538 I backup_data_changed: android
01-02 22:30:15.069   437   452 D PackageManager: generateServicesMap() for 0
01-02 22:30:15.069   437   538 I backup_data_changed: android
01-02 22:30:15.079   437   452 D PackageManager: generateServicesMap() for 0
01-02 22:30:15.079   773   773 D dalvikvm: Unable to stat classpath element '/system/framework/com.intel.asf.jar'
01-02 22:30:15.259   773   773 D dalvikvm: Note: class Landroid/app/ActivityManagerNative; has 157 unimplemented (abstract) methods
01-02 22:30:15.549   773   773 D dalvikvm: DexOpt: load 52ms, verify+opt 345ms, 3195284 bytes
01-02 22:30:15.679   437   721 I am_restart_activity: [0,557939816,2,com.android.settings/.CryptKeeper]
01-02 22:30:15.689   725   725 I binder_sample: [android.app.IActivityManager,17,1391,<pre-initialized>,100]
01-02 22:30:15.689   689   689 I binder_sample: [android.app.IActivityManager,29,708,com.android.phone,100]
01-02 22:30:15.689   437   650 I ActivityManager: Start proc com.android.location.fused for service com.android.location.fused/.FusedLocationService: pid=782 uid=10014 gids={50014, 1028}
01-02 22:30:15.689   437   721 I WAKELOCK_ACQUIRE: TIMESTAMP=33507659002, TAG=RILJ, TYPE=PARTIAL_WAKE_LOCK             , COUNT=0, PID=689, UID=1001, FLAGS=
01-02 22:30:15.689   437   650 I am_proc_start: [0,782,10014,com.android.location.fused,service,com.android.location.fused/.FusedLocationService]
01-02 22:30:15.689   437   449 I am_proc_bound: [0,766,android.process.media]
01-02 22:30:15.689   689   689 D TelephonyManager: getLteOnCdmaMode=0 curVal=-1 product_type='' lteOnCdmaProductType=''
01-02 22:30:15.689   437   449 I PackageManager: Running dexopt on: com.android.providers.downloads
01-02 22:30:15.689   782   782 D dalvikvm: Process 782 nice name: com.android.location.fused
01-02 22:30:15.689   782   782 D dalvikvm: Extra Options: not specified
01-02 22:30:15.689   689   689 I PHONE   : Network Mode set to 0
01-02 22:30:15.689   689   689 I PHONE   : lteOnCdma is 0 use SUBSCRIPTION_FROM_NV
01-02 22:30:15.689   689   689 I PHONE   : Cdma Subscription set to 1
01-02 22:30:15.689   689   689 D RILJ    : RIL(context, preferredNetworkType=0 cdmaSubscription=1)
01-02 22:30:15.689   689   689 D RILJ    : Starting RILReceiver
01-02 22:30:15.689   689   787 I RILJ    : Connected to 'rild' socket
01-02 22:30:15.689   150   165 I RILC    : libril: new connection
01-02 22:30:15.689   150   165 I RILC    : RIL Daemon version: UG una-ril 4.1.1.0-alpha Jan 21 2014 11:04:04
01-02 22:30:15.689   689   787 D RILJ    : [UNSL]< UNSOL_RIL_CONNECTED {7}
01-02 22:30:15.689   689   787 D RILJ    : [0000]> RADIO_POWER off
01-02 22:30:15.689   689   787 D RILJ    : [0001]> REQUEST_SET_PREFERRED_NETWORK_TYPE : 0
01-02 22:30:15.699   437   721 I WAKELOCK_ACQUIRE: TIMESTAMP=33508466720, TAG=RILJ, TYPE=PARTIAL_WAKE_LOCK             , COUNT=0, PID=689, UID=1001, FLAGS=
01-02 22:30:15.699   437   729 I WAKELOCK_ACQUIRE: TIMESTAMP=33508890187, TAG=RILJ, TYPE=PARTIAL_WAKE_LOCK             , COUNT=0, PID=689, UID=1001, FLAGS=
01-02 22:30:15.699   437   729 I WAKELOCK_ACQUIRE: TIMESTAMP=33509967964, TAG=RILJ, TYPE=PARTIAL_WAKE_LOCK             , COUNT=0, PID=689, UID=1001, FLAGS=
01-02 22:30:15.699   689   787 D RILJ    : [0002]> RIL_REQUEST_CDMA_SET_SUBSCRIPTION_SOURCE : 1
01-02 22:30:15.699   689   787 D RILJ    : [UNSL]< UNSOL_RESPONSE_RADIO_STATE_CHANGED RADIO_OFF
01-02 22:30:15.699   689   787 D RILB    : Notifying: radio available
01-02 22:30:15.699   689   787 D RILJ    : [0003]> SCREEN_STATE: true
01-02 22:30:15.709   437   538 I backup_data_changed: android
01-02 22:30:15.709   437   538 I backup_data_changed: android
01-02 22:30:15.749   788   788 D dalvikvm: Unable to stat classpath element '/system/framework/com.intel.asf.jar'
01-02 22:30:15.749   150   166 E RIL_USI : queueRunner() Failed to open AT channel /dev/ttyUSB1 (No such file or directory), retrying in 1.
01-02 22:30:15.749   150   166 I RIL_USI : setRadioState() oldState=RADIO_STATE_OFF newState=RADIO_STATE_OFF
01-02 22:30:15.949   788   788 D dalvikvm: DexOpt: load 21ms, verify+opt 146ms, 1322652 bytes
01-02 22:30:16.059   437   449 I PackageManager: Running dexopt on: com.android.providers.drm
01-02 22:30:16.089   800   800 D dalvikvm: Unable to stat classpath element '/system/framework/com.intel.asf.jar'
01-02 22:30:16.089   800   800 D dalvikvm: DexOpt: load 1ms, verify+opt 2ms, 149764 bytes
01-02 22:30:16.099   766   766 I binder_sample: [android.app.IActivityManager,17,1086,<pre-initialized>,100]
01-02 22:30:16.109   742   742 I binder_sample: [android.app.IActivityManager,12,1080,android.process.acore,100]
01-02 22:30:16.109   588   588 I binder_sample: [android.app.IActivityManager,12,1088,com.android.systemui,100]
01-02 22:30:16.109   588   588 D StorageNotification: Startup with UMS connection false (media state mounted)
01-02 22:30:16.109   437   729 I am_proc_bound: [0,782,com.android.location.fused]
01-02 22:30:16.109   437   729 I PackageManager: Running dexopt on: com.android.location.fused
01-02 22:30:16.119   588   802 I StorageNotification: UMS connection changed to false (media state mounted)
01-02 22:30:16.119   588   588 D SystemUIService: loading: class com.android.systemui.power.PowerUI
01-02 22:30:16.119   588   588 D SystemUIService: running: com.android.systemui.power.PowerUI@211d6758
01-02 22:30:16.119   766   766 I ActivityThread: Pub media: com.android.providers.media.MediaProvider
01-02 22:30:16.119   588   588 D BluetoothAdapter: 554156296: getState() :  mService = null. Returning STATE_OFF
01-02 22:30:16.119   588   588 D BluetoothAdapter: 554156296: getState() :  mService = null. Returning STATE_OFF
01-02 22:30:16.129   437   452 D DevicePolicyManagerService: Handling package changes for user 0
01-02 22:30:16.129   437   538 I backup_data_changed: android
01-02 22:30:16.139   437   493 D BluetoothManagerService: Message: 300
01-02 22:30:16.139   437   493 D BluetoothManagerService: MESSAGE_USER_SWITCHED
01-02 22:30:16.139   801   801 D dalvikvm: Unable to stat classpath element '/system/framework/com.intel.asf.jar'
01-02 22:30:16.149   801   801 D dalvikvm: DexOpt: load 2ms, verify+opt 1ms, 143444 bytes
01-02 22:30:16.159   437   729 I am_create_service: [0,558406568,com.android.location.fused/.FusedLocationService,782]
01-02 22:30:16.159   437   799 I am_finish_activity: [0,557939816,2,com.android.settings/.CryptKeeper,app-request]
01-02 22:30:16.159   782   782 I binder_sample: [android.app.IActivityManager,17,452,<pre-initialized>,90]
01-02 22:30:16.159   437   799 I WAKELOCK_ACQUIRE: TIMESTAMP=33973918616, TAG=ActivityManager-Launch, TYPE=PARTIAL_WAKE_LOCK             , COUNT=0, PID=437, UID=1000, FLAGS=
01-02 22:30:16.159   588   588 D SystemUIService: loading: class com.android.systemui.media.RingtonePlayer
01-02 22:30:16.159   588   588 D SystemUIService: running: com.android.systemui.media.RingtonePlayer@211d6df8
01-02 22:30:16.159   437   799 I am_pause_activity: [0,557939816,com.android.settings/.CryptKeeper]
01-02 22:30:16.159   725   725 I binder_sample: [android.app.IActivityManager,11,447,com.android.settings,89]
01-02 22:30:16.159   742   742 I binder_sample: [android.app.IActivityManager,12,56,android.process.acore,11]
01-02 22:30:16.159   689   689 I binder_sample: [android.app.IActivityManager,12,470,com.android.phone,94]
01-02 22:30:16.159   689   689 D TelephonyManager: persist.tel.lteOnGsmDevice is false
01-02 22:30:16.159   437   729 D dalvikvm: GREF has increased to 301
01-02 22:30:16.159   689   689 D RIL_UiccController: Creating UiccController
01-02 22:30:16.159   689   689 I PHONE   : Creating GSMPhone
01-02 22:30:16.169   437   650 E LocationManagerService: no geocoder provider found
01-02 22:30:16.169   437   650 W ServiceWatcher: com.google.android.location not found
01-02 22:30:16.169   742   742 I ActivityThread: Pub com.android.contacts.dumpfile: com.android.providers.contacts.debug.DumpFileProvider
01-02 22:30:16.169   742   742 I ActivityThread: Pub contacts;com.android.contacts: com.android.providers.contacts.ContactsProvider2
01-02 22:30:16.169   689   689 D PHONE   : mDoesRilSendMultipleCallRing=true
01-02 22:30:16.169   689   689 D PHONE   : mCallRingDelay=3000
01-02 22:30:16.169   689   689 W Settings: Setting airplane_mode_on has moved from android.provider.Settings.System to android.provider.Settings.Global, returning read-only value.
01-02 22:30:16.169   689   689 W Settings: Setting auto_time has moved from android.provider.Settings.System to android.provider.Settings.Global, returning read-only global URI.
01-02 22:30:16.169   106   106 I KERNEL  : [   34.449296] hub 2-0:1.0: hub_suspend
01-02 22:30:16.169   106   106 I KERNEL  : [   34.453407] usb usb2: bus auto-suspend, wakeup 1
01-02 22:30:16.169   106   106 I KERNEL  : [   34.458661] hub 1-0:1.0: hub_suspend
01-02 22:30:16.189   437   449 I ActivityManager: START u0 {act=android.intent.action.MAIN cat=[android.intent.category.HOME] flg=0x10000000 cmp=com.android.provision/.DefaultActivity} from pid 0
01-02 22:30:16.189   437   449 I am_create_task: [0,3]
01-02 22:30:16.189   437   449 I am_create_activity: [0,554928608,3,com.android.provision/.DefaultActivity,android.intent.action.MAIN,NULL,NULL,276824064]
01-02 22:30:16.189   689   689 W Settings: Setting auto_time_zone has moved from android.provider.Settings.System to android.provider.Settings.Global, returning read-only global URI.
01-02 22:30:16.189   106   106 I KERNEL  : [   34.462850] usb usb1: bus auto-suspend, wakeup 1
01-02 22:30:16.189   106   106 I KERNEL  : [   34.468217] xhci_hcd 0000:00:14.0: hcd_pci_runtime_suspend: 0
01-02 22:30:16.199   437   650 I WAKELOCK_ACQUIRE: TIMESTAMP=34006354828, TAG=GpsLocationProvider, TYPE=PARTIAL_WAKE_LOCK             , COUNT=0, PID=437, UID=1000, FLAGS=
01-02 22:30:16.199   437   449 I ActivityManager: Start proc com.android.provision for activity com.android.provision/.DefaultActivity: pid=804 uid=10034 gids={50034, 1028}
01-02 22:30:16.199   437   650 W ApplicationContext: Calling a method in the system process without a qualified user: android.app.ContextImpl.sendBroadcast:1038 com.android.server.location.GpsLocationProvider.logCrashTool:787 com.android.server.location.GpsLocationProvider.handleEnable:815 
01-02 22:30:16.199   437   449 I am_proc_start: [0,804,10034,com.android.provision,activity,com.android.provision/.DefaultActivity]
01-02 22:30:16.199   437   799 I am_create_service: [0,557748424,com.android.smspush/.WapPushManager,701]
01-02 22:30:16.199   804   804 D dalvikvm: Process 804 nice name: com.android.provision
01-02 22:30:16.199   804   804 D dalvikvm: Extra Options: not specified
01-02 22:30:16.199   588   596 I dalvikvm: JIT_INFO: VRDELAY_CAN_THROW cancel was not optimized for bytecode=0xdb
01-02 22:30:16.199   437   650 D GpsLocationProvider: Sending Crashtool Broadcast ON
01-02 22:30:16.199   437   650 D libgps  : SendGpsExtensionMessage: Waiting for IPC connection...
01-02 22:30:16.199   689   689 D RILJ    : setPhoneType=1 old value=0
01-02 22:30:16.199   689   689 D SMS     : SMSDispatcher: ctor mSmsCapable=true format=3gpp mSmsReceiveDisabled=false mSmsSendDisabled=false
01-02 22:30:16.199   689   689 D GSM     : [GsmDCT] DCT.constructor
01-02 22:30:16.209   437   452 D TelephonyRegistry: MSG_USER_SWITCHED userId=0
01-02 22:30:16.209   437   756 I am_proc_bound: [0,804,com.android.provision]
01-02 22:30:16.209   588   596 I dalvikvm: JIT_INFO: VRDELAY_CAN_THROW cancel was not optimized for bytecode=0xdb
01-02 22:30:16.209   689   689 D         : [ApnContext:default] set reason as dataEnabled,current state IDLE
01-02 22:30:16.209   689   689 D         : [ApnContext:default] setRetryCount: 0
01-02 22:30:16.209   437   815 I libgps  : Restore: No SUPL config to restore
01-02 22:30:16.209   437   815 D GpsLocationProvider: set_capabilities_callback: 6
01-02 22:30:16.209   689   689 D         : [ApnContext:mms] set reason as dataEnabled,current state IDLE
01-02 22:30:16.209   689   689 D         : [ApnContext:mms] setRetryCount: 0
01-02 22:30:16.209   689   689 D         : [ApnContext:supl] set reason as dataEnabled,current state IDLE
01-02 22:30:16.209   689   689 D         : [ApnContext:supl] setRetryCount: 0
01-02 22:30:16.209   689   689 D         : [ApnContext:hipri] set reason as dataEnabled,current state IDLE
01-02 22:30:16.209   689   689 D         : [ApnContext:hipri] setRetryCount: 0
01-02 22:30:16.209   588   596 I dalvikvm: JIT_INFO: VRDELAY_CAN_THROW cancel was not optimized for bytecode=0xdb
01-02 22:30:16.209   689   689 D         : [ApnContext:fota] set reason as dataEnabled,current state IDLE
01-02 22:30:16.209   689   689 D         : [ApnContext:fota] setRetryCount: 0
01-02 22:30:16.209   689   689 D         : [ApnContext:ims] set reason as dataEnabled,current state IDLE
01-02 22:30:16.209   689   689 D         : [ApnContext:ims] setRetryCount: 0
01-02 22:30:16.209   689   689 D GSM     : [GsmDCT] GsmDCT.constructor
01-02 22:30:16.209   689   689 D GSM     : [ApnContext:default] set mDependencyMet as false current state is true
01-02 22:30:16.209   689   689 D GSM     : [ApnContext:default] set enabled as true, current state is false
01-02 22:30:16.209   689   689 D GSM     : [GsmDCT] applyNewState(default, true(true), true(false))
01-02 22:30:16.209   689   689 D GSM     : [ApnContext:default] set reason as dependencyMet,current state IDLE
01-02 22:30:16.209   689   689 D GSM     : [ApnContext:default] set enabled as true, current state is true
01-02 22:30:16.209   689   689 D GSM     : [ApnContext:default] set mDependencyMet as true current state is false
01-02 22:30:16.209   689   689 D GSM     : [GsmDCT] trySetupData for type:default due to dependencyMet
01-02 22:30:16.209   689   689 D GSM     : [GsmDCT] trySetupData with mIsPsRestricted=false
01-02 22:30:16.209   689   689 D GSM     : [GsmDCT] isDataAllowed: not allowed due to - gprs= 1 - SIM not loaded
01-02 22:30:16.209   689   689 D GSM     : [GsmDCT] notifyOffApnsOfAvailability skipped apn due to isReady==false: {mApnType=default mState=IDLE mWaitingApns=null mWaitingApnsPermanentFailureCountDown=0 mApnSetting=null mDataConnectionAc=null mReason=dependencyMet mRetryCount=0 mDataEnabled=true mDependencyMet=true}
01-02 22:30:16.209   689   689 D GSM     : [ApnContext:mms] set mDependencyMet as false current state is true
01-02 22:30:16.209   689   689 D GSM     : [GsmDCT] applyNewState(mms, false(false), true(false))
01-02 22:30:16.209   689   689 D GSM     : [ApnContext:mms] set enabled as false, current state is false
01-02 22:30:16.209   689   689 D GSM     : [ApnContext:mms] set mDependencyMet as true current state is false
01-02 22:30:16.209   689   689 D GSM     : [ApnContext:supl] set mDependencyMet as false current state is true
01-02 22:30:16.209   689   689 D GSM     : [GsmDCT] applyNewState(supl, false(false), true(false))
01-02 22:30:16.209   689   689 D GSM     : [ApnContext:supl] set enabled as false, current state is false
01-02 22:30:16.209   689   689 D GSM     : [ApnContext:supl] set mDependencyMet as true current state is false
01-02 22:30:16.209   689   689 D GSM     : [ApnContext:hipri] set mDependencyMet as false current state is true
01-02 22:30:16.209   689   689 D GSM     : [GsmDCT] applyNewState(hipri, false(false), true(false))
01-02 22:30:16.209   689   689 D GSM     : [ApnContext:hipri] set enabled as false, current state is false
01-02 22:30:16.209   689   689 D GSM     : [ApnContext:hipri] set mDependencyMet as true current state is false
01-02 22:30:16.209   689   689 D GSM     : [ApnContext:fota] set mDependencyMet as false current state is true
01-02 22:30:16.209   689   689 D GSM     : [GsmDCT] applyNewState(fota, false(false), true(false))
01-02 22:30:16.209   689   689 D GSM     : [ApnContext:fota] set enabled as false, current state is false
01-02 22:30:16.209   689   689 D GSM     : [ApnContext:fota] set mDependencyMet as true current state is false
01-02 22:30:16.209   689   689 D GSM     : [ApnContext:ims] set mDependencyMet as false current state is true
01-02 22:30:16.209   689   689 D GSM     : [GsmDCT] applyNewState(ims, false(false), true(false))
01-02 22:30:16.209   689   689 D GSM     : [ApnContext:ims] set enabled as false, current state is false
01-02 22:30:16.219   689   689 D         : [ApnContext:cbs] set reason as dataEnabled,current state IDLE
01-02 22:30:16.219   437   756 I PackageManager: Running dexopt on: com.android.provision
01-02 22:30:16.219   689   689 D         : [ApnContext:cbs] setRetryCount: 0
01-02 22:30:16.219   689   689 D         : [ApnContext:dun] set reason as dataEnabled,current state IDLE
01-02 22:30:16.219   689   689 D         : [ApnContext:dun] setRetryCount: 0
01-02 22:30:16.219   689   689 D         : [ApnContext:bip_gprs1] set reason as dataEnabled,current state IDLE
01-02 22:30:16.219   689   689 D         : [ApnContext:bip_gprs1] setRetryCount: 0
01-02 22:30:16.219   588   596 I dalvikvm: JIT_INFO: VRDELAY_CAN_THROW cancel was not optimized for bytecode=0xdb
01-02 22:30:16.219   689   689 D GSM     : [ApnContext:ims] set mDependencyMet as true current state is false
01-02 22:30:16.219   689   689 D GSM     : [ApnContext:cbs] set mDependencyMet as false current state is true
01-02 22:30:16.219   689   689 D GSM     : [GsmDCT] applyNewState(cbs, false(false), true(false))
01-02 22:30:16.219   689   689 D GSM     : [ApnContext:cbs] set enabled as false, current state is false
01-02 22:30:16.219   689   689 D GSM     : [ApnContext:cbs] set mDependencyMet as true current state is false
01-02 22:30:16.219   689   689 D GSM     : [ApnContext:dun] set mDependencyMet as false current state is true
01-02 22:30:16.219   689   689 D GSM     : [GsmDCT] applyNewState(dun, false(false), true(false))
01-02 22:30:16.219   689   689 D GSM     : [ApnContext:dun] set enabled as false, current state is false
01-02 22:30:16.219   689   689 D GSM     : [ApnContext:dun] set mDependencyMet as true current state is false
01-02 22:30:16.219   689   689 D GSM     : [ApnContext:bip_gprs1] set mDependencyMet as false current state is true
01-02 22:30:16.219   689   689 D GSM     : [GsmDCT] applyNewState(bip_gprs1, false(false), true(false))
01-02 22:30:16.219   689   689 D GSM     : [ApnContext:bip_gprs1] set enabled as false, current state is false
01-02 22:30:16.219   689   689 D GSM     : [ApnContext:bip_gprs1] set mDependencyMet as true current state is false
01-02 22:30:16.229   742   742 I ActivityThread: Pub call_log: com.android.providers.contacts.CallLogProvider
01-02 22:30:16.229   742   742 I ActivityThread: Pub user_dictionary: com.android.providers.userdictionary.UserDictionaryProvider
01-02 22:30:16.229   689   689 D         : [ApnContext:bip_gprs2] set reason as dataEnabled,current state IDLE
01-02 22:30:16.229   689   689 D         : [ApnContext:bip_gprs2] setRetryCount: 0
