01-02 22:30:07.159   464   464 D dalvikvm: DexOpt: load 2ms, verify+opt 7ms, 210460 bytes
01-02 22:30:07.209   465   465 D dalvikvm: Unable to stat classpath element '/system/framework/com.intel.asf.jar'
01-02 22:30:07.219   465   465 D dalvikvm: DexOpt: load 1ms, verify+opt 1ms, 112764 bytes
01-02 22:30:07.259   466   466 D dalvikvm: Unable to stat classpath element '/system/framework/com.intel.asf.jar'
01-02 22:30:07.269   466   466 D dalvikvm: DexOpt: load 1ms, verify+opt 1ms, 106980 bytes
01-02 22:30:07.309   467   467 D dalvikvm: Unable to stat classpath element '/system/framework/com.intel.asf.jar'
01-02 22:30:07.309   467   467 D dalvikvm: Note: class Landroid/app/ActivityManagerNative; has 157 unimplemented (abstract) methods
01-02 22:30:07.309   467   467 D dalvikvm: DexOpt: load 1ms, verify+opt 2ms, 145204 bytes
01-02 22:30:07.349   468   468 D dalvikvm: Unable to stat classpath element '/system/framework/com.intel.asf.jar'
01-02 22:30:07.349   468   468 D dalvikvm: DexOpt: load 1ms, verify+opt 1ms, 106412 bytes
01-02 22:30:07.399   469   469 D dalvikvm: Unable to stat classpath element '/system/framework/com.intel.asf.jar'
01-02 22:30:07.399   469   469 D dalvikvm: DexOpt: load 1ms, verify+opt 1ms, 120636 bytes
01-02 22:30:07.439   470   470 D dalvikvm: Unable to stat classpath element '/system/framework/com.intel.asf.jar'
01-02 22:30:07.449   470   470 D dalvikvm: Note: class Landroid/app/ActivityManagerNative; has 157 unimplemented (abstract) methods
01-02 22:30:07.459   470   470 D dalvikvm: DexOpt: load 2ms, verify+opt 16ms, 362012 bytes
01-02 22:30:07.549   471   471 D dalvikvm: Unable to stat classpath element '/system/framework/com.intel.asf.jar'
01-02 22:30:07.559   471   471 D dalvikvm: Note: class Landroid/app/ActivityManagerNative; has 157 unimplemented (abstract) methods
01-02 22:30:07.559   471   471 D dalvikvm: DexOpt: load 1ms, verify+opt 7ms, 211588 bytes
01-02 22:30:07.609   472   472 D dalvikvm: Unable to stat classpath element '/system/framework/com.intel.asf.jar'
01-02 22:30:07.609   472   472 D dalvikvm: DexOpt: load 1ms, verify+opt 1ms, 113140 bytes
01-02 22:30:07.649   473   473 D dalvikvm: Unable to stat classpath element '/system/framework/com.intel.asf.jar'
01-02 22:30:07.659   473   473 D dalvikvm: Note: class Landroid/app/ActivityManagerNative; has 157 unimplemented (abstract) methods
01-02 22:30:07.659   473   473 D dalvikvm: DexOpt: load 1ms, verify+opt 2ms, 135276 bytes
01-02 22:30:07.699   474   474 D dalvikvm: Unable to stat classpath element '/system/framework/com.intel.asf.jar'
01-02 22:30:07.699   474   474 D dalvikvm: DexOpt: load 1ms, verify+opt 2ms, 127220 bytes
01-02 22:30:07.739   475   475 D dalvikvm: Unable to stat classpath element '/system/framework/com.intel.asf.jar'
01-02 22:30:07.749   150   166 E RIL_USI : queueRunner() Failed to open AT channel /dev/ttyUSB1 (No such file or directory), retrying in 1.
01-02 22:30:07.749   150   166 I RIL_USI : setRadioState() oldState=RADIO_STATE_OFF newState=RADIO_STATE_OFF
01-02 22:30:07.759   475   475 D dalvikvm: Note: class Landroid/app/ActivityManagerNative; has 157 unimplemented (abstract) methods
01-02 22:30:07.769   475   475 D dalvikvm: DexOpt: load 2ms, verify+opt 22ms, 478844 bytes
01-02 22:30:07.849   437   452 I PackageManager: /system/framework/framework-res.apk changed; collecting certs
01-02 22:30:07.879   437   440 D dalvikvm: GC_CONCURRENT freed 1206K, 24% free 6824K/8896K, paused 1ms+1ms, total 8ms
01-02 22:30:08.019   437   440 D dalvikvm: GC_CONCURRENT freed 2110K, 26% free 8788K/11768K, paused 1ms+1ms, total 13ms
01-02 22:30:08.019   437   452 D dalvikvm: WAIT_FOR_CONCURRENT_GC blocked 5ms
01-02 22:30:08.239   437   452 I PackageManager: /system/app/ApplicationsProvider.apk changed; collecting certs
01-02 22:30:08.249   437   452 I PackageManager: New shared user android.uid.shared: id=10000
01-02 22:30:08.249   437   452 I PackageManager: /system/app/BackupRestoreConfirmation.apk changed; collecting certs
01-02 22:30:08.259   437   452 I PackageManager: /system/app/BasicDreams.apk changed; collecting certs
01-02 22:30:08.279   437   452 W PackageParser: No actions in intent filter at /system/app/Bluetooth.apk Binary XML file line #199
01-02 22:30:08.279   437   452 I PackageManager: /system/app/Bluetooth.apk changed; collecting certs
01-02 22:30:08.309   437   452 I PackageManager: /system/app/Browser.apk changed; collecting certs
01-02 22:30:08.349   437   440 D dalvikvm: GC_CONCURRENT freed 2394K, 24% free 10448K/13704K, paused 1ms+8ms, total 19ms
01-02 22:30:08.409   437   452 I PackageManager: /system/app/Calculator.apk changed; collecting certs
01-02 22:30:08.439   437   452 I PackageManager: /system/app/Calendar.apk changed; collecting certs
01-02 22:30:08.479   437   452 I PackageManager: /system/app/CalendarProvider.apk changed; collecting certs
01-02 22:30:08.479   437   452 I PackageManager: New shared user android.uid.calendar: id=10006
01-02 22:30:08.489   437   452 I PackageManager: /system/app/CertInstaller.apk changed; collecting certs
01-02 22:30:08.519   437   452 W PackageParser: No actions in intent filter at /system/app/Contacts.apk Binary XML file line #533
01-02 22:30:08.519   437   452 I PackageManager: /system/app/Contacts.apk changed; collecting certs
01-02 22:30:08.629   437   452 I PackageManager: /system/app/ContactsProvider.apk changed; collecting certs
01-02 22:30:08.639   437   452 I PackageManager: /system/app/DefaultContainerService.apk changed; collecting certs
01-02 22:30:08.659   437   452 I PackageManager: /system/app/DeskClock.apk changed; collecting certs
01-02 22:30:08.719   437   440 D dalvikvm: GC_CONCURRENT freed 5923K, 45% free 8581K/15360K, paused 1ms+5ms, total 27ms
01-02 22:30:08.749   150   166 E RIL_USI : queueRunner() Failed to open AT channel /dev/ttyUSB1 (No such file or directory), retrying in 1.
01-02 22:30:08.749   150   166 I RIL_USI : setRadioState() oldState=RADIO_STATE_OFF newState=RADIO_STATE_OFF
01-02 22:30:08.769   437   452 I PackageManager: /system/app/Development.apk changed; collecting certs
01-02 22:30:08.789   437   452 I PackageManager: /system/app/DownloadProvider.apk changed; collecting certs
01-02 22:30:08.789   437   452 I PackageManager: New shared user android.media: id=10011
01-02 22:30:08.799   437   452 I PackageManager: /system/app/DownloadProviderUi.apk changed; collecting certs
01-02 22:30:08.809   437   452 I PackageManager: /system/app/DrmProvider.apk changed; collecting certs
01-02 22:30:08.829   437   452 I PackageManager: /system/app/Email.apk changed; collecting certs
01-02 22:30:08.929   437   452 I PackageManager: /system/app/Exchange2.apk changed; collecting certs
01-02 22:30:08.939   437   452 I PackageManager: /system/app/FusedLocation.apk changed; collecting certs
01-02 22:30:08.949   437   452 I PackageManager: /system/app/Galaxy4.apk changed; collecting certs
01-02 22:30:08.979   437   452 W PackageParser: Unknown element under <application>: permission at /system/app/Gallery2.apk Binary XML file line #221
01-02 22:30:08.979   437   452 W PackageParser: Unknown element under <application>: permission at /system/app/Gallery2.apk Binary XML file line #224
01-02 22:30:08.979   437   452 W ResourceType: Failure getting entry for 0x7f040018 (t=3 e=24) in package 0 (error -75)
01-02 22:30:08.979   437   452 W ResourceType: Failure getting entry for 0x7f040018 (t=3 e=24) in package 0 (error -75)
01-02 22:30:08.979   437   452 I PackageManager: /system/app/Gallery2.apk changed; collecting certs
01-02 22:30:09.019   437   452 D dalvikvm: GC_FOR_ALLOC freed 3435K, 46% free 8311K/15360K, paused 17ms, total 17ms
01-02 22:30:09.089   437   452 W PackageManager: Package com.android.gallery3d desires unavailable shared library com.google.android.media.effects; ignoring!
01-02 22:30:09.139   437   452 I PackageManager: /system/app/HTMLViewer.apk changed; collecting certs
01-02 22:30:09.149   437   452 I PackageManager: /system/app/HdmiSettings.apk changed; collecting certs
01-02 22:30:09.159   437   452 I PackageManager: /system/app/HoloSpiralWallpaper.apk changed; collecting certs
01-02 22:30:09.169   437   452 I PackageManager: /system/app/InputDevices.apk changed; collecting certs
01-02 22:30:09.199   437   452 I PackageManager: /system/app/IntelCamera.apk changed; collecting certs
01-02 22:30:09.249   437   452 D dalvikvm: GC_FOR_ALLOC freed 2818K, 45% free 8500K/15360K, paused 13ms, total 13ms
01-02 22:30:09.249   437   452 I dalvikvm-heap: Grow heap (frag case) to 9.391MB for 260112-byte allocation
01-02 22:30:09.259   437   452 D dalvikvm: GC_FOR_ALLOC freed 277K, 46% free 8477K/15616K, paused 10ms, total 10ms
01-02 22:30:09.269   437   452 D dalvikvm: GC_FOR_ALLOC freed 1352K, 52% free 7509K/15616K, paused 10ms, total 10ms
01-02 22:30:09.429   437   452 W PackageManager: Package com.intel.camera22 desires unavailable shared library com.google.android.media.effects; ignoring!
01-02 22:30:09.479   437   452 I PackageManager: /system/app/KeyChain.apk changed; collecting certs
01-02 22:30:09.499   437   452 I PackageManager: /system/app/LatinIME.apk changed; collecting certs
01-02 22:30:09.529   437   440 D dalvikvm: GC_CONCURRENT freed 2353K, 41% free 9219K/15616K, paused 1ms+5ms, total 15ms
01-02 22:30:09.529   437   452 D dalvikvm: WAIT_FOR_CONCURRENT_GC blocked 13ms
01-02 22:30:09.659   437   452 I PackageManager: /system/app/Launcher2.apk changed; collecting certs
01-02 22:30:09.699   437   452 I PackageManager: /system/app/LiveWallpapers.apk changed; collecting certs
01-02 22:30:09.709   437   452 I PackageManager: /system/app/LiveWallpapersPicker.apk changed; collecting certs
01-02 22:30:09.729   437   452 I PackageManager: /system/app/MagicSmokeWallpapers.apk changed; collecting certs
01-02 22:30:09.739   437   452 I PackageManager: /system/app/MediaProvider.apk changed; collecting certs
01-02 22:30:09.749   150   166 E RIL_USI : queueRunner() Failed to open AT channel /dev/ttyUSB1 (No such file or directory), retrying in 1.
01-02 22:30:09.749   150   166 I RIL_USI : setRadioState() oldState=RADIO_STATE_OFF newState=RADIO_STATE_OFF
01-02 22:30:09.759   437   452 I PackageManager: /system/app/Mms.apk changed; collecting certs
01-02 22:30:09.799   437   452 I PackageManager: /system/app/Music.apk changed; collecting certs
01-02 22:30:09.819   437   440 D dalvikvm: GC_CONCURRENT freed 4454K, 44% free 8843K/15616K, paused 0ms+4ms, total 17ms
01-02 22:30:09.819   437   452 D dalvikvm: WAIT_FOR_CONCURRENT_GC blocked 13ms
01-02 22:30:09.909   437   452 I PackageManager: /system/app/MusicFX.apk changed; collecting certs
01-02 22:30:09.919   437   452 I PackageManager: /system/app/NoiseField.apk changed; collecting certs
01-02 22:30:09.929   437   452 I PackageManager: /system/app/PackageInstaller.apk changed; collecting certs
01-02 22:30:09.939   437   452 I PackageManager: /system/app/PhaseBeam.apk changed; collecting certs
01-02 22:30:09.969   437   452 I PackageManager: /system/app/Phone.apk changed; collecting certs
01-02 22:30:09.999   437   452 I PackageManager: /system/app/PhotoTable.apk changed; collecting certs
01-02 22:30:10.019   437   452 I PackageManager: /system/app/PicoTts.apk changed; collecting certs
01-02 22:30:10.029   437   452 I PackageManager: /system/app/PinyinIME.apk changed; collecting certs
01-02 22:30:10.049   437   452 I PackageManager: /system/app/Provision.apk changed; collecting certs
01-02 22:30:10.059   437   452 I PackageManager: /system/app/PtsDeviceBrowserLauncher.apk changed; collecting certs
01-02 22:30:10.069   437   452 I PackageManager: /system/app/QuickSearchBox.apk changed; collecting certs
01-02 22:30:10.109   437   452 I PackageManager: /system/app/SensorCal.apk changed; collecting certs
01-02 22:30:10.129   437   440 D dalvikvm: GC_CONCURRENT freed 4337K, 45% free 8602K/15616K, paused 1ms+5ms, total 18ms
01-02 22:30:10.129   437   452 D dalvikvm: WAIT_FOR_CONCURRENT_GC blocked 12ms
01-02 22:30:10.189   437   452 I PackageManager: /system/app/Settings.apk changed; collecting certs
01-02 22:30:10.309   437   452 I PackageManager: /system/app/SettingsProvider.apk changed; collecting certs
01-02 22:30:10.309   437   452 I PackageManager: /system/app/SharedStorageBackup.apk changed; collecting certs
01-02 22:30:10.339   437   452 I PackageManager: /system/app/SocialGallery.apk changed; collecting certs
01-02 22:30:10.419   437   440 D dalvikvm: GC_CONCURRENT freed 3661K, 43% free 9036K/15616K, paused 1ms+3ms, total 19ms
01-02 22:30:10.419   437   452 D dalvikvm: WAIT_FOR_CONCURRENT_GC blocked 8ms
01-02 22:30:10.489   437   452 W PackageManager: Package com.intel.android.gallery3d desires unavailable shared library com.google.android.media.effects; ignoring!
01-02 22:30:10.539   437   452 I PackageManager: /system/app/SoundRecorder.apk changed; collecting certs
01-02 22:30:10.549   437   452 I PackageManager: /system/app/SpeechRecorder.apk changed; collecting certs
01-02 22:30:10.569   437   452 I PackageManager: /system/app/SystemUI.apk changed; collecting certs
01-02 22:30:10.689   437   452 I PackageManager: /system/app/TelephonyProvider.apk changed; collecting certs
01-02 22:30:10.699   437   452 I PackageManager: /system/app/UserDictionaryProvider.apk changed; collecting certs
01-02 22:30:10.719   437   452 I PackageManager: /system/app/VideoEditor.apk changed; collecting certs
01-02 22:30:10.749   150   166 E RIL_USI : queueRunner() Failed to open AT channel /dev/ttyUSB1 (No such file or directory), retrying in 1.
01-02 22:30:10.749   150   166 I RIL_USI : setRadioState() oldState=RADIO_STATE_OFF newState=RADIO_STATE_OFF
01-02 22:30:10.759   437   440 D dalvikvm: GC_CONCURRENT freed 3215K, 37% free 9905K/15616K, paused 2ms+7ms, total 26ms
01-02 22:30:10.769   437   452 I PackageManager: /system/app/VisualizationWallpapers.apk changed; collecting certs
01-02 22:30:10.779   437   452 I PackageManager: /system/app/VpnDialogs.apk changed; collecting certs
01-02 22:30:10.789   437   452 I PackageManager: /system/app/VppSettings.apk changed; collecting certs
01-02 22:30:10.799   437   452 I PackageManager: /system/app/WAPPushManager.apk changed; collecting certs
01-02 22:30:10.809   437   452 I PackageManager: /system/app/WidiInputService.apk changed; collecting certs
01-02 22:30:10.819   437   452 I boot_progress_pms_data_scan_start: 28631
01-02 22:30:10.819   437   452 I PackageManager: Time to scan packages: 3.984 seconds
01-02 22:30:10.819   437   452 W PackageManager: Unknown permission com.google.android.googleapps.permission.GOOGLE_AUTH.mail in package com.android.contacts
01-02 22:30:10.819   437   452 W PackageManager: Unknown permission android.permission.ADD_SYSTEM_SERVICE in package com.android.phone
01-02 22:30:10.819   437   452 W PackageManager: Unknown permission com.google.android.googleapps.permission.GOOGLE_AUTH in package com.android.providers.calendar
01-02 22:30:10.819   437   452 W PackageManager: Unknown permission com.google.android.googleapps.permission.GOOGLE_AUTH.cl in package com.android.providers.calendar
01-02 22:30:10.819   437   452 W PackageManager: Unknown permission com.google.android.gallery3d.permission.GALLERY_PROVIDER in package com.android.bluetooth
01-02 22:30:10.819   437   452 W PackageManager: Unknown permission com.google.android.googleapps.permission.GOOGLE_AUTH.mail in package com.android.calendar
01-02 22:30:10.819   437   452 W PackageManager: Not granting permission android.permission.SEND_DOWNLOAD_COMPLETED_INTENTS to package com.android.browser (protectionLevel=2 flags=0x9be45)
01-02 22:30:10.819   437   452 W PackageManager: Unknown permission com.google.android.gallery3d.permission.PICASA_STORE in package com.android.dreams.phototable
01-02 22:30:10.819   437   452 W PackageManager: Unknown permission com.google.android.googleapps.permission.GOOGLE_AUTH in package com.android.settings
01-02 22:30:10.819   437   452 W PackageManager: Unknown permission com.google.android.providers.gmail.permission.READ_GMAIL in package com.intel.android.gallery3d
01-02 22:30:10.819   437   452 W PackageManager: Unknown permission com.google.android.gm.permission.READ_GMAIL in package com.intel.android.gallery3d
01-02 22:30:10.819   437   452 W PackageManager: Not granting permission android.permission.CONFIGURE_WIFI_DISPLAY to package com.intel.android.gallery3d (protectionLevel=2 flags=0x58bc45)
01-02 22:30:10.819   437   452 I boot_progress_pms_scan_end: 28631
01-02 22:30:10.819   437   452 D PackageManager: No files in app dir /vendor/app
01-02 22:30:10.829   437   452 W PackageManager: Unknown permission com.google.android.gallery3d.permission.GALLERY_PROVIDER in package com.android.exchange
01-02 22:30:10.829   437   452 W PackageManager: Unknown permission com.google.android.googleapps.permission.ACCESS_GOOGLE_PASSWORD in package com.android.development
01-02 22:30:10.829   437   452 W PackageManager: Unknown permission com.google.android.googleapps.permission.GOOGLE_AUTH in package com.android.development
01-02 22:30:10.829   437   452 W PackageManager: Unknown permission com.google.android.googleapps.permission.GOOGLE_AUTH.ALL_SERVICES in package com.android.development
01-02 22:30:10.829   437   452 W PackageManager: Unknown permission com.google.android.googleapps.permission.GOOGLE_AUTH.YouTubeUser in package com.android.development
01-02 22:30:10.829   437   452 W PackageManager: Unknown permission com.google.android.gallery3d.permission.GALLERY_PROVIDER in package com.android.email
01-02 22:30:10.829   437   452 W PackageManager: Not granting permission android.permission.DEVICE_POWER to package com.android.deskclock (protectionLevel=2 flags=0x8be45)
01-02 22:30:10.869   437   452 I boot_progress_pms_ready: 28688
01-02 22:30:10.889   437   452 D dalvikvm: GC_EXPLICIT freed 3161K, 51% free 7768K/15616K, paused 1ms+2ms, total 20ms
01-02 22:30:10.899   437   452 I SystemServer: User Service
01-02 22:30:10.899   437   452 I SystemServer: Account Manager
01-02 22:30:10.899   437   452 I SystemServer: Content Manager
01-02 22:30:10.899   437   452 I SystemServer: System Content Providers
01-02 22:30:10.899   437   452 I PackageManager: Running dexopt on: com.android.providers.settings
01-02 22:30:10.929   479   479 D dalvikvm: Unable to stat classpath element '/system/framework/com.intel.asf.jar'
01-02 22:30:10.949   479   479 D dalvikvm: Note: class Landroid/app/ActivityManagerNative; has 157 unimplemented (abstract) methods
01-02 22:30:10.949   479   479 D dalvikvm: DexOpt: load 2ms, verify+opt 14ms, 383540 bytes
01-02 22:30:11.019   437   452 I ActivityThread: Pub settings: com.android.providers.settings.SettingsProvider
01-02 22:30:11.079   437   452 D TelephonyManager: getLteOnCdmaMode=0 curVal=-1 product_type='' lteOnCdmaProductType=''
01-02 22:30:11.089   437   452 E SQLiteLog: (1) no such table: secure
01-02 22:30:11.099   437   452 I SyncManager: No initial accounts
01-02 22:30:11.099   437   452 I SyncManager: No initial status
01-02 22:30:11.099   437   452 I SyncManager: No initial pending operations
01-02 22:30:11.099   437   452 I SyncManager: No initial statistics
01-02 22:30:11.119   437   452 D SettingsProvider: Generated and saved new ANDROID_ID [594f4d0565c29936] for user 0
01-02 22:30:11.129   437   481 D SettingsProvider: cache for settings table 'global' rows=38; fullycached=true
01-02 22:30:11.129   437   481 D SettingsProvider: cache for settings table 'secure' rows=25; fullycached=true
01-02 22:30:11.129   437   452 I SystemServer: Lights Service
01-02 22:30:11.129   437   452 I SystemServer: Thermal Service enabled
01-02 22:30:11.129   437   452 I SystemServer: Battery Service
01-02 22:30:11.129   437   481 D SettingsProvider: cache for settings table 'system' rows=26; fullycached=true
01-02 22:30:11.129   437   452 D lights  : opened /sys/class/backlight/intel_backlight/brightness, fd = 75
01-02 22:30:11.129   437   452 E lights  : faild to open /sys/class/keyboard-backlight/brightness, ret = 2
01-02 22:30:11.129   437   452 E lights  : faild to open /sys/class/leds/intel_keypad_led/brightness, ret = 2
01-02 22:30:11.129   437   452 E lights  : faild to open /sys/class/battery-backlight/brightness, ret = 2
01-02 22:30:11.129   437   452 E lights  : faild to open /sys/class/notifications-backlight/brightness, ret = 2
01-02 22:30:11.129   437   452 E lights  : faild to open /sys/class/attention-baklight/brightness, ret = 2
01-02 22:30:11.129   437   452 I ThermalService: Initializing Thermal Manager Service
01-02 22:30:11.139   437   452 E BatteryService: [intel] checkpoint for charger attached case.
01-02 22:30:11.139   437   452 E BatteryService: [intel] checkpoint for the type of charger USB.
01-02 22:30:11.139   437   452 E BatteryService: [intel] checkpoint for the type of USB charger.
01-02 22:30:11.159   437   452 I battery_status: [2,2,1,2,Li-ion]
01-02 22:30:11.159   437   452 I SystemServer: Current Mgmt Service
01-02 22:30:11.159   437   452 I SystemServer: Vibrator Service
01-02 22:30:11.159   437   452 I battery_level: [25,3715,304,-230]
01-02 22:30:11.159   437   452 V CurrentMgmtService: CurrentMgmtService start
01-02 22:30:11.159   437   452 E CurrentMgmtService: BCU JNI init
01-02 22:30:11.159   437   452 E CurrentMgmtService: Couldn't load bcu module (No such file or directory)
01-02 22:30:11.159   437   452 D Vibrator: New CVibrator object
01-02 22:30:11.159   437   452 D PROPERTY: get Audiocomms.Vibrator.LogsOn: 0
01-02 22:30:11.159   437   452 D Vibrator: Vibrator logs status: off
01-02 22:30:11.159   437   452 D PROPERTY: get Audiocomms.Vibrator.IsPresent: false
01-02 22:30:11.159   437   452 I Vibrator: parameter-framework [Vibrator] Hardware vibrator is not present!
01-02 22:30:11.159   437   452 D PROPERTY: get Audiocomms.Vibrator.ReduceRate: 100
01-02 22:30:11.159   437   484 D EVENT_THREAD: void CEventThread::run() Do poll with timeout: -1
01-02 22:30:11.159   437   452 I libsuspend: Selected early suspend
01-02 22:30:11.169   437   452 I SystemServer: Alarm Manager
01-02 22:30:11.169   437   452 I SystemServer: Init Watchdog
01-02 22:30:11.169   437   452 I SystemServer: Input Manager
01-02 22:30:11.169   437   452 I InputManager: Initializing input manager, mUseDevInputEventForAudioJack=true
01-02 22:30:11.169   437   452 I SystemServer: Window Manager
01-02 22:30:11.169   437   452 I libsuspend: Starting early suspend unblocker thread
01-02 22:30:11.169   143   143 D PermissionCache: checking android.permission.ACCESS_SURFACE_FLINGER for uid=1000 => granted (270 us)
01-02 22:30:11.169   143   180 D SurfaceFlinger: Screen acquired, type=0 flinger=0x407c76a0
01-02 22:30:11.169   143   180 D SurfaceFlinger:  screen was previously acquired
01-02 22:30:11.159    79    79 I KERNEL  : [   29.452082] bq24192 1-006b: bq24192_set_cc:1182 1500
01-02 22:30:11.169    79    79 I KERNEL  : [   29.455667] request_suspend_state: wakeup (0->0) at 28979950130 (2000-01-02 22:30:11.179303441 UTC)
01-02 22:30:11.179    79    79 I KERNEL  : [   29.469352] bq24192 1-006b: bq24192_set_cv:1192 4350
01-02 22:30:11.189   437   453 I screen_toggled: 1
01-02 22:30:11.189   437   453 I WindowManager: Screen turning on...
01-02 22:30:11.189    79    79 I KERNEL  : [   29.478438] get_battery_status: Set status=1 for bq27441
01-02 22:30:11.199   437   452 I InputManager: Starting input manager
01-02 22:30:11.199   437   452 I SystemServer: Bluetooth Manager Service
01-02 22:30:11.199   437   453 D Sensors : calibration data path is /data/accel.conf
01-02 22:30:11.199   437   453 E Sensors : No accelerate calibration data found!, errno = 2
01-02 22:30:11.199   437   453 E Sensors : AccelSensor-virtual int AccelSensor::setDelay(int32_t, int64_t):Permission denied
01-02 22:30:11.199   437   453 E Sensors : AccelSensor-virtual int AccelSensor::setDelay(int32_t, int64_t):Permission denied
01-02 22:30:11.199   437   483 E BatteryService: [intel] checkpoint for charger attached case.
01-02 22:30:11.199   437   483 E BatteryService: [intel] checkpoint for the type of charger USB.
01-02 22:30:11.199   437   483 E BatteryService: [intel] checkpoint for the type of USB charger.
01-02 22:30:11.199   146   146 I wrs-omxil-core: found component library libOMXVideoDecoderAVCSecure.so
01-02 22:30:11.209   437   452 I SystemServer: Input Method Service
01-02 22:30:11.209   437   452 D BluetoothManagerService: Loading stored name and address
01-02 22:30:11.209   437   452 D BluetoothManagerService: Stored bluetooth Name=null,Address=null
01-02 22:30:11.209   146   146 I cmodule : module libOMXVideoDecoderAVCSecure.so successfully loaded
01-02 22:30:11.209   146   146 I cmodule : module libOMXVideoDecoderAVCSecure.so successfully unloaded
01-02 22:30:11.209   146   146 I wrs-omxil-core: module libOMXVideoDecoderAVCSecure.so:OMX.Intel.hw_vd.h264.secure added to component list
01-02 22:30:11.209   146   146 I wrs-omxil-core: found component library libOMXVideoDecoderAVC.so
01-02 22:30:11.219   437   492 D EventHub: No input device configuration file found for device 'Sleep Button'.
01-02 22:30:11.219   146   146 I cmodule : module libOMXVideoDecoderAVC.so successfully loaded
01-02 22:30:11.219   146   146 I cmodule : module libOMXVideoDecoderAVC.so successfully unloaded
01-02 22:30:11.219   146   146 I wrs-omxil-core: module libOMXVideoDecoderAVC.so:OMX.Intel.VideoDecoder.AVC added to component list
01-02 22:30:11.219   146   146 I wrs-omxil-core: found component library libOMXVideoDecoderVP8.so
01-02 22:30:11.219   146   146 I cmodule : module libOMXVideoDecoderVP8.so successfully loaded
01-02 22:30:11.219   146   146 I cmodule : module libOMXVideoDecoderVP8.so successfully unloaded
01-02 22:30:11.219   146   146 I wrs-omxil-core: module libOMXVideoDecoderVP8.so:OMX.Intel.VideoDecoder.VPX added to component list
01-02 22:30:11.219   146   146 I wrs-omxil-core: found component library libOMXVideoDecoderMPEG4.so
01-02 22:30:11.219   146   146 I cmodule : module libOMXVideoDecoderMPEG4.so successfully loaded
01-02 22:30:11.219   146   146 I cmodule : module libOMXVideoDecoderMPEG4.so successfully unloaded
01-02 22:30:11.219   146   146 I wrs-omxil-core: module libOMXVideoDecoderMPEG4.so:OMX.Intel.VideoDecoder.MPEG4 added to component list
01-02 22:30:11.219   146   146 I wrs-omxil-core: found component library libOMXVideoDecoderWMV.so
01-02 22:30:11.219   146   146 I cmodule : module libOMXVideoDecoderWMV.so successfully loaded
01-02 22:30:11.219   146   146 I cmodule : module libOMXVideoDecoderWMV.so successfully unloaded
01-02 22:30:11.219   146   146 I wrs-omxil-core: module libOMXVideoDecoderWMV.so:OMX.Intel.VideoDecoder.WMV added to component list
01-02 22:30:11.219   146   146 I wrs-omxil-core: found component library libOMXVideoDecoderH263.so
01-02 22:30:11.219   146   146 I cmodule : module libOMXVideoDecoderH263.so successfully loaded
01-02 22:30:11.219   146   146 I cmodule : module libOMXVideoDecoderH263.so successfully unloaded
01-02 22:30:11.219   146   146 I wrs-omxil-core: module libOMXVideoDecoderH263.so:OMX.Intel.VideoDecoder.H263 added to component list
01-02 22:30:11.219   146   146 I wrs-omxil-core: found component library libOMXVideoEncoderAVC.so
01-02 22:30:11.229   437   483 E BatteryService: [intel] checkpoint for charger attached case.
01-02 22:30:11.229   437   483 E BatteryService: [intel] checkpoint for the type of charger USB.
01-02 22:30:11.229   437   483 E BatteryService: [intel] checkpoint for the type of USB charger.
01-02 22:30:11.229   146   146 I cmodule : module libOMXVideoEncoderAVC.so successfully loaded
01-02 22:30:11.229   146   146 I cmodule : module libOMXVideoEncoderAVC.so successfully unloaded
01-02 22:30:11.229   146   146 I wrs-omxil-core: module libOMXVideoEncoderAVC.so:OMX.Intel.VideoEncoder.AVC added to component list
01-02 22:30:11.229   146   146 I wrs-omxil-core: found component library libOMXVideoEncoderH263.so
01-02 22:30:11.229   146   146 I cmodule : module libOMXVideoEncoderH263.so successfully loaded
01-02 22:30:11.229   146   146 I cmodule : module libOMXVideoEncoderH263.so successfully unloaded
01-02 22:30:11.229   146   146 I wrs-omxil-core: module libOMXVideoEncoderH263.so:OMX.Intel.VideoEncoder.H263 added to component list
01-02 22:30:11.229   146   146 I wrs-omxil-core: found component library libOMXVideoEncoderMPEG4.so
01-02 22:30:11.239   146   146 I cmodule : module libOMXVideoEncoderMPEG4.so successfully loaded
01-02 22:30:11.239   146   146 I cmodule : module libOMXVideoEncoderMPEG4.so successfully unloaded
01-02 22:30:11.239   146   146 I wrs-omxil-core: module libOMXVideoEncoderMPEG4.so:OMX.Intel.VideoEncoder.MPEG4 added to component list
01-02 22:30:11.239   146   146 I         : OMX IL core libwrs_omxil_core_pvwrapped.so: declares component OMX.Intel.hw_vd.h264.secure
01-02 22:30:11.239   146   146 I         : OMX IL core libwrs_omxil_core_pvwrapped.so: declares component OMX.Intel.VideoDecoder.AVC
01-02 22:30:11.239   146   146 I         : OMX IL core libwrs_omxil_core_pvwrapped.so: declares component OMX.Intel.VideoDecoder.VPX
01-02 22:30:11.239   146   146 I         : OMX IL core libwrs_omxil_core_pvwrapped.so: declares component OMX.Intel.VideoDecoder.MPEG4
01-02 22:30:11.239   146   146 I         : OMX IL core libwrs_omxil_core_pvwrapped.so: declares component OMX.Intel.VideoDecoder.WMV
01-02 22:30:11.239   146   146 I         : OMX IL core libwrs_omxil_core_pvwrapped.so: declares component OMX.Intel.VideoDecoder.H263
01-02 22:30:11.239   146   146 I         : OMX IL core libwrs_omxil_core_pvwrapped.so: declares component OMX.Intel.VideoEncoder.AVC
01-02 22:30:11.239   146   146 I         : OMX IL core libwrs_omxil_core_pvwrapped.so: declares component OMX.Intel.VideoEncoder.H263
01-02 22:30:11.239   146   146 I         : OMX IL core libwrs_omxil_core_pvwrapped.so: declares component OMX.Intel.VideoEncoder.MPEG4
01-02 22:30:11.239   146   146 I         : OMX IL core libwrs_omxil_core_pvwrapped.so: contains 9 components
01-02 22:30:11.239   146   146 I libva   : VA-API version 0.34.0
01-02 22:30:11.239   146   146 I libva   : va_getDriverName() returns 0
01-02 22:30:11.239   146   146 I libva   : Trying to open /system/lib/i965_drv_video.so
01-02 22:30:11.239   146   146 I libva   : Found init function __vaDriverInit_0_32
01-02 22:30:11.249   437   492 I EventHub: New device: id=1, fd=104, path='/dev/input/event1', name='Sleep Button', classes=0x1, configuration='', keyLayout='/system/usr/keylayout/Generic.kl', keyCharacterMap='/system/usr/keychars/Generic.kcm', builtinKeyboard=false, usingSuspendBlockIoctl=true, usingClockIoctl=true
01-02 22:30:11.249   437   492 D EventHub: No input device configuration file found for device 'Power Button'.
01-02 22:30:11.249   437   492 I EventHub: New device: id=2, fd=102, path='/dev/input/event0', name='Power Button', classes=0x1, configuration='', keyLayout='/system/usr/keylayout/Generic.kl', keyCharacterMap='/system/usr/keychars/Generic.kcm', builtinKeyboard=false, usingSuspendBlockIoctl=true, usingClockIoctl=true
01-02 22:30:11.249   437   492 D EventHub: No input device configuration file found for device 'Video Bus'.
01-02 22:30:11.249   146   146 I libva   : va_openDriver() returns 0
01-02 22:30:11.259   437   492 I EventHub: New device: id=3, fd=109, path='/dev/input/event4', name='Video Bus', classes=0x1, configuration='', keyLayout='/system/usr/keylayout/Generic.kl', keyCharacterMap='/system/usr/keychars/Generic.kcm', builtinKeyboard=false, usingSuspendBlockIoctl=true, usingClockIoctl=true
01-02 22:30:11.259   437   492 D EventHub: No input device configuration file found for device 'gpio-lesskey-nrpt'.
01-02 22:30:11.259   437   492 I EventHub: New device: id=4, fd=110, path='/dev/input/event5', name='gpio-lesskey-nrpt', classes=0x1, configuration='', keyLayout='/system/usr/keylayout/Generic.kl', keyCharacterMap='/system/usr/keychars/Generic.kcm', builtinKeyboard=false, usingSuspendBlockIoctl=true, usingClockIoctl=true
01-02 22:30:11.259   437   492 D EventHub: No input device configuration file found for device 'baytrailaudio Intel MID Audio Jack'.
01-02 22:30:11.259   146   146 I libva   : VA-API version 0.34.0
01-02 22:30:11.259   146   146 I libva   : va_getDriverName() returns 0
01-02 22:30:11.259   146   146 I libva   : Trying to open /system/lib/i965_drv_video.so
01-02 22:30:11.259   146   146 I libva   : Found init function __vaDriverInit_0_32
01-02 22:30:11.269   437   492 I EventHub: New device: id=5, fd=111, path='/dev/input/event8', name='baytrailaudio Intel MID Audio Jack', classes=0x81, configuration='', keyLayout='/system/usr/keylayout/baytrailaudio_Intel_MID_Audio_Jack.kl', keyCharacterMap='/system/usr/keychars/Generic.kcm', builtinKeyboard=false, usingSuspendBlockIoctl=true, usingClockIoctl=true
01-02 22:30:11.269   437   492 D EventHub: No input device configuration file found for device 'gpio-lesskey-rpt'.
01-02 22:30:11.269   437   492 I EventHub: New device: id=6, fd=112, path='/dev/input/event6', name='gpio-lesskey-rpt', classes=0x1, configuration='', keyLayout='/system/usr/keylayout/Generic.kl', keyCharacterMap='/system/usr/keychars/Generic.kcm', builtinKeyboard=false, usingSuspendBlockIoctl=true, usingClockIoctl=true
01-02 22:30:11.269   437   492 D EventHub: No input device configuration file found for device 'tp'.
01-02 22:30:11.269   437   492 I EventHub: New device: id=7, fd=113, path='/dev/input/event7', name='tp', classes=0x14, configuration='', keyLayout='', keyCharacterMap='', builtinKeyboard=false, usingSuspendBlockIoctl=true, usingClockIoctl=true
01-02 22:30:11.269   437   492 D EventHub: No input device configuration file found for device 'isl29023'.
01-02 22:30:11.279   437   452 W InputMethodManagerService: No IME selected. Choose the most applicable IME.
01-02 22:30:11.279   437   452 I InputMethodManagerService: No default found, using com.android.inputmethod.latin/.LatinIME
01-02 22:30:11.279   146   146 I libva   : va_openDriver() returns 0
01-02 22:30:11.279   437   452 W ResourceType: Failure getting entry for 0x7f060000 (t=5 e=0) in package 0 (error -75)
01-02 22:30:11.279   146   146 I libva   : VA-API version 0.34.0
01-02 22:30:11.279   146   146 I libva   : va_getDriverName() returns 0
01-02 22:30:11.279   146   146 I libva   : Trying to open /system/lib/i965_drv_video.so
01-02 22:30:11.279   146   146 I libva   : Found init function __vaDriverInit_0_32
01-02 22:30:11.289   437   452 I SystemServer: Accessibility Manager
01-02 22:30:11.289   146   146 I libva   : va_openDriver() returns 0
01-02 22:30:11.289   146   146 I         : OMX IL core libmfx_omx_core.so: declares component OMX.Intel.hw_vd.h264
01-02 22:30:11.289   146   146 I         : OMX IL core libmfx_omx_core.so: declares component OMX.Intel.hw_vd.vc1
01-02 22:30:11.289   146   146 I         : OMX IL core libmfx_omx_core.so: declares component OMX.Intel.hw_ve.h264
01-02 22:30:11.289   146   146 I         : OMX IL core libmfx_omx_core.so: contains 3 components
01-02 22:30:11.289   437   452 I KERNEL  : [   29.581899] lowmemorykiller: lowmem_shrink: convert oom_adj to oom_score_adj:
01-02 22:30:11.299   437   452 I KERNEL  : [   29.590035] lowmemorykiller: oom_adj 0 => oom_score_adj 0
01-02 22:30:11.309   437   452 I KERNEL  : [   29.596251] lowmemorykiller: oom_adj 1 => oom_score_adj 58
01-02 22:30:11.309   437   452 I KERNEL  : [   29.602497] lowmemorykiller: oom_adj 2 => oom_score_adj 117
01-02 22:30:11.319   437   492 E EventHub: could not get driver version for /dev/input/mice, Not a typewriter
01-02 22:30:11.319   437   452 I KERNEL  : [   29.609127] lowmemorykiller: oom_adj 4 => oom_score_adj 235
01-02 22:30:11.319   437   452 I KERNEL  : [   29.615473] lowmemorykiller: oom_adj 9 => oom_score_adj 529
01-02 22:30:11.329   437   452 I KERNEL  : [   29.621854] lowmemorykiller: oom_adj 15 => oom_score_adj 1000
01-02 22:30:11.339   437   452 I ActivityManager: Config changes=15f8 {1.0 ?mcc?mnc en_US ldltr sw533dp w533dp h780dp 240dpi lrg port ?uimode ?night -touch -keyb/h/h -nav/h s.2}
01-02 22:30:11.339   437   452 I SystemServer: Mount Service
01-02 22:30:11.339   437   452 D MountService: got storage path: /storage/sdcard0 description: Internal storage primary: true removable: false emulated: true mtpReserve: 100 allowMassStorage: false maxFileSize: 0
01-02 22:30:11.339   437   452 D MountService: addVolumeLocked() StorageVolume [mStorageId=65537 mPath=/storage/emulated/0 mDescriptionId=17040631 mPrimary=true mRemovable=false mEmulated=true mMtpReserveSpace=100 mAllowMassStorage=false mMaxFileSize=0 mOwner=UserHandle{0}]
01-02 22:30:11.339   437   452 D MountService: got storage path: /storage/sdcard_ext description: SD card primary: false removable: true emulated: false mtpReserve: 0 allowMassStorage: false maxFileSize: 0
01-02 22:30:11.339   437   452 D MountService: addVolumeLocked() StorageVolume [mStorageId=0 mPath=/storage/sdcard_ext mDescriptionId=17040632 mPrimary=false mRemovable=true mEmulated=false mMtpReserveSpace=0 mAllowMassStorage=false mMaxFileSize=0 mOwner=null]
01-02 22:30:11.339   437   452 D MountService: got storage path: /storage/usbcard description: USB storage primary: false removable: true emulated: false mtpReserve: 0 allowMassStorage: false maxFileSize: 0
01-02 22:30:11.339   437   452 D MountService: addVolumeLocked() StorageVolume [mStorageId=0 mPath=/storage/usbcard mDescriptionId=17040633 mPrimary=false mRemovable=true mEmulated=false mMtpReserveSpace=0 mAllowMassStorage=false mMaxFileSize=0 mOwner=null]
01-02 22:30:11.339   437   452 I SystemServer: LockSettingsService
01-02 22:30:11.339   437   452 I SystemServer: Device Policy
01-02 22:30:11.339   437   452 I configuration_changed: 5624
01-02 22:30:11.339   146   146 E WVMExtractor: Failed to open libwvm.so
01-02 22:30:11.349   437   452 I SystemServer: Status Bar
01-02 22:30:11.349   437   452 I SystemServer: Clipboard Service
01-02 22:30:11.349   437   452 I SystemServer: NetworkManagement Service
01-02 22:30:11.349   437   452 I SystemServer: Text Service Manager Service
01-02 22:30:11.349   437   514 I MountService: Updating valid state removed
01-02 22:30:11.349   437   514 D MountService: volume state changed for /storage/sdcard_ext (null -> removed)
01-02 22:30:11.349   437   514 I MountService: Updating valid state removed
01-02 22:30:11.349   437   514 D MountService: volume state changed for /storage/usbcard (null -> removed)
01-02 22:30:11.349   437   514 W PackageManager: Unknown permission com.google.android.googleapps.permission.GOOGLE_AUTH.mail in package com.android.contacts
01-02 22:30:11.349   437   514 W PackageManager: Unknown permission android.permission.ADD_SYSTEM_SERVICE in package com.android.phone
01-02 22:30:11.349   437   514 W PackageManager: Unknown permission com.google.android.googleapps.permission.GOOGLE_AUTH in package com.android.providers.calendar
01-02 22:30:11.349   437   514 W PackageManager: Unknown permission com.google.android.googleapps.permission.GOOGLE_AUTH.cl in package com.android.providers.calendar
01-02 22:30:11.349   437   514 W PackageManager: Unknown permission com.google.android.gallery3d.permission.GALLERY_PROVIDER in package com.android.bluetooth
01-02 22:30:11.349   437   514 W PackageManager: Unknown permission com.google.android.googleapps.permission.GOOGLE_AUTH.mail in package com.android.calendar
01-02 22:30:11.349   437   514 W PackageManager: Not granting permission android.permission.SEND_DOWNLOAD_COMPLETED_INTENTS to package com.android.browser (protectionLevel=2 flags=0x89be45)
01-02 22:30:11.349   437   514 W PackageManager: Unknown permission com.google.android.gallery3d.permission.PICASA_STORE in package com.android.dreams.phototable
01-02 22:30:11.349   146   515 I cip_VorbisDec: UMC Decoder plugin created, Media Codecs version: 1.0.2098
01-02 22:30:11.349   437   514 I PackageManager: No secure containers on sdcard
01-02 22:30:11.359   437   514 W PackageManager: Unknown permission com.google.android.googleapps.permission.GOOGLE_AUTH in package com.android.settings
01-02 22:30:11.359   437   514 W PackageManager: Unknown permission com.google.android.providers.gmail.permission.READ_GMAIL in package com.intel.android.gallery3d
01-02 22:30:11.359   437   514 W PackageManager: Unknown permission com.google.android.gm.permission.READ_GMAIL in package com.intel.android.gallery3d
01-02 22:30:11.359   437   514 W PackageManager: Not granting permission android.permission.CONFIGURE_WIFI_DISPLAY to package com.intel.android.gallery3d (protectionLevel=2 flags=0xd8bc45)
01-02 22:30:11.359   437   514 W PackageManager: Unknown permission com.google.android.gallery3d.permission.GALLERY_PROVIDER in package com.android.exchange
01-02 22:30:11.359   437   514 W PackageManager: Unknown permission com.google.android.googleapps.permission.ACCESS_GOOGLE_PASSWORD in package com.android.development
01-02 22:30:11.359   437   514 W PackageManager: Unknown permission com.google.android.googleapps.permission.GOOGLE_AUTH in package com.android.development
01-02 22:30:11.359   437   514 W PackageManager: Unknown permission com.google.android.googleapps.permission.GOOGLE_AUTH.ALL_SERVICES in package com.android.development
01-02 22:30:11.359   437   514 W PackageManager: Unknown permission com.google.android.googleapps.permission.GOOGLE_AUTH.YouTubeUser in package com.android.development
01-02 22:30:11.359   437   514 W PackageManager: Unknown permission com.google.android.gallery3d.permission.GALLERY_PROVIDER in package com.android.email
01-02 22:30:11.359   437   514 W PackageManager: Not granting permission android.permission.DEVICE_POWER to package com.android.deskclock (protectionLevel=2 flags=0x88be45)
01-02 22:30:11.359   437   492 D EventHub: No input device configuration file found for device 'kxcj9'.
01-02 22:30:11.359   146   518 D cip_VorbisDec: UMCAudioDecoder::input data read (mSource->read) returned -1011, considering end of stream.
01-02 22:30:11.369   146   146 I cip_VorbisDec: UMC Decoder plugin deleted
01-02 22:30:11.369   146   503 E WVMExtractor: Failed to open libwvm.so
01-02 22:30:11.379   146   519 I cip_VorbisDec: UMC Decoder plugin created, Media Codecs version: 1.0.2098
01-02 22:30:11.379   146   520 D cip_VorbisDec: UMCAudioDecoder::input data read (mSource->read) returned -1011, considering end of stream.
01-02 22:30:11.389   437   452 I SystemServer: NetworkStats Service
01-02 22:30:11.389   437   452 I SystemServer: NetworkPolicy Service
01-02 22:30:11.389   437   452 I SystemServer: Wi-Fi P2pService
01-02 22:30:11.389   146   503 I cip_VorbisDec: UMC Decoder plugin deleted
01-02 22:30:11.409   437   492 I InputReader: Device added: id=-1, name='Virtual', sources=0x00000301
01-02 22:30:11.409   437   492 W InputReader: MultiTouch Device tp reported 255 slots but the framework only supports a maximum of 32 slots at this time.
01-02 22:30:11.409   437   492 I InputReader:   Touch device 'tp' could not query the properties of its associated display.  The device will be inoperable until the display size becomes available.
01-02 22:30:11.409   437   492 I InputReader: Device added: id=7, name='tp', sources=0x00001002
01-02 22:30:11.409   437   492 I InputReader: Device added: id=6, name='gpio-lesskey-rpt', sources=0x00000101
01-02 22:30:11.409   437   492 I InputReader: Device added: id=5, name='baytrailaudio Intel MID Audio Jack', sources=0x80000101
01-02 22:30:11.409   437   492 I InputReader: Device added: id=4, name='gpio-lesskey-nrpt', sources=0x00000101
01-02 22:30:11.409   437   492 I InputReader: Device added: id=3, name='Video Bus', sources=0x00000101
01-02 22:30:11.409   437   492 I InputReader: Device added: id=2, name='Power Button', sources=0x00000101
01-02 22:30:11.409   437   492 I InputReader: Device added: id=1, name='Sleep Button', sources=0x00000101
01-02 22:30:11.409   437   491 I ActivityManager: Config changes=1408 {1.0 ?mcc?mnc en_US ldltr sw533dp w533dp h780dp 240dpi lrg port ?uimode ?night finger -keyb/h/h -nav/h s.3}
01-02 22:30:11.409   437   491 I configuration_changed: 5128
01-02 22:30:11.409   437   492 I InputReader: Reconfiguring input devices.  changes=0x00000004
01-02 22:30:11.409   437   492 I InputReader: Device reconfigured: id=7, name='tp', size 800x1280, orientation 0, mode 1, display id 0
01-02 22:30:11.429   437   452 I SystemServer: Wi-Fi Service
01-02 22:30:11.429   437   452 D SystemServer: registerService service: com.intel.server.EthernetService
01-02 22:30:11.429   437   452 I SystemServer: EthernetService
01-02 22:30:11.429   437   452 I SystemServer: Connectivity Service
01-02 22:30:11.429   437   452 D ConnectivityService: ConnectivityService starting up
01-02 22:30:11.429   437   524 I wifi_state_changed: InitialState
01-02 22:30:11.429   137   399 E CommandListener: Failed to open /proc/sys/net/ipv6/conf/wlan0/disable_ipv6: No such file or directory
01-02 22:30:11.439   437   524 I wifi_state_changed: DriverUnloadedState
01-02 22:30:11.439   437   524 E WifiStateMachine: Failed to disable IPv6: java.lang.IllegalStateException: command '1 interface ipv6 wlan0 disable' failed with '400 1 Failed to change IPv6 state (No such file or directory)'
01-02 22:30:11.439   437   452 D BluetoothTethering: startMonitoring: target: Handler (com.android.server.ConnectivityService$NetworkStateTrackerHandler) {211c2c80}
01-02 22:30:11.439   437   493 D BluetoothManagerService: Message: 20
01-02 22:30:11.439   437   452 D BluetoothPan: BluetoothPan() call bindService
01-02 22:30:11.449   437   493 D BluetoothManagerService: Added callback: android.bluetooth.BluetoothAdapter$1@210f1e68:true
01-02 22:30:11.449   437   452 W ApplicationContext: Calling a method in the system process without a qualified user: android.app.ContextImpl.bindService:1412 android.bluetooth.BluetoothPan.<init>:141 android.bluetooth.BluetoothAdapter.getProfileProxy:1164 
01-02 22:30:11.449   437   452 E MobileDataStateTracker: default: Ignoring feature request because could not acquire PhoneService
01-02 22:30:11.449   437   452 E MobileDataStateTracker: default: Could not enable APN type "default"
01-02 22:30:11.449   437   452 I WifiService: WifiService starting up with Wi-Fi disabled
01-02 22:30:11.449   437   493 D BluetoothManagerService: Message: 30
01-02 22:30:11.449   437   452 D BluetoothPan: BluetoothPan(), bindService called
01-02 22:30:11.459   437   452 I SystemServer: Network Service Discovery Service
01-02 22:30:11.459   437   452 D NsdService: Network service discovery enabled true
01-02 22:30:11.469   437   452 I SystemServer: Throttle Service
01-02 22:30:11.469   437   452 I SystemServer: UpdateLock Service
01-02 22:30:11.469   437   452 I SystemServer: Notification Manager
01-02 22:30:11.469   437   452 I SystemServer: Device Storage Monitor
01-02 22:30:11.469   437   452 I SystemServer: Location Manager
01-02 22:30:11.469   437   452 I SystemServer: Country Detector
01-02 22:30:11.469   437   452 I SystemServer: Search Service
01-02 22:30:11.469   437   452 I SystemServer: DropBox Service
01-02 22:30:11.469   437   452 I SystemServer: Wallpaper Service
01-02 22:30:11.469   437   452 W WallpaperService: no current wallpaper -- first boot?
01-02 22:30:11.469   437   452 I free_storage_left: [9748504576,1619922944,1557786624]
01-02 22:30:11.469   437   452 I free_storage_changed: 9748504576
01-02 22:30:11.479   437   452 I SystemServer: Audio Service
01-02 22:30:11.489   437   448 I WAKELOCK_ACQUIRE: TIMESTAMP=29300389237, TAG=AudioOut_3, TYPE=PARTIAL_WAKE_LOCK             , COUNT=0, PID=146, UID=1013, FLAGS=
01-02 22:30:11.489   437   449 I WAKELOCK_ACQUIRE: TIMESTAMP=29301588297, TAG=AudioOut_2, TYPE=PARTIAL_WAKE_LOCK             , COUNT=0, PID=146, UID=1013, FLAGS=
01-02 22:30:11.499   146   241 D RouteManager: setVoiceVolume: platform does NOT embed a Modem chip
01-02 22:30:11.509   437   452 I SystemServer: Intel Display Observer
01-02 22:30:11.509   437   452 I MultiDisplay: Create a new DisplaySetting
01-02 22:30:11.509   437   452 V MultiDisplay: Set Audio output from SPEAKER to SPEAKER
01-02 22:30:11.509   437   452 V MultiDisplay: Same Audio output, Don't set
01-02 22:30:11.509   437   452 I SystemServer: Dock Observer
01-02 22:30:11.509   437   452 W DockObserver: This kernel does not have dock station support
01-02 22:30:11.509   437   452 I SystemServer: Wired Accessory Manager
01-02 22:30:11.509   437   452 W WiredAccessoryManager: This kernel does not have usb audio support
01-02 22:30:11.509   437   452 W WiredAccessoryManager: This kernel does not have HDMI audio support
01-02 22:30:11.509   437   452 I SystemServer: USB Service
01-02 22:30:11.509   146   146 D AudioHardwareALSA: Get MUTE true
01-02 22:30:11.509   437   452 I MultiDisplay: jboolean android::MDS_InitMDSClient(JNIEnv*, jobject, jobject): creating MultiDisplay JNI client.
01-02 22:30:11.509   437   452 I MultiDisplay: android::JNIMDSListener::JNIMDSListener(JNIEnv*, jobject, jobject): Creating MDS listener.
01-02 22:30:11.509   437   452 D MultiDisplay: MultiDisplayListener::MultiDisplayListener(int, const char*, android::sp<android::IExtendDisplayListener>): Register a new DisplaySetting client, 0x1
01-02 22:30:11.519   437   537 I WAKELOCK_ACQUIRE: TIMESTAMP=29329753743, TAG=usb_lock, TYPE=SCREEN_BRIGHT_WAKE_LOCK       , COUNT=0, PID=437, UID=1000, FLAGS= ACQUIRE_CAUSES_WAKEUP
01-02 22:30:11.519   437   452 I SystemServer: Serial Service
01-02 22:30:11.519   437   452 I SystemServer: Twilight Service
01-02 22:30:11.519   437   452 I SystemServer: UI Mode Manager Service
01-02 22:30:11.519   437   452 I SystemServer: Backup Service
01-02 22:30:11.519   437   452 I KERNEL  : [   29.807141] acc_open
01-02 22:30:11.519   437   452 I KERNEL  : [   29.809717] acc_release
01-02 22:30:11.609    82    82 I KERNEL  : [   29.895301] mmc2: Timeout waiting for Buffer Read ready
01-02 22:30:11.609    82    82 I KERNEL  : [   29.901279] mmc2: present 1fff0206, ctrl2 000000cd, irq 00000000
