03-13 05:46:39.509   108   108 I KERNEL  : [   11.849677] RTL871X: rtw_drv_init: ACPI_HANDLE found oob_irq 145!
03-13 05:46:39.519   108   108 I KERNEL  : [   11.856685] [intel] gpio_request:1251. gpio = 145, label = oob_irq.
03-13 05:46:39.519   108   108 I KERNEL  : [   11.864447] vlv_gpio_to_irq:414. 0x00000182, offset = 0x0000000f.
03-13 05:46:39.529   108   108 I KERNEL  : [   11.871400] vlv_gpio_to_irq:414. 0x00000182, offset = 0x0000000f.
03-13 05:46:39.539   108   108 I KERNEL  : [   11.878326] [intel] wifi_configure_gpio:1048. checkpoint.
03-13 05:46:39.539   108   108 I KERNEL  : [   11.885179] RTL871X: register rtw_netdev_ops to netdev_ops
03-13 05:46:39.549   108   108 I KERNEL  : [   11.891633] RTL871X: rtw_wdev_alloc(padapter=f6e93000)
03-13 05:46:39.559   108   108 I KERNEL  : [   11.899808] RTL871X: Chip Version Info: CHIP_8723B_Normal_Chip_TSMC_B_CUT_1T1R_RomVer(0)
03-13 05:46:39.569   108   108 I KERNEL  : [   11.909109] RTL871X: RF_Type is 3!!
03-13 05:46:39.569   108   108 I KERNEL  : [   11.914268] RTL871X: EEPROM type is E-FUSE
03-13 05:46:39.579   108   108 I KERNEL  : [   11.924237] RTL871X: SetHwReg8723B: bMacPwrCtrlOn=1
03-13 05:46:39.589   108   108 I KERNEL  : [   11.934024] RTL871X: hal_EfuseSwitchToBank: Efuse switch bank to 0
03-13 05:46:39.819   108   108 I KERNEL  : [   12.163067] RTL871X: hal_ReadEFuse_WiFi: data end at address=0xbc
03-13 05:46:39.829   108   108 I KERNEL  : [   12.170089] RTL871X: Efuse Realmap:
03-13 05:46:39.829   108   108 I KERNEL  : [   12.174167] 
03-13 05:46:39.839   108   108 I KERNEL  : [   12.176042] 29 
03-13 05:46:39.839   108   108 I KERNEL  : 81 
03-13 05:46:39.839   108   108 I KERNEL  : 03 
03-13 05:46:39.839   108   108 I KERNEL  : 7C 
03-13 05:46:39.839   108   108 I KERNEL  : 51 
03-13 05:46:39.839   108   108 I KERNEL  : 08 
03-13 05:46:39.839   108   108 I KERNEL  : 28 
03-13 05:46:39.839   108   108 I KERNEL  : 00 
03-13 05:46:39.839   108   108 I KERNEL  : 62 
03-13 05:46:39.839   108   108 I KERNEL  : 07 
03-13 05:46:39.839   108   108 I KERNEL  : 0D 
03-13 05:46:39.839   108   108 I KERNEL  : 45 
03-13 05:46:39.839   108   108 I KERNEL  : 10 
03-13 05:46:39.839   108   108 I KERNEL  : 00 
03-13 05:46:39.839   108   108 I KERNEL  : 00 
03-13 05:46:39.839   108   108 I KERNEL  : 00 
03-13 05:46:39.839   108   108 I KERNEL  : 
03-13 05:46:39.839   108   108 I KERNEL  : [   12.185307] 2D 
03-13 05:46:39.849   108   108 I KERNEL  : 2D 
03-13 05:46:39.849   108   108 I KERNEL  : 2D 
03-13 05:46:39.849   108   108 I KERNEL  : 2D 
03-13 05:46:39.849   108   108 I KERNEL  : 2D 
03-13 05:46:39.849   108   108 I KERNEL  : 2B 
03-13 05:46:39.849   108   108 I KERNEL  : 2D 
03-13 05:46:39.849   108   108 I KERNEL  : 2D 
03-13 05:46:39.849   108   108 I KERNEL  : 2D 
03-13 05:46:39.849   108   108 I KERNEL  : 2D 
03-13 05:46:39.849   108   108 I KERNEL  : 2D 
03-13 05:46:39.849   108   108 I KERNEL  : 02 
03-13 05:46:39.849   108   108 I KERNEL  : FF 
03-13 05:46:39.849   108   108 I KERNEL  : FF 
03-13 05:46:39.849   108   108 I KERNEL  : FF 
03-13 05:46:39.849   108   108 I KERNEL  : FF 
03-13 05:46:39.849   108   108 I KERNEL  : 
03-13 05:46:39.849   108   108 I KERNEL  : [   12.193230] FF 
03-13 05:46:39.849   108   108 I KERNEL  : FF 
03-13 05:46:39.849   108   108 I KERNEL  : FF 
03-13 05:46:39.859   108   108 I KERNEL  : FF 
03-13 05:46:39.859   108   108 I KERNEL  : FF 
03-13 05:46:39.859   108   108 I KERNEL  : FF 
03-13 05:46:39.859   108   108 I KERNEL  : FF 
03-13 05:46:39.859   108   108 I KERNEL  : FF 
03-13 05:46:39.859   108   108 I KERNEL  : FF 
03-13 05:46:39.859   108   108 I KERNEL  : FF 
03-13 05:46:39.859   108   108 I KERNEL  : FF 
03-13 05:46:39.859   108   108 I KERNEL  : FF 
03-13 05:46:39.859   108   108 I KERNEL  : FF 
03-13 05:46:39.859   108   108 I KERNEL  : FF 
03-13 05:46:39.859   108   108 I KERNEL  : FF 
03-13 05:46:39.859   108   108 I KERNEL  : FF 
03-13 05:46:39.859   108   108 I KERNEL  : 
03-13 05:46:39.859   108   108 I KERNEL  : [   12.200812] FF 
03-13 05:46:39.859   108   108 I KERNEL  : FF 
03-13 05:46:39.859   108   108 I KERNEL  : FF 
03-13 05:46:39.859   108   108 I KERNEL  : FF 
03-13 05:46:39.859   108   108 I KERNEL  : FF 
03-13 05:46:39.859   108   108 I KERNEL  : FF 
03-13 05:46:39.859   108   108 I KERNEL  : FF 
03-13 05:46:39.859   108   108 I KERNEL  : FF 
03-13 05:46:39.859   108   108 I KERNEL  : FF 
03-13 05:46:39.859   108   108 I KERNEL  : FF 
03-13 05:46:39.869   108   108 I KERNEL  : 2D 
03-13 05:46:39.869   108   108 I KERNEL  : 2D 
03-13 05:46:39.869   108   108 I KERNEL  : 2D 
03-13 05:46:39.869   108   108 I KERNEL  : 2D 
03-13 05:46:39.869   108   108 I KERNEL  : 2D 
03-13 05:46:39.869   108   108 I KERNEL  : 2D 
03-13 05:46:39.869   108   108 I KERNEL  : 
03-13 05:46:39.869   108   108 I KERNEL  : [   12.208354] 2D 
03-13 05:46:39.869   108   108 I KERNEL  : 2D 
03-13 05:46:39.869   108   108 I KERNEL  : 2D 
03-13 05:46:39.869   108   108 I KERNEL  : 2D 
03-13 05:46:39.869   108   108 I KERNEL  : 2D 
03-13 05:46:39.869   108   108 I KERNEL  : E0 
03-13 05:46:39.869   108   108 I KERNEL  : FF 
03-13 05:46:39.869   108   108 I KERNEL  : FF 
03-13 05:46:39.869   108   108 I KERNEL  : FF 
03-13 05:46:39.869   108   108 I KERNEL  : FF 
03-13 05:46:39.869   108   108 I KERNEL  : FF 
03-13 05:46:39.869   108   108 I KERNEL  : FF 
03-13 05:46:39.869   108   108 I KERNEL  : FF 
03-13 05:46:39.869   108   108 I KERNEL  : FF 
03-13 05:46:39.869   108   108 I KERNEL  : FF 
03-13 05:46:39.869   108   108 I KERNEL  : FF 
03-13 05:46:39.879   108   108 I KERNEL  : 
03-13 05:46:39.879   108   108 I KERNEL  : [   12.215925] FF 
03-13 05:46:39.879   108   108 I KERNEL  : FF 
03-13 05:46:39.879   108   108 I KERNEL  : FF 
03-13 05:46:39.879   108   108 I KERNEL  : FF 
03-13 05:46:39.879   108   108 I KERNEL  : FF 
03-13 05:46:39.879   108   108 I KERNEL  : FF 
03-13 05:46:39.879   108   108 I KERNEL  : FF 
03-13 05:46:39.879   108   108 I KERNEL  : FF 
03-13 05:46:39.879   108   108 I KERNEL  : FF 
03-13 05:46:39.879   108   108 I KERNEL  : FF 
03-13 05:46:39.879   108   108 I KERNEL  : FF 
03-13 05:46:39.879   108   108 I KERNEL  : FF 
03-13 05:46:39.879   108   108 I KERNEL  : FF 
03-13 05:46:39.879   108   108 I KERNEL  : FF 
03-13 05:46:39.879   108   108 I KERNEL  : FF 
03-13 05:46:39.879   108   108 I KERNEL  : FF 
03-13 05:46:39.879   108   108 I KERNEL  : 
03-13 05:46:39.879   108   108 I KERNEL  : [   12.223441] FF 
03-13 05:46:39.879   108   108 I KERNEL  : FF 
03-13 05:46:39.889   108   108 I KERNEL  : FF 
03-13 05:46:39.889   108   108 I KERNEL  : FF 
03-13 05:46:39.889   108   108 I KERNEL  : FF 
03-13 05:46:39.889   108   108 I KERNEL  : FF 
03-13 05:46:39.889   108   108 I KERNEL  : FF 
03-13 05:46:39.889   108   108 I KERNEL  : FF 
03-13 05:46:39.889   108   108 I KERNEL  : FF 
03-13 05:46:39.889   108   108 I KERNEL  : FF 
03-13 05:46:39.889   108   108 I KERNEL  : FF 
03-13 05:46:39.889   108   108 I KERNEL  : FF 
03-13 05:46:39.889   108   108 I KERNEL  : FF 
03-13 05:46:39.889   108   108 I KERNEL  : FF 
03-13 05:46:39.889   108   108 I KERNEL  : FF 
03-13 05:46:39.889   108   108 I KERNEL  : FF 
03-13 05:46:39.889   108   108 I KERNEL  : 
03-13 05:46:39.889   108   108 I KERNEL  : [   12.231023] FF 
03-13 05:46:39.889   108   108 I KERNEL  : FF 
03-13 05:46:39.889   108   108 I KERNEL  : FF 
03-13 05:46:39.889   108   108 I KERNEL  : FF 
03-13 05:46:39.889   108   108 I KERNEL  : FF 
03-13 05:46:39.889   108   108 I KERNEL  : FF 
03-13 05:46:39.889   108   108 I KERNEL  : FF 
03-13 05:46:39.889   108   108 I KERNEL  : FF 
03-13 05:46:39.889   108   108 I KERNEL  : FF 
03-13 05:46:39.899   108   108 I KERNEL  : FF 
03-13 05:46:39.899   108   108 I KERNEL  : FF 
03-13 05:46:39.899   108   108 I KERNEL  : FF 
03-13 05:46:39.899   108   108 I KERNEL  : FF 
03-13 05:46:39.899   108   108 I KERNEL  : FF 
03-13 05:46:39.899   108   108 I KERNEL  : FF 
03-13 05:46:39.899   108   108 I KERNEL  : FF 
03-13 05:46:39.899   108   108 I KERNEL  : 
03-13 05:46:39.899   108   108 I KERNEL  : [   12.238539] FF 
03-13 05:46:39.899   108   108 I KERNEL  : FF 
03-13 05:46:39.899   108   108 I KERNEL  : FF 
03-13 05:46:39.899   108   108 I KERNEL  : FF 
03-13 05:46:39.899   108   108 I KERNEL  : FF 
03-13 05:46:39.899   108   108 I KERNEL  : FF 
03-13 05:46:39.899   108   108 I KERNEL  : FF 
03-13 05:46:39.899   108   108 I KERNEL  : FF 
03-13 05:46:39.899   108   108 I KERNEL  : FF 
03-13 05:46:39.899   108   108 I KERNEL  : FF 
03-13 05:46:39.899   108   108 I KERNEL  : FF 
03-13 05:46:39.899   108   108 I KERNEL  : FF 
03-13 05:46:39.899   108   108 I KERNEL  : FF 
03-13 05:46:39.899   108   108 I KERNEL  : FF 
03-13 05:46:39.899   108   108 I KERNEL  : FF 
03-13 05:46:39.899   108   108 I KERNEL  : FF 
03-13 05:46:39.909   108   108 I KERNEL  : 
03-13 05:46:39.909   108   108 I KERNEL  : [   12.246090] FF 
03-13 05:46:39.909   108   108 I KERNEL  : FF 
03-13 05:46:39.909   108   108 I KERNEL  : FF 
03-13 05:46:39.909   108   108 I KERNEL  : FF 
03-13 05:46:39.909   108   108 I KERNEL  : FF 
03-13 05:46:39.909   108   108 I KERNEL  : FF 
03-13 05:46:39.909   108   108 I KERNEL  : FF 
03-13 05:46:39.909   108   108 I KERNEL  : FF 
03-13 05:46:39.909   108   108 I KERNEL  : FF 
03-13 05:46:39.909   108   108 I KERNEL  : FF 
03-13 05:46:39.909   108   108 I KERNEL  : FF 
03-13 05:46:39.909   108   108 I KERNEL  : FF 
03-13 05:46:39.909   108   108 I KERNEL  : FF 
03-13 05:46:39.909   108   108 I KERNEL  : FF 
03-13 05:46:39.909   108   108 I KERNEL  : FF 
03-13 05:46:39.909   108   108 I KERNEL  : FF 
03-13 05:46:39.909   108   108 I KERNEL  : 
03-13 05:46:39.909   108   108 I KERNEL  : [   12.253604] FF 
03-13 05:46:39.909   108   108 I KERNEL  : FF 
03-13 05:46:39.919   108   108 I KERNEL  : FF 
03-13 05:46:39.919   108   108 I KERNEL  : FF 
03-13 05:46:39.919   108   108 I KERNEL  : FF 
03-13 05:46:39.919   108   108 I KERNEL  : FF 
03-13 05:46:39.919   108   108 I KERNEL  : FF 
03-13 05:46:39.919   108   108 I KERNEL  : FF 
03-13 05:46:39.919   108   108 I KERNEL  : FF 
03-13 05:46:39.919   108   108 I KERNEL  : FF 
03-13 05:46:39.919   108   108 I KERNEL  : FF 
03-13 05:46:39.919   108   108 I KERNEL  : FF 
03-13 05:46:39.919   108   108 I KERNEL  : FF 
03-13 05:46:39.919   108   108 I KERNEL  : FF 
03-13 05:46:39.919   108   108 I KERNEL  : FF 
03-13 05:46:39.919   108   108 I KERNEL  : FF 
03-13 05:46:39.919   108   108 I KERNEL  : 
03-13 05:46:39.919   108   108 I KERNEL  : [   12.261167] FF 
03-13 05:46:39.919   108   108 I KERNEL  : FF 
03-13 05:46:39.919   108   108 I KERNEL  : FF 
03-13 05:46:39.919   108   108 I KERNEL  : FF 
03-13 05:46:39.919   108   108 I KERNEL  : FF 
03-13 05:46:39.919   108   108 I KERNEL  : FF 
03-13 05:46:39.919   108   108 I KERNEL  : FF 
03-13 05:46:39.919   108   108 I KERNEL  : FF 
03-13 05:46:39.919   108   108 I KERNEL  : 20 
03-13 05:46:39.929   108   108 I KERNEL  : 2E 
03-13 05:46:39.929   108   108 I KERNEL  : 23 
03-13 05:46:39.929   108   108 I KERNEL  : 00 
03-13 05:46:39.929   108   108 I KERNEL  : 33 
03-13 05:46:39.929   108   108 I KERNEL  : 88 
03-13 05:46:39.929   108   108 I KERNEL  : FF 
03-13 05:46:39.929   108   108 I KERNEL  : FF 
03-13 05:46:39.929   108   108 I KERNEL  : 
03-13 05:46:39.929   108   108 I KERNEL  : [   12.268704] FF 
03-13 05:46:39.929   108   108 I KERNEL  : 29 
03-13 05:46:39.929   108   108 I KERNEL  : 20 
03-13 05:46:39.929   108   108 I KERNEL  : 11 
03-13 05:46:39.929   108   108 I KERNEL  : 00 
03-13 05:46:39.929   108   108 I KERNEL  : 00 
03-13 05:46:39.929   108   108 I KERNEL  : 00 
03-13 05:46:39.929   108   108 I KERNEL  : FF 
03-13 05:46:39.929   108   108 I KERNEL  : 00 
03-13 05:46:39.929   108   108 I KERNEL  : FF 
03-13 05:46:39.929   108   108 I KERNEL  : 12 
03-13 05:46:39.929   108   108 I KERNEL  : FF 
03-13 05:46:39.929   108   108 I KERNEL  : FF 
03-13 05:46:39.929   108   108 I KERNEL  : FF 
03-13 05:46:39.939   108   108 I KERNEL  : FF 
03-13 05:46:39.939   108   108 I KERNEL  : FF 
03-13 05:46:39.939   108   108 I KERNEL  : 
03-13 05:46:39.939   108   108 I KERNEL  : [   12.276696] 3E 
03-13 05:46:39.939   108   108 I KERNEL  : 10 
03-13 05:46:39.939   108   108 I KERNEL  : 01 
03-13 05:46:39.939   108   108 I KERNEL  : 02 
03-13 05:46:39.939   108   108 I KERNEL  : 23 
03-13 05:46:39.939   108   108 I KERNEL  : 00 
03-13 05:46:39.939   108   108 I KERNEL  : 00 
03-13 05:46:39.939   108   108 I KERNEL  : FF 
03-13 05:46:39.939   108   108 I KERNEL  : 20 
03-13 05:46:39.939   108   108 I KERNEL  : 04 
03-13 05:46:39.939   108   108 I KERNEL  : 4C 
03-13 05:46:39.939   108   108 I KERNEL  : 02 
03-13 05:46:39.939   108   108 I KERNEL  : 23 
03-13 05:46:39.939   108   108 I KERNEL  : B7 
03-13 05:46:39.939   108   108 I KERNEL  : 21 
03-13 05:46:39.939   108   108 I KERNEL  : 02 
03-13 05:46:39.949   108   108 I KERNEL  : 
03-13 05:46:39.949   108   108 I KERNEL  : [   12.286030] 0C 
03-13 05:46:39.949   108   108 I KERNEL  : 00 
03-13 05:46:39.949   108   108 I KERNEL  : 22 
03-13 05:46:39.949   108   108 I KERNEL  : 04 
03-13 05:46:39.949   108   108 I KERNEL  : 00 
03-13 05:46:39.949   108   108 I KERNEL  : 08 
03-13 05:46:39.949   108   108 I KERNEL  : 00 
03-13 05:46:39.949   108   108 I KERNEL  : 32 
03-13 05:46:39.949   108   108 I KERNEL  : FF 
03-13 05:46:39.949   108   108 I KERNEL  : 21 
03-13 05:46:39.949   108   108 I KERNEL  : 02 
03-13 05:46:39.949   108   108 I KERNEL  : 0C 
03-13 05:46:39.949   108   108 I KERNEL  : 00 
03-13 05:46:39.949   108   108 I KERNEL  : 22 
03-13 05:46:39.949   108   108 I KERNEL  : 2A 
03-13 05:46:39.949   108   108 I KERNEL  : 01 
03-13 05:46:39.949   108   108 I KERNEL  : 
03-13 05:46:39.949   108   108 I KERNEL  : [   12.295340] 01 
03-13 05:46:39.959   108   108 I KERNEL  : 00 
03-13 05:46:39.959   108   108 I KERNEL  : 00 
03-13 05:46:39.959   108   108 I KERNEL  : 00 
03-13 05:46:39.959   108   108 I KERNEL  : 00 
03-13 05:46:39.959   108   108 I KERNEL  : 00 
03-13 05:46:39.959   108   108 I KERNEL  : 00 
03-13 05:46:39.959   108   108 I KERNEL  : 00 
03-13 05:46:39.959   108   108 I KERNEL  : 00 
03-13 05:46:39.959   108   108 I KERNEL  : 00 
03-13 05:46:39.959   108   108 I KERNEL  : 00 
03-13 05:46:39.959   108   108 I KERNEL  : 00 
03-13 05:46:39.959   108   108 I KERNEL  : 02 
03-13 05:46:39.959   108   108 I KERNEL  : 00 
03-13 05:46:39.959   108   108 I KERNEL  : FF 
03-13 05:46:39.959   108   108 I KERNEL  : FF 
03-13 05:46:39.959   108   108 I KERNEL  : 
03-13 05:46:39.959   108   108 I KERNEL  : [   12.304535] 00 
03-13 05:46:39.969   108   108 I KERNEL  : 00 
03-13 05:46:39.969   108   108 I KERNEL  : 00 
03-13 05:46:39.969   108   108 I KERNEL  : 00 
03-13 05:46:39.969   108   108 I KERNEL  : 00 
03-13 05:46:39.969   108   108 I KERNEL  : 00 
03-13 05:46:39.969   108   108 I KERNEL  : 00 
03-13 05:46:39.969   108   108 I KERNEL  : 00 
03-13 05:46:39.969   108   108 I KERNEL  : 00 
03-13 05:46:39.969   108   108 I KERNEL  : 00 
03-13 05:46:39.969   108   108 I KERNEL  : 00 
03-13 05:46:39.969   108   108 I KERNEL  : 00 
03-13 05:46:39.969   108   108 I KERNEL  : 00 
03-13 05:46:39.969   108   108 I KERNEL  : 00 
03-13 05:46:39.969   108   108 I KERNEL  : 00 
03-13 05:46:39.969   108   108 I KERNEL  : 00 
03-13 05:46:39.969   108   108 I KERNEL  : 
03-13 05:46:39.969   108   108 I KERNEL  : [   12.313833] 00 
03-13 05:46:39.979   108   108 I KERNEL  : EB 
03-13 05:46:39.979   108   108 I KERNEL  : 00 
03-13 05:46:39.979   108   108 I KERNEL  : 6E 
03-13 05:46:39.979   108   108 I KERNEL  : 01 
03-13 05:46:39.979   108   108 I KERNEL  : 00 
03-13 05:46:39.979   108   108 I KERNEL  : 00 
03-13 05:46:39.979   108   108 I KERNEL  : 00 
03-13 05:46:39.979   108   108 I KERNEL  : 00 
03-13 05:46:39.979   108   108 I KERNEL  : FF 
03-13 05:46:39.979   108   108 I KERNEL  : CC 
03-13 05:46:39.979   108   108 I KERNEL  : D2 
03-13 05:46:39.979   108   108 I KERNEL  : 9B 
03-13 05:46:39.979   108   108 I KERNEL  : 31 
03-13 05:46:39.979   108   108 I KERNEL  : 27 
03-13 05:46:39.979   108   108 I KERNEL  : 89 
03-13 05:46:39.979   108   108 I KERNEL  : 
03-13 05:46:39.979   108   108 I KERNEL  : [   12.323092] FF 
03-13 05:46:39.979   108   108 I KERNEL  : FF 
03-13 05:46:39.989   108   108 I KERNEL  : FF 
03-13 05:46:39.989   108   108 I KERNEL  : FF 
03-13 05:46:39.989   108   108 I KERNEL  : FF 
03-13 05:46:39.989   108   108 I KERNEL  : FF 
03-13 05:46:39.989   108   108 I KERNEL  : FF 
03-13 05:46:39.989   108   108 I KERNEL  : FF 
03-13 05:46:39.989   108   108 I KERNEL  : FF 
03-13 05:46:39.989   108   108 I KERNEL  : FF 
03-13 05:46:39.989   108   108 I KERNEL  : FF 
03-13 05:46:39.989   108   108 I KERNEL  : FF 
03-13 05:46:39.989   108   108 I KERNEL  : FF 
03-13 05:46:39.989   108   108 I KERNEL  : FF 
03-13 05:46:39.989   108   108 I KERNEL  : FF 
03-13 05:46:39.989   108   108 I KERNEL  : FF 
03-13 05:46:39.989   108   108 I KERNEL  : 
03-13 05:46:39.989   108   108 I KERNEL  : [   12.332580] FF 
03-13 05:46:39.989   108   108 I KERNEL  : FF 
03-13 05:46:39.989   108   108 I KERNEL  : FF 
03-13 05:46:39.999   108   108 I KERNEL  : FF 
03-13 05:46:39.999   108   108 I KERNEL  : FF 
03-13 05:46:39.999   108   108 I KERNEL  : FF 
03-13 05:46:39.999   108   108 I KERNEL  : FF 
03-13 05:46:39.999   108   108 I KERNEL  : FF 
03-13 05:46:39.999   108   108 I KERNEL  : FF 
03-13 05:46:39.999   108   108 I KERNEL  : FF 
03-13 05:46:39.999   108   108 I KERNEL  : FF 
03-13 05:46:39.999   108   108 I KERNEL  : FF 
03-13 05:46:39.999   108   108 I KERNEL  : FF 
03-13 05:46:39.999   108   108 I KERNEL  : FF 
03-13 05:46:39.999   108   108 I KERNEL  : FF 
03-13 05:46:39.999   108   108 I KERNEL  : FF 
03-13 05:46:39.999   108   108 I KERNEL  : 
03-13 05:46:39.999   108   108 I KERNEL  : [   12.342148] FF 
03-13 05:46:39.999   108   108 I KERNEL  : FF 
03-13 05:46:39.999   108   108 I KERNEL  : FF 
03-13 05:46:39.999   108   108 I KERNEL  : FF 
03-13 05:46:40.009   108   108 I KERNEL  : FF 
03-13 05:46:40.009   108   108 I KERNEL  : FF 
03-13 05:46:40.009   108   108 I KERNEL  : FF 
03-13 05:46:40.009   108   108 I KERNEL  : FF 
03-13 05:46:40.009   108   108 I KERNEL  : FF 
03-13 05:46:40.009   108   108 I KERNEL  : FF 
03-13 05:46:40.009   108   108 I KERNEL  : FF 
03-13 05:46:40.009   108   108 I KERNEL  : FF 
03-13 05:46:40.009   108   108 I KERNEL  : FF 
03-13 05:46:40.009   108   108 I KERNEL  : FF 
03-13 05:46:40.009   108   108 I KERNEL  : FF 
03-13 05:46:40.009   108   108 I KERNEL  : FF 
03-13 05:46:40.009   108   108 I KERNEL  : 
03-13 05:46:40.009   108   108 I KERNEL  : [   12.351749] FF 
03-13 05:46:40.009   108   108 I KERNEL  : FF 
03-13 05:46:40.009   108   108 I KERNEL  : FF 
03-13 05:46:40.009   108   108 I KERNEL  : FF 
03-13 05:46:40.009   108   108 I KERNEL  : FF 
03-13 05:46:40.019   108   108 I KERNEL  : FF 
03-13 05:46:40.019   108   108 I KERNEL  : FF 
03-13 05:46:40.019   108   108 I KERNEL  : FF 
03-13 05:46:40.019   108   108 I KERNEL  : FF 
03-13 05:46:40.019   108   108 I KERNEL  : FF 
03-13 05:46:40.019   108   108 I KERNEL  : FF 
03-13 05:46:40.019   108   108 I KERNEL  : FF 
03-13 05:46:40.019   108   108 I KERNEL  : FF 
03-13 05:46:40.019   108   108 I KERNEL  : FF 
03-13 05:46:40.019   108   108 I KERNEL  : FF 
03-13 05:46:40.019   108   108 I KERNEL  : FF 
03-13 05:46:40.019   108   108 I KERNEL  : 
03-13 05:46:40.019   108   108 I KERNEL  : [   12.361384] FF 
03-13 05:46:40.019   108   108 I KERNEL  : FF 
03-13 05:46:40.019   108   108 I KERNEL  : FF 
03-13 05:46:40.019   108   108 I KERNEL  : FF 
03-13 05:46:40.019   108   108 I KERNEL  : FF 
03-13 05:46:40.029   108   108 I KERNEL  : FF 
03-13 05:46:40.029   108   108 I KERNEL  : FF 
03-13 05:46:40.029   108   108 I KERNEL  : FF 
03-13 05:46:40.029   108   108 I KERNEL  : FF 
03-13 05:46:40.029   108   108 I KERNEL  : FF 
03-13 05:46:40.029   108   108 I KERNEL  : FF 
03-13 05:46:40.029   108   108 I KERNEL  : FF 
03-13 05:46:40.029   108   108 I KERNEL  : FF 
03-13 05:46:40.029   108   108 I KERNEL  : FF 
03-13 05:46:40.029   108   108 I KERNEL  : FF 
03-13 05:46:40.029   108   108 I KERNEL  : FF 
03-13 05:46:40.029   108   108 I KERNEL  : 
03-13 05:46:40.029   108   108 I KERNEL  : [   12.371068] FF 
03-13 05:46:40.029   108   108 I KERNEL  : FF 
03-13 05:46:40.029   108   108 I KERNEL  : FF 
03-13 05:46:40.029   108   108 I KERNEL  : FF 
03-13 05:46:40.029   108   108 I KERNEL  : FF 
03-13 05:46:40.029   108   108 I KERNEL  : FF 
03-13 05:46:40.039   108   108 I KERNEL  : FF 
03-13 05:46:40.039   108   108 I KERNEL  : FF 
03-13 05:46:40.039   108   108 I KERNEL  : FF 
03-13 05:46:40.039   108   108 I KERNEL  : FF 
03-13 05:46:40.039   108   108 I KERNEL  : FF 
03-13 05:46:40.039   108   108 I KERNEL  : FF 
03-13 05:46:40.039   108   108 I KERNEL  : FF 
03-13 05:46:40.039   108   108 I KERNEL  : FF 
03-13 05:46:40.039   108   108 I KERNEL  : FF 
03-13 05:46:40.039   108   108 I KERNEL  : FF 
03-13 05:46:40.039   108   108 I KERNEL  : 
03-13 05:46:40.039   108   108 I KERNEL  : [   12.380582] FF 
03-13 05:46:40.039   108   108 I KERNEL  : FF 
03-13 05:46:40.039   108   108 I KERNEL  : FF 
03-13 05:46:40.039   108   108 I KERNEL  : FF 
03-13 05:46:40.039   108   108 I KERNEL  : FF 
03-13 05:46:40.039   108   108 I KERNEL  : FF 
03-13 05:46:40.039   108   108 I KERNEL  : FF 
03-13 05:46:40.049   108   108 I KERNEL  : FF 
03-13 05:46:40.049   108   108 I KERNEL  : FF 
03-13 05:46:40.049   108   108 I KERNEL  : FF 
03-13 05:46:40.049   108   108 I KERNEL  : FF 
03-13 05:46:40.049   108   108 I KERNEL  : FF 
03-13 05:46:40.049   108   108 I KERNEL  : FF 
03-13 05:46:40.049   108   108 I KERNEL  : FF 
03-13 05:46:40.049   108   108 I KERNEL  : FF 
03-13 05:46:40.049   108   108 I KERNEL  : FF 
03-13 05:46:40.049   108   108 I KERNEL  : 
03-13 05:46:40.049   108   108 I KERNEL  : [   12.390056] FF 
03-13 05:46:40.049   108   108 I KERNEL  : FF 
03-13 05:46:40.049   108   108 I KERNEL  : FF 
03-13 05:46:40.049   108   108 I KERNEL  : FF 
03-13 05:46:40.049   108   108 I KERNEL  : FF 
03-13 05:46:40.049   108   108 I KERNEL  : FF 
03-13 05:46:40.049   108   108 I KERNEL  : FF 
03-13 05:46:40.049   108   108 I KERNEL  : FF 
03-13 05:46:40.059   108   108 I KERNEL  : FF 
03-13 05:46:40.059   108   108 I KERNEL  : FF 
03-13 05:46:40.059   108   108 I KERNEL  : FF 
03-13 05:46:40.059   108   108 I KERNEL  : FF 
03-13 05:46:40.059   108   108 I KERNEL  : FF 
03-13 05:46:40.059   108   108 I KERNEL  : FF 
03-13 05:46:40.059   108   108 I KERNEL  : FF 
03-13 05:46:40.059   108   108 I KERNEL  : FF 
03-13 05:46:40.059   108   108 I KERNEL  : 
03-13 05:46:40.059   108   108 I KERNEL  : [   12.399301] FF 
03-13 05:46:40.059   108   108 I KERNEL  : FF 
03-13 05:46:40.059   108   108 I KERNEL  : FF 
03-13 05:46:40.059   108   108 I KERNEL  : FF 
03-13 05:46:40.059   108   108 I KERNEL  : FF 
03-13 05:46:40.059   108   108 I KERNEL  : FF 
03-13 05:46:40.059   108   108 I KERNEL  : FF 
03-13 05:46:40.059   108   108 I KERNEL  : FF 
03-13 05:46:40.059   108   108 I KERNEL  : FF 
03-13 05:46:40.059   108   108 I KERNEL  : FF 
03-13 05:46:40.069   108   108 I KERNEL  : FF 
03-13 05:46:40.069   108   108 I KERNEL  : FF 
03-13 05:46:40.069   108   108 I KERNEL  : FF 
03-13 05:46:40.069   108   108 I KERNEL  : FF 
03-13 05:46:40.069   108   108 I KERNEL  : FF 
03-13 05:46:40.069   108   108 I KERNEL  : FF 
03-13 05:46:40.069   108   108 I KERNEL  : 
03-13 05:46:40.069   108   108 I KERNEL  : [   12.408960] FF 
03-13 05:46:40.069   108   108 I KERNEL  : FF 
03-13 05:46:40.069   108   108 I KERNEL  : FF 
03-13 05:46:40.069   108   108 I KERNEL  : FF 
03-13 05:46:40.069   108   108 I KERNEL  : FF 
03-13 05:46:40.069   108   108 I KERNEL  : FF 
03-13 05:46:40.069   108   108 I KERNEL  : FF 
03-13 05:46:40.069   108   108 I KERNEL  : FF 
03-13 05:46:40.069   108   108 I KERNEL  : FF 
03-13 05:46:40.069   108   108 I KERNEL  : FF 
03-13 05:46:40.069   108   108 I KERNEL  : FF 
03-13 05:46:40.079   108   108 I KERNEL  : FF 
03-13 05:46:40.079   108   108 I KERNEL  : FF 
03-13 05:46:40.079   108   108 I KERNEL  : FF 
03-13 05:46:40.079   108   108 I KERNEL  : FF 
03-13 05:46:40.079   108   108 I KERNEL  : FF 
03-13 05:46:40.079   108   108 I KERNEL  : 
03-13 05:46:40.079   108   108 I KERNEL  : [   12.418417] FF 
03-13 05:46:40.079   108   108 I KERNEL  : FF 
03-13 05:46:40.079   108   108 I KERNEL  : FF 
03-13 05:46:40.079   108   108 I KERNEL  : FF 
03-13 05:46:40.079   108   108 I KERNEL  : FF 
03-13 05:46:40.079   108   108 I KERNEL  : FF 
03-13 05:46:40.079   108   108 I KERNEL  : FF 
03-13 05:46:40.079   108   108 I KERNEL  : FF 
03-13 05:46:40.079   108   108 I KERNEL  : FF 
03-13 05:46:40.079   108   108 I KERNEL  : FF 
03-13 05:46:40.079   108   108 I KERNEL  : FF 
03-13 05:46:40.079   108   108 I KERNEL  : FF 
03-13 05:46:40.089   108   108 I KERNEL  : FF 
03-13 05:46:40.089   108   108 I KERNEL  : FF 
03-13 05:46:40.089   108   108 I KERNEL  : FF 
03-13 05:46:40.089   108   108 I KERNEL  : FF 
03-13 05:46:40.089   108   108 I KERNEL  : 
03-13 05:46:40.089   108   108 I KERNEL  : [   12.427790] FF 
03-13 05:46:40.089   108   108 I KERNEL  : FF 
03-13 05:46:40.089   108   108 I KERNEL  : FF 
03-13 05:46:40.089   108   108 I KERNEL  : FF 
03-13 05:46:40.089   108   108 I KERNEL  : FF 
03-13 05:46:40.089   108   108 I KERNEL  : FF 
03-13 05:46:40.089   108   108 I KERNEL  : FF 
03-13 05:46:40.089   108   108 I KERNEL  : FF 
03-13 05:46:40.089   108   108 I KERNEL  : FF 
03-13 05:46:40.089   108   108 I KERNEL  : FF 
03-13 05:46:40.089   108   108 I KERNEL  : FF 
03-13 05:46:40.089   108   108 I KERNEL  : FF 
03-13 05:46:40.089   108   108 I KERNEL  : FF 
03-13 05:46:40.099   108   108 I KERNEL  : FF 
03-13 05:46:40.099   108   108 I KERNEL  : FF 
03-13 05:46:40.099   108   108 I KERNEL  : FF 
03-13 05:46:40.099   108   108 I KERNEL  : 
03-13 05:46:40.099   108   108 I KERNEL  : [   12.437372] FF 
03-13 05:46:40.099   108   108 I KERNEL  : FF 
03-13 05:46:40.099   108   108 I KERNEL  : FF 
03-13 05:46:40.099   108   108 I KERNEL  : FF 
03-13 05:46:40.099   108   108 I KERNEL  : FF 
03-13 05:46:40.099   108   108 I KERNEL  : FF 
03-13 05:46:40.099   108   108 I KERNEL  : FF 
03-13 05:46:40.099   108   108 I KERNEL  : FF 
03-13 05:46:40.099   108   108 I KERNEL  : FF 
03-13 05:46:40.099   108   108 I KERNEL  : FF 
03-13 05:46:40.099   108   108 I KERNEL  : FF 
03-13 05:46:40.099   108   108 I KERNEL  : FF 
03-13 05:46:40.099   108   108 I KERNEL  : FF 
03-13 05:46:40.099   108   108 I KERNEL  : FF 
03-13 05:46:40.109   108   108 I KERNEL  : FF 
03-13 05:46:40.109   108   108 I KERNEL  : FF 
03-13 05:46:40.109   108   108 I KERNEL  : 
03-13 05:46:40.109   108   108 I KERNEL  : [   12.447439] FF 
03-13 05:46:40.109   108   108 I KERNEL  : FF 
03-13 05:46:40.109   108   108 I KERNEL  : FF 
03-13 05:46:40.109   108   108 I KERNEL  : FF 
03-13 05:46:40.109   108   108 I KERNEL  : FF 
03-13 05:46:40.109   108   108 I KERNEL  : FF 
03-13 05:46:40.109   108   108 I KERNEL  : FF 
03-13 05:46:40.109   108   108 I KERNEL  : FF 
03-13 05:46:40.109   108   108 I KERNEL  : FF 
03-13 05:46:40.109   108   108 I KERNEL  : FF 
03-13 05:46:40.109   108   108 I KERNEL  : FF 
03-13 05:46:40.109   108   108 I KERNEL  : FF 
03-13 05:46:40.109   108   108 I KERNEL  : FF 
03-13 05:46:40.109   108   108 I KERNEL  : FF 
03-13 05:46:40.109   108   108 I KERNEL  : FF 
03-13 05:46:40.109   108   108 I KERNEL  : FF 
03-13 05:46:40.109   108   108 I KERNEL  : 
03-13 05:46:40.119   108   108 I KERNEL  : [   12.456352] RTL871X: AutoloadFail =0,
03-13 05:46:40.119   108   108 I KERNEL  : [   12.462575] RTL871X: Adapter->eeprompriv.EEPROMRFGainVal=f0
03-13 05:46:40.129   108   108 I KERNEL  : [   12.468986] RTL871X: EEPRORFGainOffset = 0x29
03-13 05:46:40.129   108   108 I KERNEL  : [   12.474621] RTL871X: <==== _ReadAdapterInfo8723BS in 540 ms
03-13 05:46:40.139   108   108 I KERNEL  : [   12.481042] RTL871X: init_channel_set ChannelPlan ID 20 Chan num:13  
03-13 05:46:40.149   108   108 I KERNEL  : [   12.489064] RTL871X: rtw_register_early_suspend
03-13 05:46:40.149   108   108 I KERNEL  : [   12.494211] RTL871X: Init_ODM_ComInfo_8723b(): fab_ver=0 cut_ver=1
03-13 05:46:40.159   108   108 I KERNEL  : [   12.501517] RTL871X: rtw_macaddr_cfg MAC Address  = cc:d2:9b:31:27:89
03-13 05:46:40.169   108   108 I KERNEL  : [   12.509858] RTL871X: bDriverStopped:1, bSurpriseRemoved:0, bup:0, hw_init_completed:0
03-13 05:46:40.179   108   108 I KERNEL  : [   12.519023] RTL871X: register rtw_netdev_ops to netdev_ops
03-13 05:46:40.189   108   108 I KERNEL  : [   12.525405] RTL871X: register rtw_netdev_if2_ops to netdev_ops
03-13 05:46:40.189   108   108 I KERNEL  : [   12.532233] RTL871X: rtw_wdev_alloc(padapter=f6e99000)
03-13 05:46:40.199   108   108 I KERNEL  : [   12.540230] RTL871X: Chip Version Info: CHIP_8723B_Normal_Chip_TSMC_B_CUT_1T1R_RomVer(0)
03-13 05:46:40.209   108   108 I KERNEL  : [   12.549475] RTL871X: RF_Type is 3!!
03-13 05:46:40.209   108   108 I KERNEL  : [   12.553598] RTL871X: init_channel_set ChannelPlan ID 20 Chan num:13  
03-13 05:46:40.219   108   108 I KERNEL  : [   12.562884] RTL871X: _rtw_drv_register_netdev, MAC Address (if1) = cc:d2:9b:31:27:89
03-13 05:46:40.229   108   108 I KERNEL  : [   12.572938] RTL871X: _rtw_drv_register_netdev, MAC Address (if2) = ce:d2:9b:31:27:89
03-13 05:46:40.239   108   108 I KERNEL  : [   12.582936] vlv_update_irq_type:254. Checkpoint. reg = 0xf4c1c010, value = 0x2403cc01, offset = 15.
03-13 05:46:40.249   108   108 I KERNEL  : [   12.593303] vlv_update_irq_type:254. Checkpoint. reg = 0xf4c1c010, value = 0x2403cc01, offset = 15.
03-13 05:46:40.259   108   108 I KERNEL  : [   12.603972] RTL871X: allocate gpio irq 401 ok
03-13 05:46:40.269   108   108 I KERNEL  : [   12.609063] RTL871X: module init ret=0
03-13 05:46:40.469   108   108 I KERNEL  : [   12.806181] vlv_gpio_to_irq:414. 0x00000182, offset = 0x00000011.
03-13 05:46:40.469   108   108 I KERNEL  : [   12.813193] vlv_update_irq_type:254. Checkpoint. reg = 0xf4c1c0a0, value = 0x2203cc01, offset = 17.
03-13 05:46:40.479   108   108 I KERNEL  : [   12.823401] vlv_update_irq_type:254. Checkpoint. reg = 0xf4c1c0a0, value = 0x2203cc01, offset = 17.
03-13 05:46:40.499     1     1 I KERNEL  : [   12.843917] init: cannot open '/initlogo.rle'
03-13 05:46:40.649     1     1 I KERNEL  : [   12.985431] had: ******** HAD DRIVER loading.. Ver: 0.01.003
03-13 05:46:40.649     1     1 I KERNEL  : [   12.992469] [drm] mid_hdmi_audio_register: Scheduling HDMI audio work queue
03-13 05:46:40.689     1     1 I KERNEL  : [   13.025500] [TTM] Zone  kernel: Available graphics memory: 395268 kiB
03-13 05:46:40.689     1     1 I KERNEL  : [   13.032813] [TTM] Zone highmem: Available graphics memory: 446888 kiB
03-13 05:46:40.709     1     1 I KERNEL  : [   13.040091] [TTM] Initializing pool allocator
03-13 05:46:40.709     1     1 I KERNEL  : [   13.045320] [drm] vxd_driver_load 3, i915_dev_priv->regs is 0xf7c00000.
03-13 05:46:40.709     1     1 I KERNEL  : [   13.053045] [drm] 0 MSVDX_CORE_REV_OFFSET value is 0xffffffff.
03-13 05:46:40.729     1     1 I KERNEL  : [   13.059687] [drm] 1 MSVDX_CORE_REV_OFFSET value is 0xffffffff.
03-13 05:46:40.729     1     1 I KERNEL  : [   13.066640] MSVDX: core id	303dfdf
03-13 05:46:40.729     1     1 I KERNEL  : [   13.070547] MSVDX: core rev	50106
03-13 05:46:40.899   113   113 I KERNEL  : [   13.240140] EXT4-fs (mmcblk0p9): mounted filesystem with ordered data mode. Opts: (null)
03-13 05:46:40.919   113   113 I KERNEL  : [   13.255756] EXT4-fs (mmcblk0p7): mounted filesystem with ordered data mode. Opts: nomblk_io_submit,errors=remount-ro
03-13 05:46:41.009   113   113 I KERNEL  : [   13.344661] fs_mgr: Running /system/bin/e2fsck on /dev/block/mmcblk0p7
03-13 05:46:41.099   118   118 I KERNEL  : [   13.442698] e2fsck used greatest stack depth: 6256 bytes left
03-13 05:46:41.119   113   113 I KERNEL  : [   13.456526] EXT4-fs (mmcblk0p7): mounted filesystem with ordered data mode. Opts: barrier=1,data=ordered
03-13 05:46:41.129   113   113 I KERNEL  : [   13.472488] EXT4-fs (mmcblk0p6): mounted filesystem with ordered data mode. Opts: barrier=1,data=ordered
03-13 05:46:41.149   113   113 I KERNEL  : [   13.490246] EXT4-fs (mmcblk0p10): mounted filesystem with ordered data mode. Opts: nomblk_io_submit,errors=remount-ro
03-13 05:46:41.239   113   113 I KERNEL  : [   13.574580] fs_mgr: Running /system/bin/e2fsck on /dev/block/mmcblk0p10
03-13 05:46:41.309   113   113 I KERNEL  : [   13.652869] EXT4-fs (mmcblk0p10): mounted filesystem with ordered data mode. Opts: barrier=1,data=ordered,noauto_da_alloc
03-13 05:46:41.329   113   113 I KERNEL  : [   13.672523] EXT4-fs (mmcblk0p8): ext4_orphan_cleanup: deleting unreferenced inode 12
03-13 05:46:41.339   113   113 I KERNEL  : [   13.682817] EXT4-fs (mmcblk0p8): 1 orphan inode deleted
03-13 05:46:41.349   113   113 I KERNEL  : [   13.688824] EXT4-fs (mmcblk0p8): recovery complete
03-13 05:46:41.359   113   113 I KERNEL  : [   13.703145] EXT4-fs (mmcblk0p8): mounted filesystem with ordered data mode. Opts: barrier=1,data=ordered
03-13 05:46:41.379   113   113 I KERNEL  : [   13.715522] EXT4-fs (mmcblk0p4): VFS: Can't find ext4 filesystem
03-13 05:46:41.399   105   105 I KERNEL  : [   13.741941] <<-GTP-ERROR->> Don't meet the third condition.
03-13 05:46:41.409   105   105 I KERNEL  : [   13.748632] <<-GTP-ERROR->> [update_proc]Check *.bin file fail.
03-13 05:46:41.429   113   113 I KERNEL  : [   13.764414] init used greatest stack depth: 6124 bytes left
03-13 05:46:41.469     1     1 I KERNEL  : [   13.807956] init: cannot find '/system/bin/fg_conf', disabling 'fg_conf'
--------- beginning of /dev/log/main
03-13 05:46:41.479   130   130 V bd_prov : Retrieving BD address...
03-13 05:46:41.499     1     1 I KERNEL  : [   13.835564] init: cannot find '/system/vendor/bin/pvrsrvctl', disabling 'pvrsrvctl'
03-13 05:46:41.509     1     1 I KERNEL  : [   13.844401] init: cannot find '/system/bin/ct_monitor', disabling 'ct_monitor'
03-13 05:46:41.519     1     1 I KERNEL  : [   13.853501] init: cannot find '/system/etc/install-recovery.sh', disabling 'flash_recovery'
03-13 05:46:41.529   130   130 E bd_prov : Error retrieving BD address, error -805306373
03-13 05:46:41.529   130   130 E bd_prov : No chaabi BD address
03-13 05:46:41.529     1     1 I KERNEL  : [   13.863541] init: cannot find '/system/bin/sensorhubd', disabling 'sensorhubd'
03-13 05:46:41.539     1     1 I KERNEL  : [   13.875511] init: cannot find '/system/bin/wlan_prov', disabling 'wlan_prov'
03-13 05:46:41.549     1     1 I KERNEL  : [   13.883838] init: sys_prop: unable to set read only property ro.bt.bdaddr_path
03-13 05:46:41.579   140   140 I installd: installd firing up
03-13 05:46:41.619   138   138 I DEBUG   : debuggerd: Mar 13 2014 10:40:35
03-13 05:46:41.629     1     1 I KERNEL  : [   13.964776] init: cannot find '/system/bin/pytimechart-record', disabling 'profile1_init'
03-13 05:46:41.639     1     1 I KERNEL  : [   13.978063] vlv_gpio_to_irq:414. 0x00000100, offset = 0x0000004a.
03-13 05:46:41.649   141   141 I keystore: uid: 1000 action: s -> 1 state: 3 -> 3 retry: 4
03-13 05:46:41.649     1     1 I KERNEL  : [   13.987808] mtp_bind_config
03-13 05:46:41.649     1     1 I KERNEL  : [   13.991077] adb_bind_config
03-13 05:46:41.659     1     1 I KERNEL  : [   13.994291] adb mode
03-13 05:46:41.679    99    99 I KERNEL  : [   14.014072] vlv_gpio_to_irq:414. 0x00000100, offset = 0x0000004a.
03-13 05:46:41.679    99    99 I KERNEL  : [   14.021009] vlv_update_irq_type:254. Checkpoint. reg = 0xf4c18060, value = 0x2603cc80, offset = 74.
03-13 05:46:41.679    99    99 I KERNEL  : [   14.031187] vlv_update_irq_type:254. Checkpoint. reg = 0xf4c18060, value = 0x2603cc80, offset = 74.
03-13 05:46:41.729   154   154 I CRASHLOG: Current crashlog mode is NOMINAL MODE
03-13 05:46:41.729   154   154 I CRASHLOG: Loading specific crashlog config
03-13 05:46:41.729   154   154 D CRASHCONFIG: init_config_file start
03-13 05:46:41.729   154   154 D CRASHCONFIG: file opened
03-13 05:46:41.729   154   154 D CRASHCONFIG: before while
03-13 05:46:41.729   154   154 I CRASHLOG: Check RAM panic: 0
03-13 05:46:41.729   154   154 I CRASHLOG: checking : INOTIFY
--------- beginning of /dev/log/system
03-13 05:46:41.759   132   132 I Vold    : Vold 2.1 (the revenge) firing up
03-13 05:46:41.769   132   132 D Vold    : Volume sdcard_ext state changing -1 (Initializing) -> 0 (No-Media)
03-13 05:46:41.769   132   132 D Vold    : Volume usbcard state changing -1 (Initializing) -> 0 (No-Media)
03-13 05:46:41.769   154   154 I CRASHLOG: phone enter state: normal start.
03-13 05:46:41.779   132   168 D Vold    : Volume sdcard_ext state changing 0 (No-Media) -> 2 (Pending)
03-13 05:46:41.779   132   168 D Vold    : Volume sdcard_ext state changing 2 (Pending) -> 1 (Idle-Unmounted)
03-13 05:46:41.779   150   150 I KERNEL  : [   14.119525] warning: `rild' uses 32-bit capabilities (legacy support in use)
--------- beginning of /dev/log/radio
03-13 05:46:41.799   150   150 D RIL_USI : RIL_Init() entering...
03-13 05:46:41.799   150   150 D RIL_USI : RIL_Init() Opening tty device /dev/ttyUSB1
03-13 05:46:41.799   150   150 D RIL_USI : RIL_Init() Network interface was not supplied, falling back on usb0!
03-13 05:46:41.799   150   150 E RILC    : RIL_register: RIL version 7
03-13 05:46:41.799   150   150 D RILC    : Gettting socket 'rild
03-13 05:46:41.799   150   173 I RIL_USI : No usi.modem.ctrl.requested
03-13 05:46:41.799   150   173 I RIL_USI : UG Android 4.1 RIL Daemon version: UG una-ril 4.1.1.0-alpha Jan 21 2014 11:04:04
03-13 05:46:41.799   150   173 I RIL_USI : queueRunner() starting!
03-13 05:46:41.799   150   173 E RIL_USI : queueRunner() Failed to open AT channel /dev/ttyUSB1 (No such file or directory), retrying in 1.
03-13 05:46:41.799   150   173 I RIL_USI : setRadioState() oldState=RADIO_STATE_UNAVAILABLE newState=RADIO_STATE_OFF
03-13 05:46:41.819   149   149 E LIBGSMGR: gsm_get_pci_info - Unknown PCH family device ID - 0xf1c
03-13 05:46:41.819   149   149 E LIBGSMGR: GetStartCapOffset - Capability Lists are not supported by PCI device 0,0,0
03-13 05:46:41.819   149   149 E LIBGSMGR: gsm_get_pci_info - Unknown PCH family device ID - 0xf1c
03-13 05:46:41.819   149   149 E LIBGSMGR: GetStartCapOffset - Capability Lists are not supported by PCI device 0,0,0
03-13 05:46:41.819   149   149 I KERNEL  : [   14.161117] 
03-13 05:46:41.829   149   149 I KERNEL  : [   14.161121] [bug 98]: drm_crtc_helper_set_config is entered.
03-13 05:46:41.829   149   149 I KERNEL  : [   14.169383] 
03-13 05:46:41.829   149   149 I KERNEL  : [   14.169385] [bug 98]: drm_crtc_helper_set_config [CRTC:3] [FB:18] #connectors=1 (x y) (0 0)
03-13 05:46:41.839   149   149 I KERNEL  : [   14.180602] 
03-13 05:46:41.839   149   149 I KERNEL  : [   14.180604] [bug 98]: drm_crtc_helper_set_config [CONNECTOR:10:MIPI-1] to [CRTC:3]
03-13 05:46:41.849   149   149 I KERNEL  : [   14.181455] adb_open
03-13 05:46:41.859   149   149 I KERNEL  : [   14.193431] 
03-13 05:46:41.859   149   149 I KERNEL  : [   14.193434] [bug 98]: drm_crtc_helper_set_config is entered.
03-13 05:46:41.859   149   149 I KERNEL  : [   14.201599] 
03-13 05:46:41.869   149   149 I KERNEL  : [   14.201600] [bug 98]: drm_crtc_helper_set_config [CRTC:6] [NOFB]
03-13 05:46:41.869   149   149 I KERNEL  : [   14.210190] 
03-13 05:46:41.869   149   149 I KERNEL  : [   14.210192] [bug 98]: drm_helper_disable_unused_functions is called.
03-13 05:46:41.879   149   149 I KERNEL  : [   14.219256] 
03-13 05:46:41.879   149   149 I KERNEL  : [   14.219267] [bug 98]: drm_crtc_helper_set_config is entered.
03-13 05:46:41.889   149   149 I KERNEL  : [   14.227540] 
03-13 05:46:41.889   149   149 I KERNEL  : [   14.227543] [bug 98]: drm_crtc_helper_set_config [CRTC:3] [FB:18] #connectors=1 (x y) (0 0)
03-13 05:46:41.909   149   149 I KERNEL  : [   14.238768] 
03-13 05:46:41.909   149   149 I KERNEL  : [   14.238769] [bug 98]: drm_crtc_helper_set_config [CONNECTOR:10:MIPI-1] to [CRTC:3]
03-13 05:46:41.919   149   149 I KERNEL  : [   14.249057] 
03-13 05:46:41.919   149   149 I KERNEL  : [   14.249059] [bug 98]: drm_crtc_helper_set_config is entered.
03-13 05:46:41.919   149   149 I KERNEL  : [   14.257253] 
03-13 05:46:41.919   149   149 I KERNEL  : [   14.257255] [bug 98]: drm_crtc_helper_set_config [CRTC:6] [NOFB]
03-13 05:46:41.929   149   149 I KERNEL  : [   14.265834] 
03-13 05:46:41.929   149   149 I KERNEL  : [   14.265837] [bug 98]: drm_helper_disable_unused_functions is called.
03-13 05:46:41.939   137   137 I Netd    : Netd 1.0 starting
03-13 05:46:41.939   137   137 W InterfaceController: Warning (Cannot load library: load_library(linker.cpp:745): library "/system/lib/libnetcmdiface.so" not found) while opening the net interface command library
03-13 05:46:41.959   149   149 D COREU   : CoreU service is now running
03-13 05:46:41.959   154   154 E CRASHLOG: read_startupreason: no reason in cmdline : console=ttyS0,115200 console=logk0 earlyprintk=nologger loglevel=8 drm.debug=0x0 kmemleak=off ptrace.ptrace_can_access=1 emmc_ipanic.ipanic_part_number=3 androidboot.bootmedia=sdcard androidboot.hardware=byt_t_ffrd10 androidboot.spid=0000:0000:0000:0007:0000:0003 androidboot.serialno=BaytrailTeMMCb2b7a20343          oops=panic panic=40 nmi_watchdog=panic softlockup_panic=1 vmalloc=172M vga=current i915.modeset=1 drm.vblankoffdelay=1 acpi_backlight=vendor i915.psr_support=0 i915.mipi_panel_id=10 androidboot 
03-13 05:46:41.999   143   143 I SurfaceFlinger: SurfaceFlinger is starting
03-13 05:46:41.999   143   184 I SurfaceFlinger: SurfaceFlinger's main thread ready to run. Initializing graphics H/W...
03-13 05:46:42.029   143   184 D libEGL  : loaded /system/lib/egl/libGLES_intel7.so
03-13 05:46:42.069   143   184 I ivpg-hwinfo: Device ID = 0F31
03-13 05:46:42.069   143   184 I ivpg-hwinfo: KMD PPGTT support = 0
03-13 05:46:42.069   143   184 I ivpg-hwinfo: Processors = 4, Cores = 2
03-13 05:46:42.069   143   184 I ivpg-gralloc: initialized
03-13 05:46:42.089   148   148 D gpsd    : main()
03-13 05:46:42.089   148   148 D gpsd    : argv[0] = '/system/bin/gpsd'
03-13 05:46:42.089   148   148 D gpsd    : argv[1] = '-c'
03-13 05:46:42.089   148   148 D gpsd    : argv[2] = '/system/etc/gps.xml'
03-13 05:46:42.099   143   184 I ivpg-gralloc: fb0 device loaded by VPG GRALLOC HAL
03-13 05:46:42.099    83    83 I KERNEL  : [   14.436478] SDP
03-13 05:46:42.099    83    83 I KERNEL  : [   14.438569] Connected inlmt=100
03-13 05:46:42.099    72    72 I KERNEL  : [   14.442194] bq24192 1-006b: bq24192_enable_charger:1173 1
03-13 05:46:42.109    72    72 I KERNEL  : [   14.448438] bq24192 1-006b: enable charging = 1
03-13 05:46:42.119     4     4 I KERNEL  : [   14.461130] bq24192 1-006b: bq24192_task_worker
03-13 05:46:42.129    72    72 I KERNEL  : [   14.466708] bq24192 1-006b: bq24192_set_inlmt:1202 100
03-13 05:46:42.139    72    72 I KERNEL  : [   14.475014] bq24192 1-006b: bq24192_set_iterm ITERM set for >128mA
03-13 05:46:42.159     4     4 I KERNEL  : 
03-13 05:46:42.159     4     4 I KERNEL  : [   14.497402] bq24192 1-006b: bq24192_clear_hiz
03-13 05:46:42.169     4     4 I KERNEL  : [   14.504570] bq24192 1-006b: Charger is not in Hi-Z
03-13 05:46:42.169    75    75 I KERNEL  : [   14.510335] android_work: sent uevent USB_STATE=CONNECTED
03-13 05:46:42.179    75    75 I KERNEL  : [   14.517048] android_work: sent uevent USB_STATE=DISCONNECTED
03-13 05:46:42.189    75    75 I KERNEL  : [   14.523523] SDP
03-13 05:46:42.189    75    75 I KERNEL  : [   14.525551] Connected inlmt=100
03-13 05:46:42.189     4     4 I KERNEL  : [   14.530764] bq24192 1-006b: vbatt = 3940
03-13 05:46:42.199     4     4 I KERNEL  : [   14.535520] bq24192 1-006b: +bq24192_get_battery_health
03-13 05:46:42.239   143   184 E ivpg-hwc: HwcContext::hook_open
03-13 05:46:42.239   143   184 I ivpg-buffer: Loaded VPG GRALLOC HAL/Intel Corporation
03-13 05:46:42.239   143   184 I ivpg-hwc: composer device opened by VPG HWComposer/Intel Corporation
03-13 05:46:42.239   143   184 I SurfaceFlinger: Using composer version 1.2
03-13 05:46:42.239   143   184 I ivpg-hwc: Hwc Options
03-13 05:46:42.239   143   184 I ivpg-hwc: Option Default                intel.hwc.overlay( 0) = 1
03-13 05:46:42.239   143   184 I ivpg-hwc: Option Default             intel.hwc.overlayrgb( 1) = 1
03-13 05:46:42.239   143   184 I ivpg-hwc: Option Default             intel.hwc.overlayyuv( 2) = 1
03-13 05:46:42.239   143   184 I ivpg-hwc: Option Default        intel.hwc.overlayyuvasrgb( 5) = 0
03-13 05:46:42.239   143   184 I ivpg-hwc: Option Default     intel.hwc.overlaynosrcoffset( 6) = 0
03-13 05:46:42.239   143   184 I ivpg-hwc: Option Default       intel.hwc.overlaynosrccrop( 7) = 0
03-13 05:46:42.239   143   184 I ivpg-hwc: Option Default          intel.hwc.overlayzorder( 3) = 0
03-13 05:46:42.239   143   184 I ivpg-hwc: Option Default        intel.hwc.overlayoversize( 4) = 1
03-13 05:46:42.239   143   184 I ivpg-hwc: Option Default          intel.hwc.forceblanking( 8) = 0
03-13 05:46:42.239   143   184 I ivpg-hwc: Option Default                  intel.hwc.panel( 9) = 1
03-13 05:46:42.239   143   184 I ivpg-hwc: Option Default                   intel.hwc.hdmi(10) = 1
03-13 05:46:42.239   143   184 I ivpg-hwc: Option Default             intel.hwc.panel18bit(11) = 0
03-13 05:46:42.239   143   184 I ivpg-hwc: Option Default            intel.hwc.extendedvpg(16) = 0
03-13 05:46:42.239   143   184 I ivpg-hwc: Option Default            intel.hwc.extendedmcg(17) = 1
03-13 05:46:42.239   143   184 I ivpg-hwc: Option Default        intel.hwc.extendedscaling(18) = 2
03-13 05:46:42.239   143   184 I ivpg-hwc: Option Default       intel.hwc.extendedoverscan(19) = 0
03-13 05:46:42.239   143   184 I ivpg-hwc: Option Default intel.hwc.extendedvsyncmigration(20) = 1
03-13 05:46:42.239   143   184 I ivpg-hwc: Option Default    intel.hwc.extendedfullsuspend(21) = 1
03-13 05:46:42.239   143   184 I ivpg-hwc: Option Default          intel.hwc.cloneoptimize(23) = 1
03-13 05:46:42.239   143   184 I ivpg-hwc: Option Default          intel.hwc.syncframework(24) = 1
03-13 05:46:42.239   143   184 I ivpg-hwc: Option Default             intel.hwc.modechange(32) = 1
03-13 05:46:42.239   143   184 I ivpg-hwc: Option Default      intel.hwc.modedynamicformat(33) = 1
03-13 05:46:42.239   143   184 I ivpg-hwc: Option Default        intel.hwc.modemaindisable(34) = 0
03-13 05:46:42.239   143   184 I ivpg-hwc: Option Default          intel.hwc.protectedcomp(41) = 1
03-13 05:46:42.239   143   184 I ivpg-hwc: Option Default              intel.hwc.smartcomp(42) = 1
03-13 05:46:42.239   143   184 I ivpg-hwc: Option Default            intel.hwc.debugpavpon(51) = 0
03-13 05:46:42.239   143   184 I ivpg-hwc: Option Default     intel.hwc.debugpavpsessionid(52) = 0
03-13 05:46:42.239   143   184 I ivpg-hwc: Option Default      intel.hwc.debugpavpinstance(53) = 0
03-13 05:46:42.239   143   184 I ivpg-hwc: Option Default     intel.hwc.debugpavpcoreready(54) = 0
03-13 05:46:42.239   143   184 I ivpg-hwc: Option Default  intel.hwc.debugpavpcoreinstance(55) = 0
03-13 05:46:42.239   143   184 I ivpg-hwc: Option Default   intel.hwc.idledisplaytimeoutms(64) = 1100
03-13 05:46:42.239   143   184 I ivpg-hwc: Option Default    intel.hwc.idledisplaytimeinms(65) = 700
03-13 05:46:42.239   143   184 I ivpg-hwc: Option Default         intel.hwc.idleoverlayopt(66) = 1
03-13 05:46:42.239   143   184 I libva   : VA-API version 0.34.0
03-13 05:46:42.239   143   184 I libva   : va_getDriverName() returns 0
03-13 05:46:42.239   143   184 I libva   : Trying to open /system/lib/i965_drv_video.so
03-13 05:46:42.249   143   184 I libva   : Found init function __vaDriverInit_0_32
03-13 05:46:42.279    61    61 I KERNEL  : [   14.615100] android_work: sent uevent USB_STATE=CONNECTED
03-13 05:46:42.289     0     0 I KERNEL  : [   14.623043] android_usb gadget: high-speed config #1: android
03-13 05:46:42.289     0     0 I KERNEL  : [   14.629712] SDP
03-13 05:46:42.289     0     0 I KERNEL  : [   14.631737] Connected inlmt=500
03-13 05:46:42.299    61    61 I KERNEL  : [   14.635583] android_work: sent uevent USB_STATE=CONFIGURED
03-13 05:46:42.359   143   184 I libva   : va_openDriver() returns 0
03-13 05:46:42.359   143   184 D MOS     : mm:Mos_InitInterface_Linux called
03-13 05:46:42.389   143   184 D MOS     : mm:Mos_InitInterface_Linux called
03-13 05:46:42.409   143   184 V VPWRAPPER: vpwrapper_create_context: Create Context success: ctx_id=0x70000000, vp_context=0x414ffd70
03-13 05:46:42.409   143   184 I libva   : VA-API version 0.34.0
03-13 05:46:42.409   143   184 I libva   : va_getDriverName() returns 0
03-13 05:46:42.409   143   184 I libva   : Trying to open /system/lib/i965_drv_video.so
03-13 05:46:42.409   143   184 I libva   : Found init function __vaDriverInit_0_32
03-13 05:46:42.409   143   184 I libva   : va_openDriver() returns 0
03-13 05:46:42.409   143   184 D MOS     : mm:Mos_InitInterface_Linux called
03-13 05:46:42.419   143   184 D MOS     : mm:Mos_InitInterface_Linux called
03-13 05:46:42.419   146   146 I mediaserver: ServiceManager: 0x414897a0
03-13 05:46:42.419   146   146 I AudioFlinger: Using default 3000 mSec as standby time.
03-13 05:46:42.419   146   146 E MultiDisplay: MultiDisplayClient::MultiDisplayClient(): Fail to get MultiDisplay service
03-13 05:46:42.419   146   146 E MultiDisplay: int MultiDisplayClient::resetVideoPlayback(): IMDSComposer is null
03-13 05:46:42.419   146   146 I MultiDisplay: MultiDisplayClient::~MultiDisplayClient(): MDSClient is destroyed
03-13 05:46:42.429   146   146 I CameraService: CameraService started (pid=146)
03-13 05:46:42.429   143   184 V VPWRAPPER: vpwrapper_create_context: Create Context success: ctx_id=0x70000001, vp_context=0x42485f60
03-13 05:46:42.429   143   184 D ivpg-hwc: updateTimings 800x1280  800x1280 60Hz Clock:75000  a 8
